###############################################################################
#
# IAR ELF Linker V3.11.1.207 for STM8                     25/Nov/2020  16:21:59
# Copyright 2010-2019 IAR Systems AB.
#
#    Output file  =  .\out\Debug\BLE_MESH_PROJECT.out
#    Map file     =  .\out\Debug\BLE_MESH_PROJECT.map
#    Command line =  
#        -f
#        d:\myfile_yan\BLE-MESH\BLE_MESH_PROJECT\out\Debug\BLE_MESH_PROJECT.lnp
#        (--silent --redirect _Scanf=_ScanfSmall --redirect _Printf=_PrintfTiny
#        --config lnkstm8s103f3.icf --config_def _CSTACK_SIZE=0x0200
#        --config_def _HEAP_SIZE=0x0000 --debug_lib --map
#        .\out\Debug\BLE_MESH_PROJECT.map .\out\Debug\stm8l15x_adc.o
#        .\out\Debug\stm8l15x_aes.o .\out\Debug\stm8l15x_beep.o
#        .\out\Debug\stm8l15x_clk.o .\out\Debug\stm8l15x_comp.o
#        .\out\Debug\stm8l15x_dac.o .\out\Debug\stm8l15x_dma.o
#        .\out\Debug\stm8l15x_exti.o .\out\Debug\stm8l15x_flash.o
#        .\out\Debug\stm8l15x_gpio.o .\out\Debug\stm8l15x_i2c.o
#        .\out\Debug\stm8l15x_irtim.o .\out\Debug\stm8l15x_itc.o
#        .\out\Debug\stm8l15x_iwdg.o .\out\Debug\stm8l15x_lcd.o
#        .\out\Debug\stm8l15x_pwr.o .\out\Debug\stm8l15x_rst.o
#        .\out\Debug\stm8l15x_rtc.o .\out\Debug\stm8l15x_spi.o
#        .\out\Debug\stm8l15x_syscfg.o .\out\Debug\stm8l15x_tim1.o
#        .\out\Debug\stm8l15x_tim2.o .\out\Debug\stm8l15x_tim3.o
#        .\out\Debug\stm8l15x_tim4.o .\out\Debug\stm8l15x_tim5.o
#        .\out\Debug\stm8l15x_usart.o .\out\Debug\stm8l15x_wfe.o
#        .\out\Debug\stm8l15x_wwdg.o .\out\Debug\delay.o .\out\Debug\bsp_conf.o
#        .\out\Debug\main.o .\out\Debug\stm8l15x_it.o .\out\Debug\user_app.o -o
#        .\out\Debug\BLE_MESH_PROJECT.out)
#
###############################################################################

*******************************************************************************
*** RUNTIME MODEL ATTRIBUTES
***

__Heap_Handler             = Basic
__SystemLibrary            = DLib
__code_model               = small
__core                     = stm8
__data_model               = medium
__dlib_file_descriptor     = 1
__dlib_full_locale_support = 1
__rt_version               = 4


*******************************************************************************
*** PLACEMENT SUMMARY
***

"A0":  place at start of [0x000000-0x0000ff] { rw section .vregs };
"A1":  place at end of [0x000000-0x0003ff] { block CSTACK };
"P2":  place in [from 0x000000 to 0x0003ff] {
          block HEAP, rw section __DLIB_PERTHREAD, rw section .far.bss,
          rw section .far.data, rw section .far.noinit,
          rw section .far_func.textrw, rw section .huge.bss,
          rw section .huge.data, rw section .huge.noinit,
          rw section .huge_func.textrw, rw section .iar.dynexit,
          rw section .near.bss, rw section .near.data, rw section .near.noinit,
          rw section .near_func.textrw };
"A2":  place at start of [0x008000-0x009fff] { block INTVEC };
"P3":  place in [from 0x008000 to 0x009fff] {
          ro section __DLIB_PERTHREAD_init, ro section .far.data_init,
          ro section .far_func.textrw_init, ro section .huge.data_init,
          ro section .huge_func.textrw_init, ro section .iar.init_table,
          ro section .init_array, ro section .near.data_init,
          ro section .near.rodata, ro section .near_func.text,
          ro section .near_func.textrw_init, ro section .tiny.data_init,
          ro section .tiny.rodata_init };
"P4":  place in [from 0x008000 to 0x009fff] {
          ro section .far.rodata, ro section .far_func.text };
"P5":  place in [from 0x008000 to 0x009fff] {
          ro section .huge.rodata, ro section .huge_func.text };
do not initialize {
   rw section .eeprom.noinit, rw section .far.noinit, rw section .huge.noinit,
   rw section .near.noinit, rw section .tiny.noinit, rw section .vregs };

No sections matched the following patterns:

  ro section .far.data_init          in "P3-P5"
  ro section .far.rodata             in "P3-P5"
  ro section .far_func.text          in "P3-P5"
  ro section .far_func.textrw_init   in "P3-P5"
  ro section .huge.data_init         in "P3-P5"
  ro section .huge.rodata            in "P3-P5"
  ro section .huge_func.text         in "P3-P5"
  ro section .huge_func.textrw_init  in "P3-P5"
  ro section .iar.init_table         in "P3-P5"
  ro section .init_array             in "P3-P5"
  ro section .near.data_init         in "P3-P5"
  ro section .near_func.textrw_init  in "P3-P5"
  ro section .tiny.data_init         in "P3-P5"
  ro section .tiny.rodata_init       in "P3-P5"
  ro section __DLIB_PERTHREAD_init   in "P3-P5"
  rw section .far.bss                in "P2"
  rw section .far.data               in "P2"
  rw section .far.noinit             in "P2"
  rw section .far_func.textrw        in "P2"
  rw section .huge.bss               in "P2"
  rw section .huge.data              in "P2"
  rw section .huge.noinit            in "P2"
  rw section .huge_func.textrw       in "P2"
  rw section .iar.dynexit            in "P2"
  rw section .near.data              in "P2"
  rw section .near.noinit            in "P2"
  rw section .near_func.textrw       in "P2"
  rw section .tiny.bss               in "P1"
  rw section .tiny.data              in "P1"
  rw section .tiny.noinit            in "P1"
  rw section .tiny.rodata            in "P1"
  rw section __DLIB_PERTHREAD        in "P2"
  section .eeprom.data               in "P6-P8"
  section .eeprom.noinit             in "P6-P8"
  section .eeprom.rodata             in "P6-P8"


  Section          Kind      Address   Size  Object
  -------          ----      -------   ----  ------
"A0":                                  0x10
  .vregs           uninit   0x000000   0x10  vregs.o [4]
                          - 0x000010   0x10

"P2":                                   0x1
  .near.bss        zero     0x000010    0x1  bsp_conf.o [2]
                          - 0x000011    0x1

"A1":                                 0x200
  CSTACK                    0x000200  0x200  <Block>
    CSTACK         uninit   0x000200  0x200  <Block tail>
                          - 0x000400  0x200

"A2":                                  0x80
  INTVEC                    0x008000   0x80  <Block>
    .intvec        const    0x008000   0x80  interrupt.o [4]
                          - 0x008080   0x80

"P3-P5":                              0x993
  .near_func.text  ro code  0x008080  0x11f  stm8l15x_exti.o [2]
  .near_func.text  ro code  0x00819f   0xcf  stm8l15x_usart.o [2]
  .near_func.text  ro code  0x00826e   0xb8  vreg_util.o [4]
  .near_func.text  ro code  0x008326   0xa9  stm8l15x_usart.o [2]
  .near_func.text  ro code  0x0083cf   0xa5  bsp_conf.o [2]
  .near_func.text  ro code  0x008474   0x94  stm8l15x_usart.o [2]
  .near_func.text  ro code  0x008508   0x91  stm8l15x_clk.o [2]
  .near_func.text  ro code  0x008599   0x8e  stm8l15x_clk.o [2]
  .near_func.text  ro code  0x008627   0x8e  stm8l15x_gpio.o [2]
  .near_func.text  ro code  0x0086b5   0x6d  long.o [4]
  .near_func.text  ro code  0x008722   0x4d  bsp_conf.o [2]
  .near_func.text  ro code  0x00876f   0x47  bsp_conf.o [2]
  .near_func.text  ro code  0x0087b6   0x37  stm8l15x_it.o [2]
  .near_func.text  ro code  0x0087ed   0x31  main.o [2]
  .near_func.text  ro code  0x00881e   0x2b  stm8l15x_usart.o [2]
  .near_func.text  ro code  0x008849   0x27  stm8l15x_usart.o [2]
  .near_func.text  ro code  0x008870   0x22  stm8l15x_exti.o [2]
  .iar.init_table  const    0x008892    0x8  - Linker created -
  .near_func.text  ro code  0x00889a   0x1e  init_small.o [4]
  .near_func.text  ro code  0x0088b8   0x1d  delay.o [2]
  .near_func.text  ro code  0x0088d5   0x1c  bsp_conf.o [2]
  .near_func.text  ro code  0x0088f1   0x1c  stm8l15x_it.o [2]
  .near_func.text  ro code  0x00890d   0x1c  stm8l15x_it.o [2]
  .near_func.text  ro code  0x008929   0x1c  long_util.o [4]
  .near_func.text  ro code  0x008945   0x1a  delay.o [2]
  .near_func.text  ro code  0x00895f   0x16  user_app.o [2]
  .near_func.text  ro code  0x008975   0x14  init.o [4]
  .near_func.text  ro code  0x008989   0x14  __dbg_xxexit.o [3]
  .near_func.text  ro code  0x00899d   0x13  cstartup.o [4]
  .near_func.text  ro code  0x0089b0    0xe  stm8l15x_clk.o [2]
  .near_func.text  ro code  0x0089be    0xd  short.o [4]
  .near_func.text  ro code  0x0089cb    0x6  stm8l15x_usart.o [2]
  .near.rodata     const    0x0089d1    0x5  stm8l15x_clk.o [2]
  .near_func.text  ro code  0x0089d6    0x5  stm8l15x_usart.o [2]
  .near_func.text  ro code  0x0089db    0x5  cexit.o [4]
  .near_func.text  ro code  0x0089e0    0x4  stm8l15x_clk.o [2]
  .near_func.text  ro code  0x0089e4    0x4  stm8l15x_clk.o [2]
  .near_func.text  ro code  0x0089e8    0x3  stm8l15x_usart.o [2]
  .near_func.text  ro code  0x0089eb    0x3  interrupt.o [4]
  .near_func.text  ro code  0x0089ee    0x3  low_level_init.o [4]
  .near_func.text  ro code  0x0089f1    0x3  exit.o [4]
  .near_func.text  ro code  0x0089f4    0x3  unhandled_exception.o [4]
  .near_func.text  ro code  0x0089f7    0x1  stm8l15x_it.o [2]
  .near_func.text  ro code  0x0089f8    0x1  stm8l15x_it.o [2]
  .near_func.text  ro code  0x0089f9    0x1  stm8l15x_it.o [2]
  .near_func.text  ro code  0x0089fa    0x1  stm8l15x_it.o [2]
  .near_func.text  ro code  0x0089fb    0x1  stm8l15x_it.o [2]
  .near_func.text  ro code  0x0089fc    0x1  stm8l15x_it.o [2]
  .near_func.text  ro code  0x0089fd    0x1  stm8l15x_it.o [2]
  .near_func.text  ro code  0x0089fe    0x1  stm8l15x_it.o [2]
  .near_func.text  ro code  0x0089ff    0x1  stm8l15x_it.o [2]
  .near_func.text  ro code  0x008a00    0x1  stm8l15x_it.o [2]
  .near_func.text  ro code  0x008a01    0x1  stm8l15x_it.o [2]
  .near_func.text  ro code  0x008a02    0x1  stm8l15x_it.o [2]
  .near_func.text  ro code  0x008a03    0x1  stm8l15x_it.o [2]
  .near_func.text  ro code  0x008a04    0x1  stm8l15x_it.o [2]
  .near_func.text  ro code  0x008a05    0x1  stm8l15x_it.o [2]
  .near_func.text  ro code  0x008a06    0x1  stm8l15x_it.o [2]
  .near_func.text  ro code  0x008a07    0x1  stm8l15x_it.o [2]
  .near_func.text  ro code  0x008a08    0x1  stm8l15x_it.o [2]
  .near_func.text  ro code  0x008a09    0x1  stm8l15x_it.o [2]
  .near_func.text  ro code  0x008a0a    0x1  stm8l15x_it.o [2]
  .near_func.text  ro code  0x008a0b    0x1  stm8l15x_it.o [2]
  .near_func.text  ro code  0x008a0c    0x1  stm8l15x_it.o [2]
  .near_func.text  ro code  0x008a0d    0x1  stm8l15x_it.o [2]
  .near_func.text  ro code  0x008a0e    0x1  stm8l15x_it.o [2]
  .near_func.text  ro code  0x008a0f    0x1  stm8l15x_it.o [2]
  .near_func.text  ro code  0x008a10    0x1  stm8l15x_it.o [2]
  .near_func.text  ro code  0x008a11    0x1  stm8l15x_it.o [2]
  .near_func.text  ro code  0x008a12    0x1  __dbg_break.o [3]
                          - 0x008a13  0x993


*******************************************************************************
*** INIT TABLE
***

          Address   Size
          -------   ----
Zero (__iar_zero_init2)
    1 destination range, total size 0x1:
          0x000010   0x1



*******************************************************************************
*** MODULE SUMMARY
***

    Module                 ro code  ro data  rw data
    ------                 -------  -------  -------
command line: [1]
    ------------------------------------------------
    Total:

d:\myfile_yan\BLE-MESH\BLE_MESH_PROJECT\out\Debug: [2]
    bsp_conf.o                 341                 1
    delay.o                     55
    main.o                      49
    stm8l15x_clk.o             309        5
    stm8l15x_exti.o            321
    stm8l15x_gpio.o            142
    stm8l15x_it.o              138
    stm8l15x_usart.o           620
    user_app.o                  22
    ------------------------------------------------
    Total:                   1 997        5        1

dbgstm8smd.a: [3]
    __dbg_break.o                1
    __dbg_xxexit.o              20
    ------------------------------------------------
    Total:                      21

dlstm8smf.a: [4]
    cexit.o                      5
    cstartup.o                  19
    exit.o                       3
    init.o                      20
    init_small.o                30
    interrupt.o                  3      128
    long.o                     109
    long_util.o                 28
    low_level_init.o             3
    short.o                     13
    unhandled_exception.o        3
    vreg_util.o                184
    vregs.o                                       16
    ------------------------------------------------
    Total:                     420      128       16

    Linker created                        8      512
----------------------------------------------------
    Grand Total:             2 438      141      529


*******************************************************************************
*** ENTRY LIST
***

Entry                    Address   Size  Type      Object
-----                    -------   ----  ----      ------
.iar.init_table$$Base   0x008892          --   Gb  - Linker created -
.iar.init_table$$Limit  0x00889a          --   Gb  - Linker created -
?b0                     0x000000         Data  Gb  vregs.o [4]
?b1                     0x000001         Data  Gb  vregs.o [4]
?b10                    0x00000a         Data  Gb  vregs.o [4]
?b11                    0x00000b         Data  Gb  vregs.o [4]
?b12                    0x00000c         Data  Gb  vregs.o [4]
?b13                    0x00000d         Data  Gb  vregs.o [4]
?b14                    0x00000e         Data  Gb  vregs.o [4]
?b15                    0x00000f         Data  Gb  vregs.o [4]
?b2                     0x000002         Data  Gb  vregs.o [4]
?b3                     0x000003         Data  Gb  vregs.o [4]
?b4                     0x000004         Data  Gb  vregs.o [4]
?b5                     0x000005         Data  Gb  vregs.o [4]
?b6                     0x000006         Data  Gb  vregs.o [4]
?b7                     0x000007         Data  Gb  vregs.o [4]
?b8                     0x000008         Data  Gb  vregs.o [4]
?b9                     0x000009         Data  Gb  vregs.o [4]
?e0                     0x000001         Data  Gb  vregs.o [4]
?e1                     0x000005         Data  Gb  vregs.o [4]
?e2                     0x000009         Data  Gb  vregs.o [4]
?e3                     0x00000d         Data  Gb  vregs.o [4]
?epilogue_l2            0x0082ee         Code  Gb  vreg_util.o [4]
?epilogue_l2_l3         0x0082eb         Code  Gb  vreg_util.o [4]
?l0                     0x000000         Data  Gb  vregs.o [4]
?l1                     0x000004         Data  Gb  vregs.o [4]
?l2                     0x000008         Data  Gb  vregs.o [4]
?l3                     0x00000c         Data  Gb  vregs.o [4]
?load32_l1_0x           0x008939         Code  Gb  long_util.o [4]
?load32_l1_asp          0x00892e         Code  Gb  long_util.o [4]
?load32_l1_dbsp         0x008929         Code  Gb  long_util.o [4]
?load32_l1_xsp          0x008930         Code  Gb  long_util.o [4]
?mov_e0_e2              0x0082f5         Code  Gb  vreg_util.o [4]
?mov_e0_e3              0x008302         Code  Gb  vreg_util.o [4]
?mov_e2_e0              0x00830f         Code  Gb  vreg_util.o [4]
?mov_e3_e0              0x00831c         Code  Gb  vreg_util.o [4]
?mov_l0_l2              0x0082f2         Code  Gb  vreg_util.o [4]
?mov_l0_l3              0x0082ff         Code  Gb  vreg_util.o [4]
?mov_l2_l0              0x00830c         Code  Gb  vreg_util.o [4]
?mov_l3_l0              0x008319         Code  Gb  vreg_util.o [4]
?mov_w1_w5              0x0082f8         Code  Gb  vreg_util.o [4]
?mov_w1_w7              0x008305         Code  Gb  vreg_util.o [4]
?mov_w5_w1              0x008312         Code  Gb  vreg_util.o [4]
?mov_w7_w1              0x00831f         Code  Gb  vreg_util.o [4]
?pop_l0                 0x0082b7         Code  Gb  vreg_util.o [4]
?pop_l1                 0x0082c2         Code  Gb  vreg_util.o [4]
?pop_l2                 0x0082cd         Code  Gb  vreg_util.o [4]
?pop_l3                 0x0082d8         Code  Gb  vreg_util.o [4]
?push_l0                0x008286         Code  Gb  vreg_util.o [4]
?push_l1                0x00828b         Code  Gb  vreg_util.o [4]
?push_l2                0x008290         Code  Gb  vreg_util.o [4]
?push_l3                0x008295         Code  Gb  vreg_util.o [4]
?push_w4                0x00826e         Code  Gb  vreg_util.o [4]
?sll16_x_x_a            0x0089be         Code  Gb  short.o [4]
?srl16_x_x_4            0x0089c6         Code  Gb  short.o [4]
?udiv32_l0_l0_l1        0x0086b5         Code  Gb  long.o [4]
?umod32_l1_l0_l1        0x0086b5         Code  Gb  long.o [4]
?w0                     0x000000         Data  Gb  vregs.o [4]
?w1                     0x000002         Data  Gb  vregs.o [4]
?w2                     0x000004         Data  Gb  vregs.o [4]
?w3                     0x000006         Data  Gb  vregs.o [4]
?w4                     0x000008         Data  Gb  vregs.o [4]
?w5                     0x00000a         Data  Gb  vregs.o [4]
?w6                     0x00000c         Data  Gb  vregs.o [4]
?w7                     0x00000e         Data  Gb  vregs.o [4]
ADC1_COMP_IRQHandler    0x008a07    0x1  Code  Gb  stm8l15x_it.o [2]
CLK_GetClockFreq        0x008508   0x91  Code  Gb  stm8l15x_clk.o [2]
CLK_HSICmd              0x0089b0    0xe  Code  Gb  stm8l15x_clk.o [2]
CLK_PeripheralClockConfig
                        0x008599   0x8e  Code  Gb  stm8l15x_clk.o [2]
CLK_SYSCLKDivConfig     0x0089e4    0x4  Code  Gb  stm8l15x_clk.o [2]
CLK_SYSCLKSourceConfig  0x0089e0    0x4  Code  Gb  stm8l15x_clk.o [2]
CSTACK$$Base            0x000200          --   Gb  - Linker created -
CSTACK$$Limit           0x000400          --   Gb  - Linker created -
DMA1_CHANNEL0_1_IRQHandler
                        0x0089f9    0x1  Code  Gb  stm8l15x_it.o [2]
DMA1_CHANNEL2_3_IRQHandler
                        0x0089fa    0x1  Code  Gb  stm8l15x_it.o [2]
EXTI0_IRQHandler        0x0089fe    0x1  Code  Gb  stm8l15x_it.o [2]
EXTI1_IRQHandler        0x0089ff    0x1  Code  Gb  stm8l15x_it.o [2]
EXTI2_IRQHandler        0x008a00    0x1  Code  Gb  stm8l15x_it.o [2]
EXTI3_IRQHandler        0x008a01    0x1  Code  Gb  stm8l15x_it.o [2]
EXTI4_IRQHandler        0x00890d   0x1c  Code  Gb  stm8l15x_it.o [2]
EXTI5_IRQHandler        0x008a02    0x1  Code  Gb  stm8l15x_it.o [2]
EXTI6_IRQHandler        0x008a03    0x1  Code  Gb  stm8l15x_it.o [2]
EXTI7_IRQHandler        0x008a04    0x1  Code  Gb  stm8l15x_it.o [2]
EXTIB_G_IRQHandler      0x0088f1   0x1c  Code  Gb  stm8l15x_it.o [2]
EXTID_H_IRQHandler      0x0089fd    0x1  Code  Gb  stm8l15x_it.o [2]
EXTIE_F_PVD_IRQHandler  0x0089fc    0x1  Code  Gb  stm8l15x_it.o [2]
EXTI_ClearITPendingBit  0x008870   0x22  Code  Gb  stm8l15x_exti.o [2]
EXTI_SetPinSensitivity  0x008080  0x11f  Code  Gb  stm8l15x_exti.o [2]
FLASH_IRQHandler        0x0089f8    0x1  Code  Gb  stm8l15x_it.o [2]
GPIO_Init               0x008627   0x8e  Code  Gb  stm8l15x_gpio.o [2]
I2C1_SPI2_IRQHandler    0x008a11    0x1  Code  Gb  stm8l15x_it.o [2]
INTVEC$$Base            0x008000          --   Gb  - Linker created -
INTVEC$$Limit           0x008080          --   Gb  - Linker created -
LCD_AES_IRQHandler      0x008a05    0x1  Code  Gb  stm8l15x_it.o [2]
RTC_CSSLSE_IRQHandler   0x0089fb    0x1  Code  Gb  stm8l15x_it.o [2]
Region$$Table$$Base     0x008892          --   Gb  - Linker created -
Region$$Table$$Limit    0x00889a          --   Gb  - Linker created -
SPI1_IRQHandler         0x008a0f    0x1  Code  Gb  stm8l15x_it.o [2]
SWITCH_CSS_BREAK_DAC_IRQHandler
                        0x008a06    0x1  Code  Gb  stm8l15x_it.o [2]
SYSDivFactor            0x0089d1    0x5  Data  Gb  stm8l15x_clk.o [2]
TIM1_CC_IRQHandler      0x008a0d    0x1  Code  Gb  stm8l15x_it.o [2]
TIM1_UPD_OVF_TRG_COM_IRQHandler
                        0x008a0c    0x1  Code  Gb  stm8l15x_it.o [2]
TIM2_CC_USART2_RX_IRQHandler
                        0x008a09    0x1  Code  Gb  stm8l15x_it.o [2]
TIM2_UPD_OVF_TRG_BRK_USART2_TX_IRQHandler
                        0x008a08    0x1  Code  Gb  stm8l15x_it.o [2]
TIM3_CC_USART3_RX_IRQHandler
                        0x008a0b    0x1  Code  Gb  stm8l15x_it.o [2]
TIM3_UPD_OVF_TRG_BRK_USART3_TX_IRQHandler
                        0x008a0a    0x1  Code  Gb  stm8l15x_it.o [2]
TIM4_UPD_OVF_TRG_IRQHandler
                        0x008a0e    0x1  Code  Gb  stm8l15x_it.o [2]
TRAP_IRQHandler         0x0089f7    0x1  Code  Gb  stm8l15x_it.o [2]
USART1_RX_TIM5_CC_IRQHandler
                        0x0087b6   0x37  Code  Gb  stm8l15x_it.o [2]
USART1_TX_TIM5_UPD_OVF_TRG_BRK_IRQHandler
                        0x008a10    0x1  Code  Gb  stm8l15x_it.o [2]
USART_ClearITPendingBit
                        0x0089d6    0x5  Code  Gb  stm8l15x_usart.o [2]
USART_Cmd               0x00881e   0x2b  Code  Gb  stm8l15x_usart.o [2]
USART_DeInit            0x008849   0x27  Code  Gb  stm8l15x_usart.o [2]
USART_GetITStatus       0x008326   0xa9  Code  Gb  stm8l15x_usart.o [2]
USART_ITConfig          0x008474   0x94  Code  Gb  stm8l15x_usart.o [2]
USART_Init              0x00819f   0xcf  Code  Gb  stm8l15x_usart.o [2]
USART_ReceiveData8      0x0089e8    0x3  Code  Gb  stm8l15x_usart.o [2]
USART_SendData8         0x0089cb    0x6  Code  Gb  stm8l15x_usart.o [2]
__DebugBreak            0x008a12    0x1  Code  Gb  __dbg_break.o [3]
__exit                  0x008989   0x14  Code  Gb  __dbg_xxexit.o [3]
__iar_data_init2        0x008975   0x14  Code  Gb  init.o [4]
__iar_program_start     0x00899d         Code  Gb  cstartup.o [4]
__iar_unhandled_exception
                        0x0089f4         Code  Gb  unhandled_exception.o [4]
__iar_zero_init2        0x00889a         Code  Gb  init_small.o [4]
__intvec                0x008000         Data  Gb  interrupt.o [4]
__low_level_init        0x0089ee    0x3  Code  Gb  low_level_init.o [4]
_exit                   0x0089db         Code  Gb  cexit.o [4]
_interrupt_1            0x0089f7         Code  Gb  stm8l15x_it.o [2]
_interrupt_10           0x0089fe         Code  Gb  stm8l15x_it.o [2]
_interrupt_11           0x0089ff         Code  Gb  stm8l15x_it.o [2]
_interrupt_12           0x008a00         Code  Gb  stm8l15x_it.o [2]
_interrupt_13           0x008a01         Code  Gb  stm8l15x_it.o [2]
_interrupt_14           0x00890d         Code  Gb  stm8l15x_it.o [2]
_interrupt_15           0x008a02         Code  Gb  stm8l15x_it.o [2]
_interrupt_16           0x008a03         Code  Gb  stm8l15x_it.o [2]
_interrupt_17           0x008a04         Code  Gb  stm8l15x_it.o [2]
_interrupt_18           0x008a05         Code  Gb  stm8l15x_it.o [2]
_interrupt_19           0x008a06         Code  Gb  stm8l15x_it.o [2]
_interrupt_20           0x008a07         Code  Gb  stm8l15x_it.o [2]
_interrupt_21           0x008a08         Code  Gb  stm8l15x_it.o [2]
_interrupt_22           0x008a09         Code  Gb  stm8l15x_it.o [2]
_interrupt_23           0x008a0a         Code  Gb  stm8l15x_it.o [2]
_interrupt_24           0x008a0b         Code  Gb  stm8l15x_it.o [2]
_interrupt_25           0x008a0c         Code  Gb  stm8l15x_it.o [2]
_interrupt_26           0x008a0d         Code  Gb  stm8l15x_it.o [2]
_interrupt_27           0x008a0e         Code  Gb  stm8l15x_it.o [2]
_interrupt_28           0x008a0f         Code  Gb  stm8l15x_it.o [2]
_interrupt_29           0x008a10         Code  Gb  stm8l15x_it.o [2]
_interrupt_3            0x0089f8         Code  Gb  stm8l15x_it.o [2]
_interrupt_30           0x0087b6         Code  Gb  stm8l15x_it.o [2]
_interrupt_31           0x008a11         Code  Gb  stm8l15x_it.o [2]
_interrupt_4            0x0089f9         Code  Gb  stm8l15x_it.o [2]
_interrupt_5            0x0089fa         Code  Gb  stm8l15x_it.o [2]
_interrupt_6            0x0089fb         Code  Gb  stm8l15x_it.o [2]
_interrupt_7            0x0089fc         Code  Gb  stm8l15x_it.o [2]
_interrupt_8            0x0088f1         Code  Gb  stm8l15x_it.o [2]
_interrupt_9            0x0089fd         Code  Gb  stm8l15x_it.o [2]
bsp_clk_init            0x008722   0x4d  Code  Gb  bsp_conf.o [2]
bsp_gpio_init           0x0083cf   0xa5  Code  Gb  bsp_conf.o [2]
bsp_key_it              0x0088d5   0x1c  Code  Gb  bsp_conf.o [2]
bsp_uart_init           0x00876f   0x47  Code  Gb  bsp_conf.o [2]
delay_ms_1              0x008945   0x1a  Code  Gb  delay.o [2]
delay_us_1              0x0088b8   0x1d  Code  Gb  delay.o [2]
exit                    0x0089f1    0x3  Code  Gb  exit.o [4]
key_flag                0x000010    0x1  Data  Gb  bsp_conf.o [2]
key_led_run             0x00895f   0x16  Code  Gb  user_app.o [2]
main                    0x0087ed   0x31  Code  Gb  main.o [2]


[1] = command line
[2] = d:\myfile_yan\BLE-MESH\BLE_MESH_PROJECT\out\Debug
[3] = dbgstm8smd.a
[4] = dlstm8smf.a

  2 438 bytes of readonly  code memory
    141 bytes of readonly  data memory
    529 bytes of readwrite data memory

Errors: none
Warnings: none
