###############################################################################
#
# IAR ELF Linker V3.11.1.207 for STM8                     28/Nov/2020  15:49:11
# Copyright 2010-2019 IAR Systems AB.
#
#    Output file  =  .\out\Debug\BLE_MESH_PROJECT.out
#    Map file     =  .\out\Debug\BLE_MESH_PROJECT.map
#    Command line =  
#        -f
#        d:\myfile_yan\BLE-MESH\BLE_MESH_PROJECT\out\Debug\BLE_MESH_PROJECT.lnp
#        (--silent --redirect _Scanf=_ScanfSmall --redirect _Printf=_PrintfTiny
#        --config lnkstm8l151k4.icf --config_def _CSTACK_SIZE=0x0200
#        --config_def _HEAP_SIZE=0x0100 --debug_lib --map
#        .\out\Debug\BLE_MESH_PROJECT.map .\out\Debug\stm8l15x_adc.o
#        .\out\Debug\stm8l15x_aes.o .\out\Debug\stm8l15x_beep.o
#        .\out\Debug\stm8l15x_clk.o .\out\Debug\stm8l15x_comp.o
#        .\out\Debug\stm8l15x_dac.o .\out\Debug\stm8l15x_dma.o
#        .\out\Debug\stm8l15x_exti.o .\out\Debug\stm8l15x_flash.o
#        .\out\Debug\stm8l15x_gpio.o .\out\Debug\stm8l15x_i2c.o
#        .\out\Debug\stm8l15x_irtim.o .\out\Debug\stm8l15x_itc.o
#        .\out\Debug\stm8l15x_iwdg.o .\out\Debug\stm8l15x_lcd.o
#        .\out\Debug\stm8l15x_pwr.o .\out\Debug\stm8l15x_rst.o
#        .\out\Debug\stm8l15x_rtc.o .\out\Debug\stm8l15x_spi.o
#        .\out\Debug\stm8l15x_syscfg.o .\out\Debug\stm8l15x_tim1.o
#        .\out\Debug\stm8l15x_tim2.o .\out\Debug\stm8l15x_tim3.o
#        .\out\Debug\stm8l15x_tim4.o .\out\Debug\stm8l15x_tim5.o
#        .\out\Debug\stm8l15x_usart.o .\out\Debug\stm8l15x_wfe.o
#        .\out\Debug\stm8l15x_wwdg.o .\out\Debug\delay.o .\out\Debug\bsp_conf.o
#        .\out\Debug\main.o .\out\Debug\stm8l15x_it.o .\out\Debug\user_app.o -o
#        .\out\Debug\BLE_MESH_PROJECT.out)
#
###############################################################################

*******************************************************************************
*** RUNTIME MODEL ATTRIBUTES
***

__Heap_Handler             = Basic
__SystemLibrary            = DLib
__code_model               = small
__core                     = stm8
__data_model               = medium
__dlib_file_descriptor     = 1
__dlib_full_locale_support = 1
__rt_version               = 4


*******************************************************************************
*** PLACEMENT SUMMARY
***

"A0":  place at start of [0x000000-0x0000ff] { rw section .vregs };
"A1":  place at end of [0x000000-0x0007ff] { block CSTACK };
"P2":  place in [from 0x000000 to 0x0007ff] {
          block HEAP, rw section __DLIB_PERTHREAD, rw section .far.bss,
          rw section .far.data, rw section .far.noinit,
          rw section .far_func.textrw, rw section .huge.bss,
          rw section .huge.data, rw section .huge.noinit,
          rw section .huge_func.textrw, rw section .iar.dynexit,
          rw section .near.bss, rw section .near.data, rw section .near.noinit,
          rw section .near_func.textrw };
"A2":  place at start of [0x008000-0x00bfff] { block INTVEC };
"P3":  place in [from 0x008000 to 0x00bfff] {
          ro section __DLIB_PERTHREAD_init, ro section .far.data_init,
          ro section .far_func.textrw_init, ro section .huge.data_init,
          ro section .huge_func.textrw_init, ro section .iar.init_table,
          ro section .init_array, ro section .near.data_init,
          ro section .near.rodata, ro section .near_func.text,
          ro section .near_func.textrw_init, ro section .tiny.data_init,
          ro section .tiny.rodata_init };
"P4":  place in [from 0x008000 to 0x00bfff] {
          ro section .far.rodata, ro section .far_func.text };
"P5":  place in [from 0x008000 to 0x00bfff] {
          ro section .huge.rodata, ro section .huge_func.text };
do not initialize {
   rw section .eeprom.noinit, rw section .far.noinit, rw section .huge.noinit,
   rw section .near.noinit, rw section .tiny.noinit, rw section .vregs };

No sections matched the following patterns:

  ro section .far.data_init          in "P3-P5"
  ro section .far.rodata             in "P3-P5"
  ro section .far_func.text          in "P3-P5"
  ro section .far_func.textrw_init   in "P3-P5"
  ro section .huge.data_init         in "P3-P5"
  ro section .huge.rodata            in "P3-P5"
  ro section .huge_func.text         in "P3-P5"
  ro section .huge_func.textrw_init  in "P3-P5"
  ro section .iar.init_table         in "P3-P5"
  ro section .init_array             in "P3-P5"
  ro section .near.data_init         in "P3-P5"
  ro section .near_func.textrw_init  in "P3-P5"
  ro section .tiny.data_init         in "P3-P5"
  ro section .tiny.rodata_init       in "P3-P5"
  ro section __DLIB_PERTHREAD_init   in "P3-P5"
  rw section .far.bss                in "P2"
  rw section .far.data               in "P2"
  rw section .far.noinit             in "P2"
  rw section .far_func.textrw        in "P2"
  rw section .huge.bss               in "P2"
  rw section .huge.data              in "P2"
  rw section .huge.noinit            in "P2"
  rw section .huge_func.textrw       in "P2"
  rw section .iar.dynexit            in "P2"
  rw section .near.data              in "P2"
  rw section .near.noinit            in "P2"
  rw section .near_func.textrw       in "P2"
  rw section .tiny.bss               in "P1"
  rw section .tiny.data              in "P1"
  rw section .tiny.noinit            in "P1"
  rw section .tiny.rodata            in "P1"
  rw section __DLIB_PERTHREAD        in "P2"
  section .eeprom.data               in "P6-P8"
  section .eeprom.noinit             in "P6-P8"
  section .eeprom.rodata             in "P6-P8"


  Section          Kind      Address    Size  Object
  -------          ----      -------    ----  ------
"A0":                                   0x10
  .vregs           uninit   0x000000    0x10  vregs.o [4]
                          - 0x000010    0x10

"P2":                                   0x42
  .near.bss        zero     0x000010    0x3c  bsp_conf.o [2]
  .near.bss        zero     0x00004c     0x4  bsp_conf.o [2]
  .near.bss        zero     0x000050     0x2  bsp_conf.o [2]
                          - 0x000052    0x42

"A1":                                  0x200
  CSTACK                    0x000600   0x200  <Block>
    CSTACK         uninit   0x000600   0x200  <Block tail>
                          - 0x000800   0x200

"A2":                                   0x80
  INTVEC                    0x008000    0x80  <Block>
    .intvec        const    0x008000    0x80  interrupt.o [4]
                          - 0x008080    0x80

"P3-P5":                              0x1083
  .near_func.text  ro code  0x008080   0x14b  stm8l15x_itc.o [2]
  .near_func.text  ro code  0x0081cb   0x11f  stm8l15x_exti.o [2]
  .near_func.text  ro code  0x0082ea   0x110  vreg_util.o [4]
  .near_func.text  ro code  0x0083fa   0x10d  long.o [4]
  .near_func.text  ro code  0x008507    0xcf  stm8l15x_usart.o [2]
  .near_func.text  ro code  0x0085d6    0xa9  stm8l15x_usart.o [2]
  .near_func.text  ro code  0x00867f    0xa5  bsp_conf.o [2]
  .near_func.text  ro code  0x008724    0x94  stm8l15x_usart.o [2]
  .near_func.text  ro code  0x0087b8    0x93  user_app.o [2]
  .near_func.text  ro code  0x00884b    0x91  stm8l15x_clk.o [2]
  .near_func.text  ro code  0x0088dc    0x8e  stm8l15x_clk.o [2]
  .near_func.text  ro code  0x00896a    0x8e  stm8l15x_gpio.o [2]
  .near_func.text  ro code  0x0089f8    0x77  bsp_conf.o [2]
  .near_func.text  ro code  0x008a6f    0x65  stm8l15x_tim3.o [2]
  .near_func.text  ro code  0x008ad4    0x60  bsp_conf.o [2]
  .near_func.text  ro code  0x008b34    0x4e  bsp_conf.o [2]
  .near_func.text  ro code  0x008b82    0x41  bsp_conf.o [2]
  .near_func.text  ro code  0x008bc3    0x3f  bsp_conf.o [2]
  .near_func.text  ro code  0x008c02    0x3e  bsp_conf.o [2]
  .near_func.text  ro code  0x008c40    0x3d  bsp_conf.o [2]
  .near_func.text  ro code  0x008c7d    0x3c  bsp_conf.o [2]
  .near_func.text  ro code  0x008cb9    0x36  long_util.o [4]
  .near_func.text  ro code  0x008cef    0x35  stm8l15x_usart.o [2]
  .near_func.text  ro code  0x008d24    0x30  main.o [2]
  .near_func.text  ro code  0x008d54    0x2c  bsp_conf.o [2]
  .near_func.text  ro code  0x008d80    0x2b  stm8l15x_usart.o [2]
  .near_func.text  ro code  0x008dab    0x2b  bsp_conf.o [2]
  .near_func.text  ro code  0x008dd6    0x27  stm8l15x_usart.o [2]
  .near_func.text  ro code  0x008dfd    0x25  stm8l15x_tim3.o [2]
  .near_func.text  ro code  0x008e22    0x24  stm8l15x_tim3.o [2]
  .near_func.text  ro code  0x008e46    0x22  stm8l15x_exti.o [2]
  .near_func.text  ro code  0x008e68    0x21  stm8l15x_tim4.o [2]
  .iar.init_table  const    0x008e89     0x8  - Linker created -
  .near_func.text  ro code  0x008e91    0x20  bsp_conf.o [2]
  .near_func.text  ro code  0x008eb1    0x1e  init_small.o [4]
  .near_func.text  ro code  0x008ecf    0x1d  delay.o [2]
  .near_func.text  ro code  0x008eec    0x1c  stm8l15x_it.o [2]
  .near_func.text  ro code  0x008f08    0x1c  stm8l15x_it.o [2]
  .near_func.text  ro code  0x008f24    0x1a  stm8l15x_tim3.o [2]
  .near_func.text  ro code  0x008f3e    0x1a  stm8l15x_tim4.o [2]
  .near_func.text  ro code  0x008f58    0x1a  delay.o [2]
  .near_func.text  ro code  0x008f72    0x16  stm8l15x_it.o [2]
  .near_func.text  ro code  0x008f88    0x16  stm8l15x_it.o [2]
  .near_func.text  ro code  0x008f9e    0x16  stm8l15x_it.o [2]
  .near_func.text  ro code  0x008fb4    0x16  memset.o [4]
  .near_func.text  ro code  0x008fca    0x14  init.o [4]
  .near_func.text  ro code  0x008fde    0x14  __dbg_xxexit.o [3]
  .near_func.text  ro code  0x008ff2    0x13  cstartup.o [4]
  .near_func.text  ro code  0x009005    0x11  stm8l15x_tim4.o [2]
  .near.rodata     const    0x009016     0xe  main.o [2]
  .near_func.text  ro code  0x009024     0xe  stm8l15x_clk.o [2]
  .near_func.text  ro code  0x009032     0xe  stm8l15x_tim3.o [2]
  .near_func.text  ro code  0x009040     0xe  stm8l15x_tim3.o [2]
  .near_func.text  ro code  0x00904e     0xe  stm8l15x_tim4.o [2]
  .near_func.text  ro code  0x00905c     0xe  stm8l15x_tim4.o [2]
  .near_func.text  ro code  0x00906a     0xd  short.o [4]
  .near_func.text  ro code  0x009077     0xb  stm8l15x_tim3.o [2]
  .near.rodata     const    0x009082     0xa  main.o [2]
  .near_func.text  ro code  0x00908c     0x9  stm8l15x_tim3.o [2]
  .near_func.text  ro code  0x009095     0x9  stm8l15x_tim3.o [2]
  .near_func.text  ro code  0x00909e     0x9  stm8l15x_tim4.o [2]
  .near_func.text  ro code  0x0090a7     0x9  stm8l15x_tim4.o [2]
  .near.rodata     const    0x0090b0     0x8  bsp_conf.o [2]
  .near_func.text  ro code  0x0090b8     0x6  stm8l15x_usart.o [2]
  .near.rodata     const    0x0090be     0x5  stm8l15x_clk.o [2]
  .near.rodata     const    0x0090c3     0x5  main.o [2]
  .near_func.text  ro code  0x0090c8     0x5  bsp_conf.o [2]
  .near_func.text  ro code  0x0090cd     0x5  cexit.o [4]
  .near_func.text  ro code  0x0090d2     0x4  stm8l15x_clk.o [2]
  .near_func.text  ro code  0x0090d6     0x4  stm8l15x_clk.o [2]
  .near_func.text  ro code  0x0090da     0x3  stm8l15x_usart.o [2]
  .near_func.text  ro code  0x0090dd     0x3  exit.o [4]
  .near_func.text  ro code  0x0090e0     0x3  interrupt.o [4]
  .near_func.text  ro code  0x0090e3     0x3  low_level_init.o [4]
  .near_func.text  ro code  0x0090e6     0x3  unhandled_exception.o [4]
  .near_func.text  ro code  0x0090e9     0x1  stm8l15x_it.o [2]
  .near_func.text  ro code  0x0090ea     0x1  stm8l15x_it.o [2]
  .near_func.text  ro code  0x0090eb     0x1  stm8l15x_it.o [2]
  .near_func.text  ro code  0x0090ec     0x1  stm8l15x_it.o [2]
  .near_func.text  ro code  0x0090ed     0x1  stm8l15x_it.o [2]
  .near_func.text  ro code  0x0090ee     0x1  stm8l15x_it.o [2]
  .near_func.text  ro code  0x0090ef     0x1  stm8l15x_it.o [2]
  .near_func.text  ro code  0x0090f0     0x1  stm8l15x_it.o [2]
  .near_func.text  ro code  0x0090f1     0x1  stm8l15x_it.o [2]
  .near_func.text  ro code  0x0090f2     0x1  stm8l15x_it.o [2]
  .near_func.text  ro code  0x0090f3     0x1  stm8l15x_it.o [2]
  .near_func.text  ro code  0x0090f4     0x1  stm8l15x_it.o [2]
  .near_func.text  ro code  0x0090f5     0x1  stm8l15x_it.o [2]
  .near_func.text  ro code  0x0090f6     0x1  stm8l15x_it.o [2]
  .near_func.text  ro code  0x0090f7     0x1  stm8l15x_it.o [2]
  .near_func.text  ro code  0x0090f8     0x1  stm8l15x_it.o [2]
  .near_func.text  ro code  0x0090f9     0x1  stm8l15x_it.o [2]
  .near_func.text  ro code  0x0090fa     0x1  stm8l15x_it.o [2]
  .near_func.text  ro code  0x0090fb     0x1  stm8l15x_it.o [2]
  .near_func.text  ro code  0x0090fc     0x1  stm8l15x_it.o [2]
  .near_func.text  ro code  0x0090fd     0x1  stm8l15x_it.o [2]
  .near_func.text  ro code  0x0090fe     0x1  stm8l15x_it.o [2]
  .near_func.text  ro code  0x0090ff     0x1  stm8l15x_it.o [2]
  .near_func.text  ro code  0x009100     0x1  stm8l15x_it.o [2]
  .near_func.text  ro code  0x009101     0x1  stm8l15x_it.o [2]
  .near_func.text  ro code  0x009102     0x1  __dbg_break.o [3]
                          - 0x009103  0x1083


*******************************************************************************
*** INIT TABLE
***

          Address   Size
          -------   ----
Zero (__iar_zero_init2)
    1 destination range, total size 0x42:
          0x000010  0x42



*******************************************************************************
*** MODULE SUMMARY
***

    Module                 ro code  ro data  rw data
    ------                 -------  -------  -------
command line: [1]
    ------------------------------------------------
    Total:

d:\myfile_yan\BLE-MESH\BLE_MESH_PROJECT\out\Debug: [2]
    bsp_conf.o                 893        8       66
    delay.o                     55
    main.o                      48       29
    stm8l15x_clk.o             309        5
    stm8l15x_exti.o            321
    stm8l15x_gpio.o            142
    stm8l15x_it.o              147
    stm8l15x_itc.o             331
    stm8l15x_tim3.o            257
    stm8l15x_tim4.o            122
    stm8l15x_usart.o           668
    user_app.o                 147
    ------------------------------------------------
    Total:                   3 440       42       66

dbgstm8smd.a: [3]
    __dbg_break.o                1
    __dbg_xxexit.o              20
    ------------------------------------------------
    Total:                      21

dlstm8smf.a: [4]
    cexit.o                      5
    cstartup.o                  19
    exit.o                       3
    init.o                      20
    init_small.o                30
    interrupt.o                  3      128
    long.o                     269
    long_util.o                 54
    low_level_init.o             3
    memset.o                    22
    short.o                     13
    unhandled_exception.o        3
    vreg_util.o                272
    vregs.o                                       16
    ------------------------------------------------
    Total:                     716      128       16

    Linker created                        8      512
----------------------------------------------------
    Grand Total:             4 177      178      594


*******************************************************************************
*** ENTRY LIST
***

Entry                    Address   Size  Type      Object
-----                    -------   ----  ----      ------
.iar.init_table$$Base   0x008e89          --   Gb  - Linker created -
.iar.init_table$$Limit  0x008e91          --   Gb  - Linker created -
?b0                     0x000000         Data  Gb  vregs.o [4]
?b1                     0x000001         Data  Gb  vregs.o [4]
?b10                    0x00000a         Data  Gb  vregs.o [4]
?b11                    0x00000b         Data  Gb  vregs.o [4]
?b12                    0x00000c         Data  Gb  vregs.o [4]
?b13                    0x00000d         Data  Gb  vregs.o [4]
?b14                    0x00000e         Data  Gb  vregs.o [4]
?b15                    0x00000f         Data  Gb  vregs.o [4]
?b2                     0x000002         Data  Gb  vregs.o [4]
?b3                     0x000003         Data  Gb  vregs.o [4]
?b4                     0x000004         Data  Gb  vregs.o [4]
?b5                     0x000005         Data  Gb  vregs.o [4]
?b6                     0x000006         Data  Gb  vregs.o [4]
?b7                     0x000007         Data  Gb  vregs.o [4]
?b8                     0x000008         Data  Gb  vregs.o [4]
?b9                     0x000009         Data  Gb  vregs.o [4]
?dec32_0x_0x            0x0083ff         Code  Gb  long.o [4]
?dec32_l0_l0            0x0083fa         Code  Gb  long.o [4]
?e0                     0x000001         Data  Gb  vregs.o [4]
?e1                     0x000005         Data  Gb  vregs.o [4]
?e2                     0x000009         Data  Gb  vregs.o [4]
?e3                     0x00000d         Data  Gb  vregs.o [4]
?epilogue_l2            0x0083b7         Code  Gb  vreg_util.o [4]
?epilogue_l2_l3         0x0083b4         Code  Gb  vreg_util.o [4]
?epilogue_l2_w6         0x0083bb         Code  Gb  vreg_util.o [4]
?epilogue_w4            0x0083c2         Code  Gb  vreg_util.o [4]
?l0                     0x000000         Data  Gb  vregs.o [4]
?l1                     0x000004         Data  Gb  vregs.o [4]
?l2                     0x000008         Data  Gb  vregs.o [4]
?l3                     0x00000c         Data  Gb  vregs.o [4]
?load32_0x_l0           0x008ce1         Code  Gb  long_util.o [4]
?load32_l0_0x           0x008cb9         Code  Gb  long_util.o [4]
?load32_l1_0x           0x008cd5         Code  Gb  long_util.o [4]
?load32_l1_asp          0x008cca         Code  Gb  long_util.o [4]
?load32_l1_dbsp         0x008cc5         Code  Gb  long_util.o [4]
?load32_l1_xsp          0x008ccc         Code  Gb  long_util.o [4]
?mov_e0_e2              0x0083c9         Code  Gb  vreg_util.o [4]
?mov_e0_e3              0x0083d6         Code  Gb  vreg_util.o [4]
?mov_e2_e0              0x0083e3         Code  Gb  vreg_util.o [4]
?mov_e3_e0              0x0083f0         Code  Gb  vreg_util.o [4]
?mov_l0_l2              0x0083c6         Code  Gb  vreg_util.o [4]
?mov_l0_l3              0x0083d3         Code  Gb  vreg_util.o [4]
?mov_l2_l0              0x0083e0         Code  Gb  vreg_util.o [4]
?mov_l3_l0              0x0083ed         Code  Gb  vreg_util.o [4]
?mov_w1_w5              0x0083cc         Code  Gb  vreg_util.o [4]
?mov_w1_w7              0x0083d9         Code  Gb  vreg_util.o [4]
?mov_w5_w1              0x0083e6         Code  Gb  vreg_util.o [4]
?mov_w7_w1              0x0083f3         Code  Gb  vreg_util.o [4]
?mul32_l0_l0_0x         0x008413         Code  Gb  long.o [4]
?mul32_l0_l0_l1         0x00841c         Code  Gb  long.o [4]
?pop_e2                 0x008335         Code  Gb  vreg_util.o [4]
?pop_l0                 0x008380         Code  Gb  vreg_util.o [4]
?pop_l1                 0x00838b         Code  Gb  vreg_util.o [4]
?pop_l2                 0x008396         Code  Gb  vreg_util.o [4]
?pop_l3                 0x0083a1         Code  Gb  vreg_util.o [4]
?pop_w4                 0x008307         Code  Gb  vreg_util.o [4]
?pop_w6                 0x00830e         Code  Gb  vreg_util.o [4]
?push_e2                0x00831d         Code  Gb  vreg_util.o [4]
?push_l0                0x00834f         Code  Gb  vreg_util.o [4]
?push_l1                0x008354         Code  Gb  vreg_util.o [4]
?push_l2                0x008359         Code  Gb  vreg_util.o [4]
?push_l3                0x00835e         Code  Gb  vreg_util.o [4]
?push_w4                0x0082ea         Code  Gb  vreg_util.o [4]
?push_w6                0x0082ef         Code  Gb  vreg_util.o [4]
?sll16_x_x_a            0x00906a         Code  Gb  short.o [4]
?srl16_x_x_4            0x009072         Code  Gb  short.o [4]
?udiv32_l0_l0_l1        0x00849a         Code  Gb  long.o [4]
?umod32_l1_l0_l1        0x00849a         Code  Gb  long.o [4]
?w0                     0x000000         Data  Gb  vregs.o [4]
?w1                     0x000002         Data  Gb  vregs.o [4]
?w2                     0x000004         Data  Gb  vregs.o [4]
?w3                     0x000006         Data  Gb  vregs.o [4]
?w4                     0x000008         Data  Gb  vregs.o [4]
?w5                     0x00000a         Data  Gb  vregs.o [4]
?w6                     0x00000c         Data  Gb  vregs.o [4]
?w7                     0x00000e         Data  Gb  vregs.o [4]
ADC1_COMP_IRQHandler    0x0090f9    0x1  Code  Gb  stm8l15x_it.o [2]
AT_Send                 0x0087b8   0x93  Code  Gb  user_app.o [2]
CLK_GetClockFreq        0x00884b   0x91  Code  Gb  stm8l15x_clk.o [2]
CLK_HSICmd              0x009024    0xe  Code  Gb  stm8l15x_clk.o [2]
CLK_PeripheralClockConfig
                        0x0088dc   0x8e  Code  Gb  stm8l15x_clk.o [2]
CLK_SYSCLKDivConfig     0x0090d6    0x4  Code  Gb  stm8l15x_clk.o [2]
CLK_SYSCLKSourceConfig  0x0090d2    0x4  Code  Gb  stm8l15x_clk.o [2]
CSTACK$$Base            0x000600          --   Gb  - Linker created -
CSTACK$$Limit           0x000800          --   Gb  - Linker created -
DMA1_CHANNEL0_1_IRQHandler
                        0x0090eb    0x1  Code  Gb  stm8l15x_it.o [2]
DMA1_CHANNEL2_3_IRQHandler
                        0x0090ec    0x1  Code  Gb  stm8l15x_it.o [2]
EXTI0_IRQHandler        0x0090f0    0x1  Code  Gb  stm8l15x_it.o [2]
EXTI1_IRQHandler        0x0090f1    0x1  Code  Gb  stm8l15x_it.o [2]
EXTI2_IRQHandler        0x0090f2    0x1  Code  Gb  stm8l15x_it.o [2]
EXTI3_IRQHandler        0x0090f3    0x1  Code  Gb  stm8l15x_it.o [2]
EXTI4_IRQHandler        0x008f08   0x1c  Code  Gb  stm8l15x_it.o [2]
EXTI5_IRQHandler        0x0090f4    0x1  Code  Gb  stm8l15x_it.o [2]
EXTI6_IRQHandler        0x0090f5    0x1  Code  Gb  stm8l15x_it.o [2]
EXTI7_IRQHandler        0x0090f6    0x1  Code  Gb  stm8l15x_it.o [2]
EXTIB_G_IRQHandler      0x008eec   0x1c  Code  Gb  stm8l15x_it.o [2]
EXTID_H_IRQHandler      0x0090ef    0x1  Code  Gb  stm8l15x_it.o [2]
EXTIE_F_PVD_IRQHandler  0x0090ee    0x1  Code  Gb  stm8l15x_it.o [2]
EXTI_ClearITPendingBit  0x008e46   0x22  Code  Gb  stm8l15x_exti.o [2]
EXTI_SetPinSensitivity  0x0081cb  0x11f  Code  Gb  stm8l15x_exti.o [2]
FLASH_IRQHandler        0x0090ea    0x1  Code  Gb  stm8l15x_it.o [2]
GPIO_Init               0x00896a   0x8e  Code  Gb  stm8l15x_gpio.o [2]
I2C1_SPI2_IRQHandler    0x009101    0x1  Code  Gb  stm8l15x_it.o [2]
INTVEC$$Base            0x008000          --   Gb  - Linker created -
INTVEC$$Limit           0x008080          --   Gb  - Linker created -
ITC_SetSoftwarePriority
                        0x008080  0x14b  Code  Gb  stm8l15x_itc.o [2]
LCD_AES_IRQHandler      0x0090f7    0x1  Code  Gb  stm8l15x_it.o [2]
RTC_CSSLSE_IRQHandler   0x0090ed    0x1  Code  Gb  stm8l15x_it.o [2]
Region$$Table$$Base     0x008e89          --   Gb  - Linker created -
Region$$Table$$Limit    0x008e91          --   Gb  - Linker created -
SPI1_IRQHandler         0x0090ff    0x1  Code  Gb  stm8l15x_it.o [2]
SWITCH_CSS_BREAK_DAC_IRQHandler
                        0x0090f8    0x1  Code  Gb  stm8l15x_it.o [2]
SYSDivFactor            0x0090be    0x5  Data  Gb  stm8l15x_clk.o [2]
TIM1_CC_IRQHandler      0x0090fe    0x1  Code  Gb  stm8l15x_it.o [2]
TIM1_UPD_OVF_TRG_COM_IRQHandler
                        0x0090fd    0x1  Code  Gb  stm8l15x_it.o [2]
TIM2_CC_USART2_RX_IRQHandler
                        0x0090fb    0x1  Code  Gb  stm8l15x_it.o [2]
TIM2_UPD_OVF_TRG_BRK_USART2_TX_IRQHandler
                        0x0090fa    0x1  Code  Gb  stm8l15x_it.o [2]
TIM3_ARRPreloadConfig   0x009032    0xe  Code  Gb  stm8l15x_tim3.o [2]
TIM3_CC_USART3_RX_IRQHandler
                        0x0090fc    0x1  Code  Gb  stm8l15x_it.o [2]
TIM3_ClearFlag          0x009077    0xb  Code  Gb  stm8l15x_tim3.o [2]
TIM3_ClearITPendingBit  0x009095    0x9  Code  Gb  stm8l15x_tim3.o [2]
TIM3_Cmd                0x009040    0xe  Code  Gb  stm8l15x_tim3.o [2]
TIM3_DeInit             0x008a6f   0x65  Code  Gb  stm8l15x_tim3.o [2]
TIM3_GetFlagStatus      0x008dfd   0x25  Code  Gb  stm8l15x_tim3.o [2]
TIM3_IRQHandler         0x008e91   0x20  Code  Gb  bsp_conf.o [2]
TIM3_ITConfig           0x008f24   0x1a  Code  Gb  stm8l15x_tim3.o [2]
TIM3_SetCounter         0x00908c    0x9  Code  Gb  stm8l15x_tim3.o [2]
TIM3_TimeBaseInit       0x008e22   0x24  Code  Gb  stm8l15x_tim3.o [2]
TIM3_UPD_OVF_TRG_BRK_USART3_TX_IRQHandler
                        0x008f72   0x16  Code  Gb  stm8l15x_it.o [2]
TIM4_ARRPreloadConfig   0x00904e    0xe  Code  Gb  stm8l15x_tim4.o [2]
TIM4_ClearFlag          0x00909e    0x9  Code  Gb  stm8l15x_tim4.o [2]
TIM4_ClearITPendingBit  0x0090a7    0x9  Code  Gb  stm8l15x_tim4.o [2]
TIM4_Cmd                0x00905c    0xe  Code  Gb  stm8l15x_tim4.o [2]
TIM4_DeInit             0x008e68   0x21  Code  Gb  stm8l15x_tim4.o [2]
TIM4_ITConfig           0x008f3e   0x1a  Code  Gb  stm8l15x_tim4.o [2]
TIM4_TimeBaseInit       0x009005   0x11  Code  Gb  stm8l15x_tim4.o [2]
TIM4_UPD_OVF_TRG_IRQHandler
                        0x008f88   0x16  Code  Gb  stm8l15x_it.o [2]
TRAP_IRQHandler         0x0090e9    0x1  Code  Gb  stm8l15x_it.o [2]
USART1_IRQHandler       0x008ad4   0x60  Code  Gb  bsp_conf.o [2]
USART1_RX_STA           0x000050    0x2  Data  Gb  bsp_conf.o [2]
USART1_RX_TIM5_CC_IRQHandler
                        0x008f9e   0x16  Code  Gb  stm8l15x_it.o [2]
USART1_RX_buf           0x000010   0x3c  Data  Gb  bsp_conf.o [2]
USART1_SendWord         0x008dab   0x2b  Code  Gb  bsp_conf.o [2]
USART1_TX_TIM5_UPD_OVF_TRG_BRK_IRQHandler
                        0x009100    0x1  Code  Gb  stm8l15x_it.o [2]
USART_Cmd               0x008d80   0x2b  Code  Gb  stm8l15x_usart.o [2]
USART_DeInit            0x008dd6   0x27  Code  Gb  stm8l15x_usart.o [2]
USART_GetFlagStatus     0x008cef   0x35  Code  Gb  stm8l15x_usart.o [2]
USART_GetITStatus       0x0085d6   0xa9  Code  Gb  stm8l15x_usart.o [2]
USART_ITConfig          0x008724   0x94  Code  Gb  stm8l15x_usart.o [2]
USART_Init              0x008507   0xcf  Code  Gb  stm8l15x_usart.o [2]
USART_ReceiveData8      0x0090da    0x3  Code  Gb  stm8l15x_usart.o [2]
USART_SendData8         0x0090b8    0x6  Code  Gb  stm8l15x_usart.o [2]
__DebugBreak            0x009102    0x1  Code  Gb  __dbg_break.o [3]
__exit                  0x008fde   0x14  Code  Gb  __dbg_xxexit.o [3]
__iar_data_init2        0x008fca   0x14  Code  Gb  init.o [4]
__iar_program_start     0x008ff2         Code  Gb  cstartup.o [4]
__iar_unhandled_exception
                        0x0090e6         Code  Gb  unhandled_exception.o [4]
__iar_zero_init2        0x008eb1         Code  Gb  init_small.o [4]
__intvec                0x008000         Data  Gb  interrupt.o [4]
__low_level_init        0x0090e3    0x3  Code  Gb  low_level_init.o [4]
_exit                   0x0090cd         Code  Gb  cexit.o [4]
_interrupt_1            0x0090e9         Code  Gb  stm8l15x_it.o [2]
_interrupt_10           0x0090f0         Code  Gb  stm8l15x_it.o [2]
_interrupt_11           0x0090f1         Code  Gb  stm8l15x_it.o [2]
_interrupt_12           0x0090f2         Code  Gb  stm8l15x_it.o [2]
_interrupt_13           0x0090f3         Code  Gb  stm8l15x_it.o [2]
_interrupt_14           0x008f08         Code  Gb  stm8l15x_it.o [2]
_interrupt_15           0x0090f4         Code  Gb  stm8l15x_it.o [2]
_interrupt_16           0x0090f5         Code  Gb  stm8l15x_it.o [2]
_interrupt_17           0x0090f6         Code  Gb  stm8l15x_it.o [2]
_interrupt_18           0x0090f7         Code  Gb  stm8l15x_it.o [2]
_interrupt_19           0x0090f8         Code  Gb  stm8l15x_it.o [2]
_interrupt_20           0x0090f9         Code  Gb  stm8l15x_it.o [2]
_interrupt_21           0x0090fa         Code  Gb  stm8l15x_it.o [2]
_interrupt_22           0x0090fb         Code  Gb  stm8l15x_it.o [2]
_interrupt_23           0x008f72         Code  Gb  stm8l15x_it.o [2]
_interrupt_24           0x0090fc         Code  Gb  stm8l15x_it.o [2]
_interrupt_25           0x0090fd         Code  Gb  stm8l15x_it.o [2]
_interrupt_26           0x0090fe         Code  Gb  stm8l15x_it.o [2]
_interrupt_27           0x008f88         Code  Gb  stm8l15x_it.o [2]
_interrupt_28           0x0090ff         Code  Gb  stm8l15x_it.o [2]
_interrupt_29           0x009100         Code  Gb  stm8l15x_it.o [2]
_interrupt_3            0x0090ea         Code  Gb  stm8l15x_it.o [2]
_interrupt_30           0x008f9e         Code  Gb  stm8l15x_it.o [2]
_interrupt_31           0x009101         Code  Gb  stm8l15x_it.o [2]
_interrupt_4            0x0090eb         Code  Gb  stm8l15x_it.o [2]
_interrupt_5            0x0090ec         Code  Gb  stm8l15x_it.o [2]
_interrupt_6            0x0090ed         Code  Gb  stm8l15x_it.o [2]
_interrupt_7            0x0090ee         Code  Gb  stm8l15x_it.o [2]
_interrupt_8            0x008eec         Code  Gb  stm8l15x_it.o [2]
_interrupt_9            0x0090ef         Code  Gb  stm8l15x_it.o [2]
beep_period_buf         0x0090b0    0x8  Data  Gb  bsp_conf.o [2]
beep_play               0x008c7d   0x3c  Code  Gb  bsp_conf.o [2]
beep_play_time          0x00004c    0x4  Data  Gb  bsp_conf.o [2]
bsp_beep_freq           0x0089f8   0x77  Code  Gb  bsp_conf.o [2]
bsp_beep_it             0x008b82   0x41  Code  Gb  bsp_conf.o [2]
bsp_beep_play_ms        0x008d54   0x2c  Code  Gb  bsp_conf.o [2]
bsp_clk_init            0x008bc3   0x3f  Code  Gb  bsp_conf.o [2]
bsp_gpio_init           0x00867f   0xa5  Code  Gb  bsp_conf.o [2]
bsp_key_it              0x0090c8    0x5  Code  Gb  bsp_conf.o [2]
bsp_tim3_init           0x008c40   0x3d  Code  Gb  bsp_conf.o [2]
bsp_tim4_init           0x008c02   0x3e  Code  Gb  bsp_conf.o [2]
bsp_uart_init           0x008b34   0x4e  Code  Gb  bsp_conf.o [2]
delay_ms_1              0x008f58   0x1a  Code  Gb  delay.o [2]
delay_us_1              0x008ecf   0x1d  Code  Gb  delay.o [2]
exit                    0x0090dd    0x3  Code  Gb  exit.o [4]
main                    0x008d24   0x30  Code  Gb  main.o [2]
memset                  0x008fb4   0x16  Code  Gb  memset.o [4]


[1] = command line
[2] = d:\myfile_yan\BLE-MESH\BLE_MESH_PROJECT\out\Debug
[3] = dbgstm8smd.a
[4] = dlstm8smf.a

  4 177 bytes of readonly  code memory
    178 bytes of readonly  data memory
    594 bytes of readwrite data memory

Errors: none
Warnings: none
