###############################################################################
#
# IAR ELF Linker V3.11.1.207 for STM8                     26/Dec/2020  15:22:33
# Copyright 2010-2019 IAR Systems AB.
#
#    Output file  =  .\out\Debug\BLE_MESH_PROJECT.out
#    Map file     =  .\out\Debug\BLE_MESH_PROJECT.map
#    Command line =  
#        -f
#        d:\myfile_yan\BLE-MESH\BLE_MESH_PROJECT\out\Debug\BLE_MESH_PROJECT.lnp
#        (--silent --redirect _Scanf=_ScanfSmall --redirect _Printf=_PrintfTiny
#        --config lnkstm8l151k4.icf --config_def _CSTACK_SIZE=0x0400
#        --config_def _HEAP_SIZE=0x0100 --debug_lib --map
#        .\out\Debug\BLE_MESH_PROJECT.map .\out\Debug\stm8l15x_adc.o
#        .\out\Debug\stm8l15x_aes.o .\out\Debug\stm8l15x_beep.o
#        .\out\Debug\stm8l15x_clk.o .\out\Debug\stm8l15x_comp.o
#        .\out\Debug\stm8l15x_dac.o .\out\Debug\stm8l15x_dma.o
#        .\out\Debug\stm8l15x_exti.o .\out\Debug\stm8l15x_flash.o
#        .\out\Debug\stm8l15x_gpio.o .\out\Debug\stm8l15x_i2c.o
#        .\out\Debug\stm8l15x_irtim.o .\out\Debug\stm8l15x_itc.o
#        .\out\Debug\stm8l15x_iwdg.o .\out\Debug\stm8l15x_lcd.o
#        .\out\Debug\stm8l15x_pwr.o .\out\Debug\stm8l15x_rst.o
#        .\out\Debug\stm8l15x_rtc.o .\out\Debug\stm8l15x_spi.o
#        .\out\Debug\stm8l15x_syscfg.o .\out\Debug\stm8l15x_tim1.o
#        .\out\Debug\stm8l15x_tim2.o .\out\Debug\stm8l15x_tim3.o
#        .\out\Debug\stm8l15x_tim4.o .\out\Debug\stm8l15x_tim5.o
#        .\out\Debug\stm8l15x_usart.o .\out\Debug\stm8l15x_wfe.o
#        .\out\Debug\stm8l15x_wwdg.o .\out\Debug\delay.o .\out\Debug\bsp_conf.o
#        .\out\Debug\main.o .\out\Debug\stm8l15x_it.o .\out\Debug\user_app.o -o
#        .\out\Debug\BLE_MESH_PROJECT.out)
#
###############################################################################

*******************************************************************************
*** RUNTIME MODEL ATTRIBUTES
***

__Heap_Handler             = Basic
__SystemLibrary            = DLib
__code_model               = small
__core                     = stm8
__data_model               = medium
__dlib_file_descriptor     = 1
__dlib_full_locale_support = 1
__rt_version               = 4


*******************************************************************************
*** PLACEMENT SUMMARY
***

"A0":  place at start of [0x000000-0x0000ff] { rw section .vregs };
"A1":  place at end of [0x000000-0x0007ff] { block CSTACK };
"P2":  place in [from 0x000000 to 0x0007ff] {
          block HEAP, rw section __DLIB_PERTHREAD, rw section .far.bss,
          rw section .far.data, rw section .far.noinit,
          rw section .far_func.textrw, rw section .huge.bss,
          rw section .huge.data, rw section .huge.noinit,
          rw section .huge_func.textrw, rw section .iar.dynexit,
          rw section .near.bss, rw section .near.data, rw section .near.noinit,
          rw section .near_func.textrw };
"A2":  place at start of [0x008000-0x00bfff] { block INTVEC };
"P3":  place in [from 0x008000 to 0x00bfff] {
          ro section __DLIB_PERTHREAD_init, ro section .far.data_init,
          ro section .far_func.textrw_init, ro section .huge.data_init,
          ro section .huge_func.textrw_init, ro section .iar.init_table,
          ro section .init_array, ro section .near.data_init,
          ro section .near.rodata, ro section .near_func.text,
          ro section .near_func.textrw_init, ro section .tiny.data_init,
          ro section .tiny.rodata_init };
"P4":  place in [from 0x008000 to 0x00bfff] {
          ro section .far.rodata, ro section .far_func.text };
"P5":  place in [from 0x008000 to 0x00bfff] {
          ro section .huge.rodata, ro section .huge_func.text };
do not initialize {
   rw section .eeprom.noinit, rw section .far.noinit, rw section .huge.noinit,
   rw section .near.noinit, rw section .tiny.noinit, rw section .vregs };
initialize by copy {
   rw section .far.bss, rw section .far.data, rw section .far_func.textrw,
   rw section .huge.bss, rw section .huge.data, rw section .huge_func.textrw,
   rw section .iar.dynexit, rw section .near.bss, rw section .near.data,
   rw section .near_func.textrw, rw section .tiny.bss, rw section .tiny.data,
   ro section .tiny.rodata };

No sections matched the following patterns:

  ro section .far.data_init          in "P3-P5"
  ro section .far.rodata             in "P3-P5"
  ro section .far_func.text          in "P3-P5"
  ro section .far_func.textrw_init   in "P3-P5"
  ro section .huge.data_init         in "P3-P5"
  ro section .huge.rodata            in "P3-P5"
  ro section .huge_func.text         in "P3-P5"
  ro section .huge_func.textrw_init  in "P3-P5"
  ro section .iar.init_table         in "P3-P5"
  ro section .init_array             in "P3-P5"
  ro section .near_func.textrw_init  in "P3-P5"
  ro section .tiny.data_init         in "P3-P5"
  ro section .tiny.rodata_init       in "P3-P5"
  ro section __DLIB_PERTHREAD_init   in "P3-P5"
  rw section .far.bss                in "P2"
  rw section .far.data               in "P2"
  rw section .far.noinit             in "P2"
  rw section .far_func.textrw        in "P2"
  rw section .huge.bss               in "P2"
  rw section .huge.data              in "P2"
  rw section .huge.noinit            in "P2"
  rw section .huge_func.textrw       in "P2"
  rw section .iar.dynexit            in "P2"
  rw section .near.noinit            in "P2"
  rw section .near_func.textrw       in "P2"
  rw section .tiny.bss               in "P1"
  rw section .tiny.data              in "P1"
  rw section .tiny.noinit            in "P1"
  rw section .tiny.rodata            in "P1"
  rw section __DLIB_PERTHREAD        in "P2"
  section .eeprom.data               in "P6-P8"
  section .eeprom.noinit             in "P6-P8"
  section .eeprom.rodata             in "P6-P8"


  Section            Kind      Address    Size  Object
  -------            ----      -------    ----  ------
"A0":                                     0x10
  .vregs             uninit   0x000000    0x10  vregs.o [4]
                            - 0x000010    0x10

"P2", part 1 of 3:                         0x2
  P2-1                        0x000010     0x2  <Init block>
    .near.data       inited   0x000010     0x1  user_app.o [2]
    .near.data       inited   0x000011     0x1  user_app.o [2]
                            - 0x000012     0x2

"P2", part 2 of 3:                       0x100
  HEAP                        0x000012   0x100  <Block>
    HEAP             uninit   0x000012   0x100  <Block tail>
                            - 0x000112   0x100

"P2", part 3 of 3:                        0xd6
  .near.bss          zero     0x000112    0x64  bsp_conf.o [2]
  .near.bss          zero     0x000176    0x64  bsp_conf.o [2]
  .near.bss          zero     0x0001da     0x4  bsp_conf.o [2]
  .near.bss          zero     0x0001de     0x4  xxmemxmalloc.o [4]
  .near.bss          zero     0x0001e2     0x2  bsp_conf.o [2]
  .near.bss          zero     0x0001e4     0x2  xgetmemchunk.o [4]
  .near.bss          zero     0x0001e6     0x1  bsp_conf.o [2]
  .near.bss          zero     0x0001e7     0x1  user_app.o [2]
                            - 0x0001e8    0xd6

"A1":                                    0x400
  CSTACK                      0x000400   0x400  <Block>
    CSTACK           uninit   0x000400   0x400  <Block tail>
                            - 0x000800   0x400

"A2":                                     0x80
  INTVEC                      0x008000    0x80  <Block>
    .intvec          const    0x008000    0x80  interrupt.o [4]
                            - 0x008080    0x80

"P3-P5":                                0x1bde
  .near_func.text    ro code  0x008080   0x14b  stm8l15x_itc.o [2]
  .near_func.text    ro code  0x0081cb   0x125  vreg_util.o [4]
  .near_func.text    ro code  0x0082f0   0x11f  stm8l15x_exti.o [2]
  .near_func.text    ro code  0x00840f   0x10d  long.o [4]
  .near_func.text    ro code  0x00851c    0xfd  user_app.o [2]
  .near_func.text    ro code  0x008619    0xf0  user_app.o [2]
  .near_func.text    ro code  0x008709    0xd8  bsp_conf.o [2]
  .near_func.text    ro code  0x0087e1    0xd3  xxmemxfree.o [4]
  .near_func.text    ro code  0x0088b4    0xcf  stm8l15x_usart.o [2]
  .near_func.text    ro code  0x008983    0xcf  delay.o [2]
  .near_func.text    ro code  0x008a52    0xcc  bsp_conf.o [2]
  .near_func.text    ro code  0x008b1e    0xc1  bsp_conf.o [2]
  .near_func.text    ro code  0x008bdf    0xbc  user_app.o [2]
  .near_func.text    ro code  0x008c9b    0xa9  stm8l15x_usart.o [2]
  .near_func.text    ro code  0x008d44    0x94  stm8l15x_usart.o [2]
  .near_func.text    ro code  0x008dd8    0x92  xxmemxmalloc.o [4]
  .near_func.text    ro code  0x008e6a    0x91  stm8l15x_clk.o [2]
  .near_func.text    ro code  0x008efb    0x8e  stm8l15x_clk.o [2]
  .near_func.text    ro code  0x008f89    0x8e  stm8l15x_gpio.o [2]
  .near_func.text    ro code  0x009017    0x87  main.o [2]
  .near_func.text    ro code  0x00909e    0x77  bsp_conf.o [2]
  .near_func.text    ro code  0x009115    0x6c  user_app.o [2]
  .near_func.text    ro code  0x009181    0x6a  bsp_conf.o [2]
  .near_func.text    ro code  0x0091eb    0x65  stm8l15x_tim2.o [2]
  .near_func.text    ro code  0x009250    0x65  stm8l15x_tim3.o [2]
  .near_func.text    ro code  0x0092b5    0x63  xxmemxmalloc.o [4]
  .near_func.text    ro code  0x009318    0x5e  bsp_conf.o [2]
  .near_func.text    ro code  0x009376    0x56  user_app.o [2]
  .near_func.text    ro code  0x0093cc    0x4c  bsp_conf.o [2]
  .near_func.text    ro code  0x009418    0x48  bsp_conf.o [2]
  .near_func.text    ro code  0x009460    0x45  bsp_conf.o [2]
  .near_func.text    ro code  0x0094a5    0x3e  bsp_conf.o [2]
  .near_func.text    ro code  0x0094e3    0x3d  bsp_conf.o [2]
  .near_func.text    ro code  0x009520    0x3c  bsp_conf.o [2]
  .near_func.text    ro code  0x00955c    0x39  bsp_conf.o [2]
  .near_func.text    ro code  0x009595    0x36  long_util.o [4]
  .near_func.text    ro code  0x0095cb    0x35  stm8l15x_usart.o [2]
  .near_func.text    ro code  0x009600    0x2c  bsp_conf.o [2]
  .near_func.text    ro code  0x00962c    0x2b  stm8l15x_usart.o [2]
  .near_func.text    ro code  0x009657    0x2b  bsp_conf.o [2]
  .near_func.text    ro code  0x009682    0x28  init_small.o [4]
  .near_func.text    ro code  0x0096aa    0x27  stm8l15x_usart.o [2]
  .near_func.text    ro code  0x0096d1    0x27  bsp_conf.o [2]
  .near_func.text    ro code  0x0096f8    0x25  stm8l15x_tim2.o [2]
  .near_func.text    ro code  0x00971d    0x25  stm8l15x_tim3.o [2]
  .near_func.text    ro code  0x009742    0x24  stm8l15x_tim2.o [2]
  .near_func.text    ro code  0x009766    0x24  stm8l15x_tim3.o [2]
  .near_func.text    ro code  0x00978a    0x22  stm8l15x_exti.o [2]
  .near_func.text    ro code  0x0097ac    0x22  bsp_conf.o [2]
  .near_func.text    ro code  0x0097ce    0x21  stm8l15x_tim4.o [2]
  .iar.init_table    const    0x0097ef    0x12  - Linker created -
  .near.rodata       const    0x009801    0x1e  delay.o [2]
  .near_func.text    ro code  0x00981f    0x1e  init_small.o [4]
  .near.rodata       const    0x00983d    0x1d  bsp_conf.o [2]
  .near.rodata       const    0x00985a    0x1d  user_app.o [2]
  .near_func.text    ro code  0x009877    0x1d  delay.o [2]
  .near.rodata       const    0x009894    0x1c  bsp_conf.o [2]
  .near.rodata       const    0x0098b0    0x1c  user_app.o [2]
  .near_func.text    ro code  0x0098cc    0x1c  stm8l15x_it.o [2]
  .near_func.text    ro code  0x0098e8    0x1c  stm8l15x_it.o [2]
  .near_func.text    ro code  0x009904    0x1a  stm8l15x_tim2.o [2]
  .near_func.text    ro code  0x00991e    0x1a  stm8l15x_tim3.o [2]
  .near_func.text    ro code  0x009938    0x1a  stm8l15x_tim4.o [2]
  .near_func.text    ro code  0x009952    0x1a  delay.o [2]
  .near_func.text    ro code  0x00996c    0x19  xgetmemchunk.o [4]
  .near.rodata       const    0x009985    0x16  bsp_conf.o [2]
  .near_func.text    ro code  0x00999b    0x16  stm8l15x_it.o [2]
  .near_func.text    ro code  0x0099b1    0x16  stm8l15x_it.o [2]
  .near_func.text    ro code  0x0099c7    0x16  stm8l15x_it.o [2]
  .near_func.text    ro code  0x0099dd    0x16  stm8l15x_it.o [2]
  .near_func.text    ro code  0x0099f3    0x16  stm8l15x_it.o [2]
  .near_func.text    ro code  0x009a09    0x16  memset.o [4]
  .near.rodata       const    0x009a1f    0x15  bsp_conf.o [2]
  .near.rodata       const    0x009a34    0x14  bsp_conf.o [2]
  .near_func.text    ro code  0x009a48    0x14  init.o [4]
  .near_func.text    ro code  0x009a5c    0x14  __dbg_xxexit.o [3]
  .near_func.text    ro code  0x009a70    0x13  cstartup.o [4]
  .near.rodata       const    0x009a83    0x11  bsp_conf.o [2]
  .near_func.text    ro code  0x009a94    0x11  stm8l15x_tim4.o [2]
  .near.rodata       const    0x009aa5    0x10  bsp_conf.o [2]
  .near.rodata       const    0x009ab5     0xe  bsp_conf.o [2]
  .near_func.text    ro code  0x009ac3     0xe  stm8l15x_clk.o [2]
  .near_func.text    ro code  0x009ad1     0xe  stm8l15x_pwr.o [2]
  .near_func.text    ro code  0x009adf     0xe  stm8l15x_tim2.o [2]
  .near_func.text    ro code  0x009aed     0xe  stm8l15x_tim2.o [2]
  .near_func.text    ro code  0x009afb     0xe  stm8l15x_tim3.o [2]
  .near_func.text    ro code  0x009b09     0xe  stm8l15x_tim3.o [2]
  .near_func.text    ro code  0x009b17     0xe  stm8l15x_tim4.o [2]
  .near_func.text    ro code  0x009b25     0xe  stm8l15x_tim4.o [2]
  .near.rodata       const    0x009b33     0xd  bsp_conf.o [2]
  .near.rodata       const    0x009b40     0xd  bsp_conf.o [2]
  .near_func.text    ro code  0x009b4d     0xd  short.o [4]
  .near_func.text    ro code  0x009b5a     0xd  move.o [4]
  .near_func.text    ro code  0x009b67     0xd  strlen.o [4]
  .near.rodata       const    0x009b74     0xc  bsp_conf.o [2]
  .near.rodata       const    0x009b80     0xc  bsp_conf.o [2]
  .near_func.text    ro code  0x009b8c     0xb  stm8l15x_tim2.o [2]
  .near_func.text    ro code  0x009b97     0xb  stm8l15x_tim3.o [2]
  .near.rodata       const    0x009ba2     0xa  bsp_conf.o [2]
  .near.rodata       const    0x009bac     0xa  user_app.o [2]
  .near_func.text    ro code  0x009bb6     0x9  stm8l15x_tim2.o [2]
  .near_func.text    ro code  0x009bbf     0x9  stm8l15x_tim2.o [2]
  .near_func.text    ro code  0x009bc8     0x9  stm8l15x_tim3.o [2]
  .near_func.text    ro code  0x009bd1     0x9  stm8l15x_tim3.o [2]
  .near_func.text    ro code  0x009bda     0x9  stm8l15x_tim4.o [2]
  .near_func.text    ro code  0x009be3     0x9  stm8l15x_tim4.o [2]
  .near.rodata       const    0x009bec     0x8  bsp_conf.o [2]
  .near_func.text    ro code  0x009bf4     0x7  xxmemxmalloc.o [4]
  .near_func.text    ro code  0x009bfb     0x6  stm8l15x_usart.o [2]
  .near_func.text    ro code  0x009c01     0x6  bsp_conf.o [2]
  .near.rodata       const    0x009c07     0x5  stm8l15x_clk.o [2]
  .near.rodata       const    0x009c0c     0x5  bsp_conf.o [2]
  .near.rodata       const    0x009c11     0x5  user_app.o [2]
  .near.rodata       const    0x009c16     0x5  user_app.o [2]
  .near_func.text    ro code  0x009c1b     0x5  stm8l15x_usart.o [2]
  .near_func.text    ro code  0x009c20     0x5  cexit.o [4]
  .near.rodata       const    0x009c25     0x4  user_app.o [2]
  .near.rodata       const    0x009c29     0x4  user_app.o [2]
  .near_func.text    ro code  0x009c2d     0x4  stm8l15x_clk.o [2]
  .near_func.text    ro code  0x009c31     0x4  stm8l15x_clk.o [2]
  .near_func.text    ro code  0x009c35     0x3  stm8l15x_usart.o [2]
  .near_func.text    ro code  0x009c38     0x3  exit.o [4]
  .near_func.text    ro code  0x009c3b     0x3  interrupt.o [4]
  .near_func.text    ro code  0x009c3e     0x3  low_level_init.o [4]
  .near_func.text    ro code  0x009c41     0x3  unhandled_exception.o [4]
  Initializer bytes  const    0x009c44     0x2  <for P2-1>
  .near_func.text    ro code  0x009c46     0x1  stm8l15x_it.o [2]
  .near_func.text    ro code  0x009c47     0x1  stm8l15x_it.o [2]
  .near_func.text    ro code  0x009c48     0x1  stm8l15x_it.o [2]
  .near_func.text    ro code  0x009c49     0x1  stm8l15x_it.o [2]
  .near_func.text    ro code  0x009c4a     0x1  stm8l15x_it.o [2]
  .near_func.text    ro code  0x009c4b     0x1  stm8l15x_it.o [2]
  .near_func.text    ro code  0x009c4c     0x1  stm8l15x_it.o [2]
  .near_func.text    ro code  0x009c4d     0x1  stm8l15x_it.o [2]
  .near_func.text    ro code  0x009c4e     0x1  stm8l15x_it.o [2]
  .near_func.text    ro code  0x009c4f     0x1  stm8l15x_it.o [2]
  .near_func.text    ro code  0x009c50     0x1  stm8l15x_it.o [2]
  .near_func.text    ro code  0x009c51     0x1  stm8l15x_it.o [2]
  .near_func.text    ro code  0x009c52     0x1  stm8l15x_it.o [2]
  .near_func.text    ro code  0x009c53     0x1  stm8l15x_it.o [2]
  .near_func.text    ro code  0x009c54     0x1  stm8l15x_it.o [2]
  .near_func.text    ro code  0x009c55     0x1  stm8l15x_it.o [2]
  .near_func.text    ro code  0x009c56     0x1  stm8l15x_it.o [2]
  .near_func.text    ro code  0x009c57     0x1  stm8l15x_it.o [2]
  .near_func.text    ro code  0x009c58     0x1  stm8l15x_it.o [2]
  .near_func.text    ro code  0x009c59     0x1  stm8l15x_it.o [2]
  .near_func.text    ro code  0x009c5a     0x1  stm8l15x_it.o [2]
  .near_func.text    ro code  0x009c5b     0x1  stm8l15x_it.o [2]
  .near_func.text    ro code  0x009c5c     0x1  stm8l15x_it.o [2]
  .near_func.text    ro code  0x009c5d     0x1  __dbg_break.o [3]
                            - 0x009c5e  0x1bde


*******************************************************************************
*** INIT TABLE
***

          Address   Size
          -------   ----
Zero (__iar_zero_init2)
    1 destination range, total size 0xd6:
          0x000112  0xd6

Copy (__iar_copy_init2)
    1 source range, total size 0x2:
          0x009c44   0x2
    1 destination range, total size 0x2:
          0x000010   0x2



*******************************************************************************
*** MODULE SUMMARY
***

    Module                 ro code  ro data  rw data
    ------                 -------  -------  -------
command line: [1]
    ------------------------------------------------
    Total:

d:\myfile_yan\BLE-MESH\BLE_MESH_PROJECT\out\Debug: [2]
    bsp_conf.o               1 555      240      207
    delay.o                    262       30
    main.o                     135
    stm8l15x_clk.o             309        5
    stm8l15x_exti.o            321
    stm8l15x_gpio.o            142
    stm8l15x_it.o              189
    stm8l15x_itc.o             331
    stm8l15x_pwr.o              14
    stm8l15x_tim2.o            257
    stm8l15x_tim3.o            257
    stm8l15x_tim4.o            122
    stm8l15x_usart.o           673
    user_app.o                 875       87        3
    ------------------------------------------------
    Total:                   5 442      362      210

dbgstm8smd.a: [3]
    __dbg_break.o                1
    __dbg_xxexit.o              20
    ------------------------------------------------
    Total:                      21

dlstm8smf.a: [4]
    cexit.o                      5
    cstartup.o                  19
    exit.o                       3
    init.o                      20
    init_small.o                70
    interrupt.o                  3      128
    long.o                     269
    long_util.o                 54
    low_level_init.o             3
    memset.o                    22
    move.o                      13
    short.o                     13
    strlen.o                    13
    unhandled_exception.o        3
    vreg_util.o                293
    vregs.o                                       16
    xgetmemchunk.o              25                 2
    xxmemxfree.o               211
    xxmemxmalloc.o             252                 4
    ------------------------------------------------
    Total:                   1 291      128       22

    Linker created                       18    1 280
----------------------------------------------------
    Grand Total:             6 754      508    1 512


*******************************************************************************
*** ENTRY LIST
***

Entry                    Address   Size  Type      Object
-----                    -------   ----  ----      ------
.iar.init_table$$Base   0x0097ef          --   Gb  - Linker created -
.iar.init_table$$Limit  0x009801          --   Gb  - Linker created -
?b0                     0x000000         Data  Gb  vregs.o [4]
?b1                     0x000001         Data  Gb  vregs.o [4]
?b10                    0x00000a         Data  Gb  vregs.o [4]
?b11                    0x00000b         Data  Gb  vregs.o [4]
?b12                    0x00000c         Data  Gb  vregs.o [4]
?b13                    0x00000d         Data  Gb  vregs.o [4]
?b14                    0x00000e         Data  Gb  vregs.o [4]
?b15                    0x00000f         Data  Gb  vregs.o [4]
?b2                     0x000002         Data  Gb  vregs.o [4]
?b3                     0x000003         Data  Gb  vregs.o [4]
?b4                     0x000004         Data  Gb  vregs.o [4]
?b5                     0x000005         Data  Gb  vregs.o [4]
?b6                     0x000006         Data  Gb  vregs.o [4]
?b7                     0x000007         Data  Gb  vregs.o [4]
?b8                     0x000008         Data  Gb  vregs.o [4]
?b9                     0x000009         Data  Gb  vregs.o [4]
?dec32_0x_0x            0x008414         Code  Gb  long.o [4]
?dec32_l0_l0            0x00840f         Code  Gb  long.o [4]
?e0                     0x000001         Data  Gb  vregs.o [4]
?e1                     0x000005         Data  Gb  vregs.o [4]
?e2                     0x000009         Data  Gb  vregs.o [4]
?e3                     0x00000d         Data  Gb  vregs.o [4]
?epilogue_l2            0x008298         Code  Gb  vreg_util.o [4]
?epilogue_l2_l3         0x008295         Code  Gb  vreg_util.o [4]
?epilogue_l2_w6         0x00829c         Code  Gb  vreg_util.o [4]
?epilogue_w4            0x0082a3         Code  Gb  vreg_util.o [4]
?l0                     0x000000         Data  Gb  vregs.o [4]
?l1                     0x000004         Data  Gb  vregs.o [4]
?l2                     0x000008         Data  Gb  vregs.o [4]
?l3                     0x00000c         Data  Gb  vregs.o [4]
?load32_0x_l0           0x0095bd         Code  Gb  long_util.o [4]
?load32_l0_0x           0x009595         Code  Gb  long_util.o [4]
?load32_l1_0x           0x0095b1         Code  Gb  long_util.o [4]
?load32_l1_asp          0x0095a6         Code  Gb  long_util.o [4]
?load32_l1_dbsp         0x0095a1         Code  Gb  long_util.o [4]
?load32_l1_xsp          0x0095a8         Code  Gb  long_util.o [4]
?mov_e0_e2              0x0082bf         Code  Gb  vreg_util.o [4]
?mov_e0_e3              0x0082cc         Code  Gb  vreg_util.o [4]
?mov_e2_e0              0x0082d9         Code  Gb  vreg_util.o [4]
?mov_e3_e0              0x0082e6         Code  Gb  vreg_util.o [4]
?mov_l0_l2              0x0082bc         Code  Gb  vreg_util.o [4]
?mov_l0_l3              0x0082c9         Code  Gb  vreg_util.o [4]
?mov_l2_l0              0x0082d6         Code  Gb  vreg_util.o [4]
?mov_l3_l0              0x0082e3         Code  Gb  vreg_util.o [4]
?mov_w0_w3              0x0082a7         Code  Gb  vreg_util.o [4]
?mov_w1_w5              0x0082c2         Code  Gb  vreg_util.o [4]
?mov_w1_w7              0x0082cf         Code  Gb  vreg_util.o [4]
?mov_w2_w1              0x0082ae         Code  Gb  vreg_util.o [4]
?mov_w5_w1              0x0082dc         Code  Gb  vreg_util.o [4]
?mov_w5_w4              0x0082b5         Code  Gb  vreg_util.o [4]
?mov_w7_w1              0x0082e9         Code  Gb  vreg_util.o [4]
?move1616_v_x_y_a       0x009b5a         Code  Gb  move.o [4]
?mul32_l0_l0_0x         0x008428         Code  Gb  long.o [4]
?mul32_l0_l0_l1         0x008431         Code  Gb  long.o [4]
?pop_e2                 0x008216         Code  Gb  vreg_util.o [4]
?pop_l0                 0x008261         Code  Gb  vreg_util.o [4]
?pop_l1                 0x00826c         Code  Gb  vreg_util.o [4]
?pop_l2                 0x008277         Code  Gb  vreg_util.o [4]
?pop_l3                 0x008282         Code  Gb  vreg_util.o [4]
?pop_w4                 0x0081e8         Code  Gb  vreg_util.o [4]
?pop_w6                 0x0081ef         Code  Gb  vreg_util.o [4]
?push_e2                0x0081fe         Code  Gb  vreg_util.o [4]
?push_l0                0x008230         Code  Gb  vreg_util.o [4]
?push_l1                0x008235         Code  Gb  vreg_util.o [4]
?push_l2                0x00823a         Code  Gb  vreg_util.o [4]
?push_l3                0x00823f         Code  Gb  vreg_util.o [4]
?push_w4                0x0081cb         Code  Gb  vreg_util.o [4]
?push_w6                0x0081d0         Code  Gb  vreg_util.o [4]
?sll16_x_x_a            0x009b4d         Code  Gb  short.o [4]
?srl16_x_x_4            0x009b55         Code  Gb  short.o [4]
?udiv32_l0_l0_l1        0x0084af         Code  Gb  long.o [4]
?umod32_l1_l0_l1        0x0084af         Code  Gb  long.o [4]
?w0                     0x000000         Data  Gb  vregs.o [4]
?w1                     0x000002         Data  Gb  vregs.o [4]
?w2                     0x000004         Data  Gb  vregs.o [4]
?w3                     0x000006         Data  Gb  vregs.o [4]
?w4                     0x000008         Data  Gb  vregs.o [4]
?w5                     0x00000a         Data  Gb  vregs.o [4]
?w6                     0x00000c         Data  Gb  vregs.o [4]
?w7                     0x00000e         Data  Gb  vregs.o [4]
ADC1_COMP_IRQHandler    0x009c55    0x1  Code  Gb  stm8l15x_it.o [2]
AT_Get_State            0x008619   0xf0  Code  Gb  user_app.o [2]
AT_Send                 0x008bdf   0xbc  Code  Gb  user_app.o [2]
BLE_STA_flag            0x000010    0x1  Data  Gb  user_app.o [2]
BLE_status_it           0x009115   0x6c  Code  Gb  user_app.o [2]
CLK_GetClockFreq        0x008e6a   0x91  Code  Gb  stm8l15x_clk.o [2]
CLK_HSICmd              0x009ac3    0xe  Code  Gb  stm8l15x_clk.o [2]
CLK_PeripheralClockConfig
                        0x008efb   0x8e  Code  Gb  stm8l15x_clk.o [2]
CLK_SYSCLKDivConfig     0x009c31    0x4  Code  Gb  stm8l15x_clk.o [2]
CLK_SYSCLKSourceConfig  0x009c2d    0x4  Code  Gb  stm8l15x_clk.o [2]
CSTACK$$Base            0x000400          --   Gb  - Linker created -
CSTACK$$Limit           0x000800          --   Gb  - Linker created -
DMA1_CHANNEL0_1_IRQHandler
                        0x009c48    0x1  Code  Gb  stm8l15x_it.o [2]
DMA1_CHANNEL2_3_IRQHandler
                        0x009c49    0x1  Code  Gb  stm8l15x_it.o [2]
EXTI0_IRQHandler        0x009c4d    0x1  Code  Gb  stm8l15x_it.o [2]
EXTI1_IRQHandler        0x009c4e    0x1  Code  Gb  stm8l15x_it.o [2]
EXTI2_IRQHandler        0x00999b   0x16  Code  Gb  stm8l15x_it.o [2]
EXTI3_IRQHandler        0x009c4f    0x1  Code  Gb  stm8l15x_it.o [2]
EXTI4_IRQHandler        0x0098e8   0x1c  Code  Gb  stm8l15x_it.o [2]
EXTI5_IRQHandler        0x009c50    0x1  Code  Gb  stm8l15x_it.o [2]
EXTI6_IRQHandler        0x009c51    0x1  Code  Gb  stm8l15x_it.o [2]
EXTI7_IRQHandler        0x009c52    0x1  Code  Gb  stm8l15x_it.o [2]
EXTIB_G_IRQHandler      0x0098cc   0x1c  Code  Gb  stm8l15x_it.o [2]
EXTID_H_IRQHandler      0x009c4c    0x1  Code  Gb  stm8l15x_it.o [2]
EXTIE_F_PVD_IRQHandler  0x009c4b    0x1  Code  Gb  stm8l15x_it.o [2]
EXTI_ClearITPendingBit  0x00978a   0x22  Code  Gb  stm8l15x_exti.o [2]
EXTI_SetPinSensitivity  0x0082f0  0x11f  Code  Gb  stm8l15x_exti.o [2]
FLASH_IRQHandler        0x009c47    0x1  Code  Gb  stm8l15x_it.o [2]
GPIO_Init               0x008f89   0x8e  Code  Gb  stm8l15x_gpio.o [2]
HEAP$$Base              0x000012          --   Gb  - Linker created -
HEAP$$Limit             0x000112          --   Gb  - Linker created -
I2C1_SPI2_IRQHandler    0x009c5c    0x1  Code  Gb  stm8l15x_it.o [2]
INTVEC$$Base            0x008000          --   Gb  - Linker created -
INTVEC$$Limit           0x008080          --   Gb  - Linker created -
ITC_SetSoftwarePriority
                        0x008080  0x14b  Code  Gb  stm8l15x_itc.o [2]
LCD_AES_IRQHandler      0x009c53    0x1  Code  Gb  stm8l15x_it.o [2]
LOCK_STA_flag           0x000011    0x1  Data  Gb  user_app.o [2]
MESH_cmd                0x008a52   0xcc  Code  Gb  bsp_conf.o [2]
PWR_UltraLowPowerCmd    0x009ad1    0xe  Code  Gb  stm8l15x_pwr.o [2]
RTC_CSSLSE_IRQHandler   0x009c4a    0x1  Code  Gb  stm8l15x_it.o [2]
Region$$Table$$Base     0x0097ef          --   Gb  - Linker created -
Region$$Table$$Limit    0x009801          --   Gb  - Linker created -
SPI1_IRQHandler         0x009c5a    0x1  Code  Gb  stm8l15x_it.o [2]
SWITCH_CSS_BREAK_DAC_IRQHandler
                        0x009c54    0x1  Code  Gb  stm8l15x_it.o [2]
SYSDivFactor            0x009c07    0x5  Data  Gb  stm8l15x_clk.o [2]
SYS_STA_flag            0x0001e7    0x1  Data  Gb  user_app.o [2]
TIM1_CC_IRQHandler      0x009c59    0x1  Code  Gb  stm8l15x_it.o [2]
TIM1_UPD_OVF_TRG_COM_IRQHandler
                        0x009c58    0x1  Code  Gb  stm8l15x_it.o [2]
TIM2_ARRPreloadConfig   0x009adf    0xe  Code  Gb  stm8l15x_tim2.o [2]
TIM2_CC_USART2_RX_IRQHandler
                        0x009c56    0x1  Code  Gb  stm8l15x_it.o [2]
TIM2_ClearFlag          0x009b8c    0xb  Code  Gb  stm8l15x_tim2.o [2]
TIM2_ClearITPendingBit  0x009bbf    0x9  Code  Gb  stm8l15x_tim2.o [2]
TIM2_Cmd                0x009aed    0xe  Code  Gb  stm8l15x_tim2.o [2]
TIM2_DeInit             0x0091eb   0x65  Code  Gb  stm8l15x_tim2.o [2]
TIM2_GetFlagStatus      0x0096f8   0x25  Code  Gb  stm8l15x_tim2.o [2]
TIM2_IRQHandler         0x0096d1   0x27  Code  Gb  bsp_conf.o [2]
TIM2_ITConfig           0x009904   0x1a  Code  Gb  stm8l15x_tim2.o [2]
TIM2_SetCounter         0x009bb6    0x9  Code  Gb  stm8l15x_tim2.o [2]
TIM2_TimeBaseInit       0x009742   0x24  Code  Gb  stm8l15x_tim2.o [2]
TIM2_UPD_OVF_TRG_BRK_USART2_TX_IRQHandler
                        0x0099b1   0x16  Code  Gb  stm8l15x_it.o [2]
TIM3_ARRPreloadConfig   0x009afb    0xe  Code  Gb  stm8l15x_tim3.o [2]
TIM3_CC_USART3_RX_IRQHandler
                        0x009c57    0x1  Code  Gb  stm8l15x_it.o [2]
TIM3_ClearFlag          0x009b97    0xb  Code  Gb  stm8l15x_tim3.o [2]
TIM3_ClearITPendingBit  0x009bd1    0x9  Code  Gb  stm8l15x_tim3.o [2]
TIM3_Cmd                0x009b09    0xe  Code  Gb  stm8l15x_tim3.o [2]
TIM3_DeInit             0x009250   0x65  Code  Gb  stm8l15x_tim3.o [2]
TIM3_GetFlagStatus      0x00971d   0x25  Code  Gb  stm8l15x_tim3.o [2]
TIM3_IRQHandler         0x0097ac   0x22  Code  Gb  bsp_conf.o [2]
TIM3_ITConfig           0x00991e   0x1a  Code  Gb  stm8l15x_tim3.o [2]
TIM3_SetCounter         0x009bc8    0x9  Code  Gb  stm8l15x_tim3.o [2]
TIM3_TimeBaseInit       0x009766   0x24  Code  Gb  stm8l15x_tim3.o [2]
TIM3_UPD_OVF_TRG_BRK_USART3_TX_IRQHandler
                        0x0099c7   0x16  Code  Gb  stm8l15x_it.o [2]
TIM4_ARRPreloadConfig   0x009b17    0xe  Code  Gb  stm8l15x_tim4.o [2]
TIM4_ClearFlag          0x009bda    0x9  Code  Gb  stm8l15x_tim4.o [2]
TIM4_ClearITPendingBit  0x009be3    0x9  Code  Gb  stm8l15x_tim4.o [2]
TIM4_Cmd                0x009b25    0xe  Code  Gb  stm8l15x_tim4.o [2]
TIM4_DeInit             0x0097ce   0x21  Code  Gb  stm8l15x_tim4.o [2]
TIM4_ITConfig           0x009938   0x1a  Code  Gb  stm8l15x_tim4.o [2]
TIM4_TimeBaseInit       0x009a94   0x11  Code  Gb  stm8l15x_tim4.o [2]
TIM4_UPD_OVF_TRG_IRQHandler
                        0x0099dd   0x16  Code  Gb  stm8l15x_it.o [2]
TRAP_IRQHandler         0x009c46    0x1  Code  Gb  stm8l15x_it.o [2]
USART1_IRQHandler       0x009181   0x6a  Code  Gb  bsp_conf.o [2]
USART1_RX_STA           0x0001e2    0x2  Data  Gb  bsp_conf.o [2]
USART1_RX_TIM5_CC_IRQHandler
                        0x0099f3   0x16  Code  Gb  stm8l15x_it.o [2]
USART1_RX_buf           0x000112   0x64  Data  Gb  bsp_conf.o [2]
USART1_STA_buf          0x000176   0x64  Data  Gb  bsp_conf.o [2]
USART1_SendWord         0x009657   0x2b  Code  Gb  bsp_conf.o [2]
USART1_TX_TIM5_UPD_OVF_TRG_BRK_IRQHandler
                        0x009c5b    0x1  Code  Gb  stm8l15x_it.o [2]
USART_ClearITPendingBit
                        0x009c1b    0x5  Code  Gb  stm8l15x_usart.o [2]
USART_Cmd               0x00962c   0x2b  Code  Gb  stm8l15x_usart.o [2]
USART_DeInit            0x0096aa   0x27  Code  Gb  stm8l15x_usart.o [2]
USART_GetFlagStatus     0x0095cb   0x35  Code  Gb  stm8l15x_usart.o [2]
USART_GetITStatus       0x008c9b   0xa9  Code  Gb  stm8l15x_usart.o [2]
USART_ITConfig          0x008d44   0x94  Code  Gb  stm8l15x_usart.o [2]
USART_Init              0x0088b4   0xcf  Code  Gb  stm8l15x_usart.o [2]
USART_ReceiveData8      0x009c35    0x3  Code  Gb  stm8l15x_usart.o [2]
USART_SendData8         0x009bfb    0x6  Code  Gb  stm8l15x_usart.o [2]
__DebugBreak            0x009c5d    0x1  Code  Gb  __dbg_break.o [3]
__exit                  0x009a5c   0x14  Code  Gb  __dbg_xxexit.o [3]
__iar_copy_init2        0x009682         Code  Gb  init_small.o [4]
__iar_data_init2        0x009a48   0x14  Code  Gb  init.o [4]
__iar_program_start     0x009a70         Code  Gb  cstartup.o [4]
__iar_unhandled_exception
                        0x009c41         Code  Gb  unhandled_exception.o [4]
__iar_zero_init2        0x00981f         Code  Gb  init_small.o [4]
__intvec                0x008000         Data  Gb  interrupt.o [4]
__low_level_init        0x009c3e    0x3  Code  Gb  low_level_init.o [4]
__near_Aldata           0x0001de    0x4  Data  Gb  xxmemxmalloc.o [4]
__near_GetMemChunk      0x00996c   0x19  Code  Gb  xgetmemchunk.o [4]
__near_GetMemChunk::start
                        0x0001e4    0x2  Data  Lc  xgetmemchunk.o [4]
__near_findmem          0x0092b5   0x63  Code  Lc  xxmemxmalloc.o [4]
_exit                   0x009c20         Code  Gb  cexit.o [4]
_interrupt_1            0x009c46         Code  Gb  stm8l15x_it.o [2]
_interrupt_10           0x009c4d         Code  Gb  stm8l15x_it.o [2]
_interrupt_11           0x009c4e         Code  Gb  stm8l15x_it.o [2]
_interrupt_12           0x00999b         Code  Gb  stm8l15x_it.o [2]
_interrupt_13           0x009c4f         Code  Gb  stm8l15x_it.o [2]
_interrupt_14           0x0098e8         Code  Gb  stm8l15x_it.o [2]
_interrupt_15           0x009c50         Code  Gb  stm8l15x_it.o [2]
_interrupt_16           0x009c51         Code  Gb  stm8l15x_it.o [2]
_interrupt_17           0x009c52         Code  Gb  stm8l15x_it.o [2]
_interrupt_18           0x009c53         Code  Gb  stm8l15x_it.o [2]
_interrupt_19           0x009c54         Code  Gb  stm8l15x_it.o [2]
_interrupt_20           0x009c55         Code  Gb  stm8l15x_it.o [2]
_interrupt_21           0x0099b1         Code  Gb  stm8l15x_it.o [2]
_interrupt_22           0x009c56         Code  Gb  stm8l15x_it.o [2]
_interrupt_23           0x0099c7         Code  Gb  stm8l15x_it.o [2]
_interrupt_24           0x009c57         Code  Gb  stm8l15x_it.o [2]
_interrupt_25           0x009c58         Code  Gb  stm8l15x_it.o [2]
_interrupt_26           0x009c59         Code  Gb  stm8l15x_it.o [2]
_interrupt_27           0x0099dd         Code  Gb  stm8l15x_it.o [2]
_interrupt_28           0x009c5a         Code  Gb  stm8l15x_it.o [2]
_interrupt_29           0x009c5b         Code  Gb  stm8l15x_it.o [2]
_interrupt_3            0x009c47         Code  Gb  stm8l15x_it.o [2]
_interrupt_30           0x0099f3         Code  Gb  stm8l15x_it.o [2]
_interrupt_31           0x009c5c         Code  Gb  stm8l15x_it.o [2]
_interrupt_4            0x009c48         Code  Gb  stm8l15x_it.o [2]
_interrupt_5            0x009c49         Code  Gb  stm8l15x_it.o [2]
_interrupt_6            0x009c4a         Code  Gb  stm8l15x_it.o [2]
_interrupt_7            0x009c4b         Code  Gb  stm8l15x_it.o [2]
_interrupt_8            0x0098cc         Code  Gb  stm8l15x_it.o [2]
_interrupt_9            0x009c4c         Code  Gb  stm8l15x_it.o [2]
beep_period_buf         0x009bec    0x8  Data  Gb  bsp_conf.o [2]
beep_play               0x008b1e   0xc1  Code  Gb  bsp_conf.o [2]
beep_play_time          0x0001da    0x4  Data  Gb  bsp_conf.o [2]
ble_lock                0x009376   0x56  Code  Gb  user_app.o [2]
bsp_beep_freq           0x00909e   0x77  Code  Gb  bsp_conf.o [2]
bsp_beep_it             0x009460   0x45  Code  Gb  bsp_conf.o [2]
bsp_beep_play_ms        0x009600   0x2c  Code  Gb  bsp_conf.o [2]
bsp_clk_init            0x00955c   0x39  Code  Gb  bsp_conf.o [2]
bsp_gpio_init           0x008709   0xd8  Code  Gb  bsp_conf.o [2]
bsp_key_detec           0x009318   0x5e  Code  Gb  bsp_conf.o [2]
bsp_key_it              0x009c01    0x6  Code  Gb  bsp_conf.o [2]
bsp_tim2_init           0x009520   0x3c  Code  Gb  bsp_conf.o [2]
bsp_tim3_init           0x0094e3   0x3d  Code  Gb  bsp_conf.o [2]
bsp_tim4_init           0x0094a5   0x3e  Code  Gb  bsp_conf.o [2]
bsp_uart_init           0x0093cc   0x4c  Code  Gb  bsp_conf.o [2]
connect2                0x008983   0xcf  Code  Gb  delay.o [2]
delay_ms_1              0x009952   0x1a  Code  Gb  delay.o [2]
delay_us_1              0x009877   0x1d  Code  Gb  delay.o [2]
exit                    0x009c38    0x3  Code  Gb  exit.o [4]
free                    0x0087e1   0xc9  Code  Gb  xxmemxfree.o [4]
key_flag                0x0001e6    0x1  Data  Gb  bsp_conf.o [2]
main                    0x009017   0x87  Code  Gb  main.o [2]
malloc                  0x008dd8   0x92  Code  Gb  xxmemxmalloc.o [4]
memset                  0x009a09   0x16  Code  Gb  memset.o [4]
mode_IRQHandler         0x009418   0x48  Code  Gb  bsp_conf.o [2]
strlen                  0x009b67    0xd  Code  Gb  strlen.o [4]
user_app_run            0x00851c   0xfd  Code  Gb  user_app.o [2]


[1] = command line
[2] = d:\myfile_yan\BLE-MESH\BLE_MESH_PROJECT\out\Debug
[3] = dbgstm8smd.a
[4] = dlstm8smf.a

  6 754 bytes of readonly  code memory
    508 bytes of readonly  data memory
  1 512 bytes of readwrite data memory

Errors: none
Warnings: none
