###############################################################################
#
# IAR ELF Linker V3.11.1.207 for STM8                     23/Dec/2020  17:13:48
# Copyright 2010-2019 IAR Systems AB.
#
#    Output file  =  .\out\Debug\BLE_MESH_PROJECT.out
#    Map file     =  .\out\Debug\BLE_MESH_PROJECT.map
#    Command line =  
#        -f
#        d:\myfile_yan\BLE-MESH\BLE_MESH_PROJECT\out\Debug\BLE_MESH_PROJECT.lnp
#        (--silent --redirect _Scanf=_ScanfSmall --redirect _Printf=_PrintfTiny
#        --config lnkstm8l151k4.icf --config_def _CSTACK_SIZE=0x0400
#        --config_def _HEAP_SIZE=0x0100 --debug_lib --map
#        .\out\Debug\BLE_MESH_PROJECT.map .\out\Debug\stm8l15x_adc.o
#        .\out\Debug\stm8l15x_aes.o .\out\Debug\stm8l15x_beep.o
#        .\out\Debug\stm8l15x_clk.o .\out\Debug\stm8l15x_comp.o
#        .\out\Debug\stm8l15x_dac.o .\out\Debug\stm8l15x_dma.o
#        .\out\Debug\stm8l15x_exti.o .\out\Debug\stm8l15x_flash.o
#        .\out\Debug\stm8l15x_gpio.o .\out\Debug\stm8l15x_i2c.o
#        .\out\Debug\stm8l15x_irtim.o .\out\Debug\stm8l15x_itc.o
#        .\out\Debug\stm8l15x_iwdg.o .\out\Debug\stm8l15x_lcd.o
#        .\out\Debug\stm8l15x_pwr.o .\out\Debug\stm8l15x_rst.o
#        .\out\Debug\stm8l15x_rtc.o .\out\Debug\stm8l15x_spi.o
#        .\out\Debug\stm8l15x_syscfg.o .\out\Debug\stm8l15x_tim1.o
#        .\out\Debug\stm8l15x_tim2.o .\out\Debug\stm8l15x_tim3.o
#        .\out\Debug\stm8l15x_tim4.o .\out\Debug\stm8l15x_tim5.o
#        .\out\Debug\stm8l15x_usart.o .\out\Debug\stm8l15x_wfe.o
#        .\out\Debug\stm8l15x_wwdg.o .\out\Debug\delay.o .\out\Debug\bsp_conf.o
#        .\out\Debug\main.o .\out\Debug\stm8l15x_it.o .\out\Debug\user_app.o -o
#        .\out\Debug\BLE_MESH_PROJECT.out)
#
###############################################################################

*******************************************************************************
*** RUNTIME MODEL ATTRIBUTES
***

__Heap_Handler             = Basic
__SystemLibrary            = DLib
__code_model               = small
__core                     = stm8
__data_model               = medium
__dlib_file_descriptor     = 1
__dlib_full_locale_support = 1
__rt_version               = 4


*******************************************************************************
*** PLACEMENT SUMMARY
***

"A0":  place at start of [0x000000-0x0000ff] { rw section .vregs };
"A1":  place at end of [0x000000-0x0007ff] { block CSTACK };
"P2":  place in [from 0x000000 to 0x0007ff] {
          block HEAP, rw section __DLIB_PERTHREAD, rw section .far.bss,
          rw section .far.data, rw section .far.noinit,
          rw section .far_func.textrw, rw section .huge.bss,
          rw section .huge.data, rw section .huge.noinit,
          rw section .huge_func.textrw, rw section .iar.dynexit,
          rw section .near.bss, rw section .near.data, rw section .near.noinit,
          rw section .near_func.textrw };
"A2":  place at start of [0x008000-0x00bfff] { block INTVEC };
"P3":  place in [from 0x008000 to 0x00bfff] {
          ro section __DLIB_PERTHREAD_init, ro section .far.data_init,
          ro section .far_func.textrw_init, ro section .huge.data_init,
          ro section .huge_func.textrw_init, ro section .iar.init_table,
          ro section .init_array, ro section .near.data_init,
          ro section .near.rodata, ro section .near_func.text,
          ro section .near_func.textrw_init, ro section .tiny.data_init,
          ro section .tiny.rodata_init };
"P4":  place in [from 0x008000 to 0x00bfff] {
          ro section .far.rodata, ro section .far_func.text };
"P5":  place in [from 0x008000 to 0x00bfff] {
          ro section .huge.rodata, ro section .huge_func.text };
do not initialize {
   rw section .eeprom.noinit, rw section .far.noinit, rw section .huge.noinit,
   rw section .near.noinit, rw section .tiny.noinit, rw section .vregs };
initialize by copy {
   rw section .far.bss, rw section .far.data, rw section .far_func.textrw,
   rw section .huge.bss, rw section .huge.data, rw section .huge_func.textrw,
   rw section .iar.dynexit, rw section .near.bss, rw section .near.data,
   rw section .near_func.textrw, rw section .tiny.bss, rw section .tiny.data,
   ro section .tiny.rodata };

No sections matched the following patterns:

  ro section .far.data_init          in "P3-P5"
  ro section .far.rodata             in "P3-P5"
  ro section .far_func.text          in "P3-P5"
  ro section .far_func.textrw_init   in "P3-P5"
  ro section .huge.data_init         in "P3-P5"
  ro section .huge.rodata            in "P3-P5"
  ro section .huge_func.text         in "P3-P5"
  ro section .huge_func.textrw_init  in "P3-P5"
  ro section .iar.init_table         in "P3-P5"
  ro section .init_array             in "P3-P5"
  ro section .near_func.textrw_init  in "P3-P5"
  ro section .tiny.data_init         in "P3-P5"
  ro section .tiny.rodata_init       in "P3-P5"
  ro section __DLIB_PERTHREAD_init   in "P3-P5"
  rw section .far.bss                in "P2"
  rw section .far.data               in "P2"
  rw section .far.noinit             in "P2"
  rw section .far_func.textrw        in "P2"
  rw section .huge.bss               in "P2"
  rw section .huge.data              in "P2"
  rw section .huge.noinit            in "P2"
  rw section .huge_func.textrw       in "P2"
  rw section .iar.dynexit            in "P2"
  rw section .near.noinit            in "P2"
  rw section .near_func.textrw       in "P2"
  rw section .tiny.bss               in "P1"
  rw section .tiny.data              in "P1"
  rw section .tiny.noinit            in "P1"
  rw section .tiny.rodata            in "P1"
  rw section __DLIB_PERTHREAD        in "P2"
  section .eeprom.data               in "P6-P8"
  section .eeprom.noinit             in "P6-P8"
  section .eeprom.rodata             in "P6-P8"


  Section            Kind      Address    Size  Object
  -------            ----      -------    ----  ------
"A0":                                     0x10
  .vregs             uninit   0x000000    0x10  vregs.o [4]
                            - 0x000010    0x10

"P2", part 1 of 3:                         0x7
  P2-1                        0x000010     0x7  <Init block>
    .near.data       inited   0x000010     0x1  user_app.o [2]
    .near.data       inited   0x000011     0x6  user_app.o [2]
                            - 0x000017     0x7

"P2", part 2 of 3:                       0x100
  HEAP                        0x000017   0x100  <Block>
    HEAP             uninit   0x000017   0x100  <Block tail>
                            - 0x000117   0x100

"P2", part 3 of 3:                        0xd5
  .near.bss          zero     0x000117    0x64  bsp_conf.o [2]
  .near.bss          zero     0x00017b    0x64  bsp_conf.o [2]
  .near.bss          zero     0x0001df     0x4  bsp_conf.o [2]
  .near.bss          zero     0x0001e3     0x4  xxmemxmalloc.o [4]
  .near.bss          zero     0x0001e7     0x2  bsp_conf.o [2]
  .near.bss          zero     0x0001e9     0x2  xgetmemchunk.o [4]
  .near.bss          zero     0x0001eb     0x1  bsp_conf.o [2]
                            - 0x0001ec    0xd5

"A1":                                    0x400
  CSTACK                      0x000400   0x400  <Block>
    CSTACK           uninit   0x000400   0x400  <Block tail>
                            - 0x000800   0x400

"A2":                                     0x80
  INTVEC                      0x008000    0x80  <Block>
    .intvec          const    0x008000    0x80  interrupt.o [4]
                            - 0x008080    0x80

"P3-P5":                                0x1d2e
  .near_func.text    ro code  0x008080   0x1b4  bsp_conf.o [2]
  .near_func.text    ro code  0x008234   0x14b  stm8l15x_itc.o [2]
  .near_func.text    ro code  0x00837f   0x14b  user_app.o [2]
  .near_func.text    ro code  0x0084ca   0x138  vreg_util.o [4]
  .near_func.text    ro code  0x008602   0x11f  stm8l15x_exti.o [2]
  .near_func.text    ro code  0x008721   0x10d  long.o [4]
  .near_func.text    ro code  0x00882e    0xf0  user_app.o [2]
  .near_func.text    ro code  0x00891e    0xd3  xxmemxfree.o [4]
  .near_func.text    ro code  0x0089f1    0xcf  stm8l15x_usart.o [2]
  .near_func.text    ro code  0x008ac0    0xcf  delay.o [2]
  .near_func.text    ro code  0x008b8f    0xcc  bsp_conf.o [2]
  .near_func.text    ro code  0x008c5b    0xc6  bsp_conf.o [2]
  .near_func.text    ro code  0x008d21    0xc1  bsp_conf.o [2]
  .near_func.text    ro code  0x008de2    0xbc  user_app.o [2]
  .near_func.text    ro code  0x008e9e    0xa9  stm8l15x_usart.o [2]
  .near_func.text    ro code  0x008f47    0x94  stm8l15x_usart.o [2]
  .near_func.text    ro code  0x008fdb    0x92  xxmemxmalloc.o [4]
  .near_func.text    ro code  0x00906d    0x91  stm8l15x_clk.o [2]
  .near_func.text    ro code  0x0090fe    0x8e  stm8l15x_clk.o [2]
  .near_func.text    ro code  0x00918c    0x8e  stm8l15x_gpio.o [2]
  .near_func.text    ro code  0x00921a    0x77  bsp_conf.o [2]
  .near_func.text    ro code  0x009291    0x6c  user_app.o [2]
  .near_func.text    ro code  0x0092fd    0x6a  bsp_conf.o [2]
  .near_func.text    ro code  0x009367    0x65  stm8l15x_tim2.o [2]
  .near_func.text    ro code  0x0093cc    0x65  stm8l15x_tim3.o [2]
  .near_func.text    ro code  0x009431    0x63  xxmemxmalloc.o [4]
  .near_func.text    ro code  0x009494    0x57  bsp_conf.o [2]
  .near_func.text    ro code  0x0094eb    0x4c  bsp_conf.o [2]
  .near_func.text    ro code  0x009537    0x48  main.o [2]
  .near_func.text    ro code  0x00957f    0x45  bsp_conf.o [2]
  .near_func.text    ro code  0x0095c4    0x42  user_app.o [2]
  .near_func.text    ro code  0x009606    0x3e  bsp_conf.o [2]
  .near_func.text    ro code  0x009644    0x3d  bsp_conf.o [2]
  .near_func.text    ro code  0x009681    0x3c  bsp_conf.o [2]
  .near_func.text    ro code  0x0096bd    0x39  bsp_conf.o [2]
  .near_func.text    ro code  0x0096f6    0x36  long_util.o [4]
  .near_func.text    ro code  0x00972c    0x35  stm8l15x_usart.o [2]
  .near_func.text    ro code  0x009761    0x2c  bsp_conf.o [2]
  .near_func.text    ro code  0x00978d    0x2b  stm8l15x_usart.o [2]
  .near_func.text    ro code  0x0097b8    0x2b  bsp_conf.o [2]
  .near_func.text    ro code  0x0097e3    0x28  init_small.o [4]
  .near_func.text    ro code  0x00980b    0x27  stm8l15x_usart.o [2]
  .near_func.text    ro code  0x009832    0x27  bsp_conf.o [2]
  .near_func.text    ro code  0x009859    0x25  stm8l15x_tim2.o [2]
  .near_func.text    ro code  0x00987e    0x25  stm8l15x_tim3.o [2]
  .near_func.text    ro code  0x0098a3    0x24  stm8l15x_tim2.o [2]
  .near_func.text    ro code  0x0098c7    0x24  stm8l15x_tim3.o [2]
  .near_func.text    ro code  0x0098eb    0x22  stm8l15x_exti.o [2]
  .near_func.text    ro code  0x00990d    0x22  bsp_conf.o [2]
  .near_func.text    ro code  0x00992f    0x21  stm8l15x_tim4.o [2]
  .iar.init_table    const    0x009950    0x12  - Linker created -
  .near.rodata       const    0x009962    0x1e  delay.o [2]
  .near_func.text    ro code  0x009980    0x1e  init_small.o [4]
  .near.rodata       const    0x00999e    0x1d  bsp_conf.o [2]
  .near.rodata       const    0x0099bb    0x1d  user_app.o [2]
  .near_func.text    ro code  0x0099d8    0x1d  delay.o [2]
  .near.rodata       const    0x0099f5    0x1c  bsp_conf.o [2]
  .near.rodata       const    0x009a11    0x1c  user_app.o [2]
  .near_func.text    ro code  0x009a2d    0x1c  stm8l15x_it.o [2]
  .near_func.text    ro code  0x009a49    0x1c  stm8l15x_it.o [2]
  .near_func.text    ro code  0x009a65    0x1a  stm8l15x_tim2.o [2]
  .near_func.text    ro code  0x009a7f    0x1a  stm8l15x_tim3.o [2]
  .near_func.text    ro code  0x009a99    0x1a  stm8l15x_tim4.o [2]
  .near_func.text    ro code  0x009ab3    0x1a  delay.o [2]
  .near_func.text    ro code  0x009acd    0x19  xgetmemchunk.o [4]
  .near.rodata       const    0x009ae6    0x16  bsp_conf.o [2]
  .near_func.text    ro code  0x009afc    0x16  stm8l15x_it.o [2]
  .near_func.text    ro code  0x009b12    0x16  stm8l15x_it.o [2]
  .near_func.text    ro code  0x009b28    0x16  stm8l15x_it.o [2]
  .near_func.text    ro code  0x009b3e    0x16  stm8l15x_it.o [2]
  .near_func.text    ro code  0x009b54    0x16  memset.o [4]
  .near.rodata       const    0x009b6a    0x15  bsp_conf.o [2]
  .near.rodata       const    0x009b7f    0x14  bsp_conf.o [2]
  .near_func.text    ro code  0x009b93    0x14  init.o [4]
  .near_func.text    ro code  0x009ba7    0x14  __dbg_xxexit.o [3]
  .near_func.text    ro code  0x009bbb    0x13  cstartup.o [4]
  .near.rodata       const    0x009bce    0x11  bsp_conf.o [2]
  .near_func.text    ro code  0x009bdf    0x11  stm8l15x_tim4.o [2]
  .near.rodata       const    0x009bf0    0x10  bsp_conf.o [2]
  .near.rodata       const    0x009c00     0xe  bsp_conf.o [2]
  .near_func.text    ro code  0x009c0e     0xe  stm8l15x_clk.o [2]
  .near_func.text    ro code  0x009c1c     0xe  stm8l15x_tim2.o [2]
  .near_func.text    ro code  0x009c2a     0xe  stm8l15x_tim2.o [2]
  .near_func.text    ro code  0x009c38     0xe  stm8l15x_tim3.o [2]
  .near_func.text    ro code  0x009c46     0xe  stm8l15x_tim3.o [2]
  .near_func.text    ro code  0x009c54     0xe  stm8l15x_tim4.o [2]
  .near_func.text    ro code  0x009c62     0xe  stm8l15x_tim4.o [2]
  .near.rodata       const    0x009c70     0xd  bsp_conf.o [2]
  .near.rodata       const    0x009c7d     0xd  bsp_conf.o [2]
  .near.rodata       const    0x009c8a     0xd  user_app.o [2]
  .near_func.text    ro code  0x009c97     0xd  short.o [4]
  .near_func.text    ro code  0x009ca4     0xd  move.o [4]
  .near_func.text    ro code  0x009cb1     0xd  strlen.o [4]
  .near.rodata       const    0x009cbe     0xc  bsp_conf.o [2]
  .near.rodata       const    0x009cca     0xc  bsp_conf.o [2]
  .near_func.text    ro code  0x009cd6     0xb  stm8l15x_tim2.o [2]
  .near_func.text    ro code  0x009ce1     0xb  stm8l15x_tim3.o [2]
  .near.rodata       const    0x009cec     0xa  bsp_conf.o [2]
  .near.rodata       const    0x009cf6     0xa  user_app.o [2]
  .near_func.text    ro code  0x009d00     0x9  stm8l15x_tim2.o [2]
  .near_func.text    ro code  0x009d09     0x9  stm8l15x_tim2.o [2]
  .near_func.text    ro code  0x009d12     0x9  stm8l15x_tim3.o [2]
  .near_func.text    ro code  0x009d1b     0x9  stm8l15x_tim3.o [2]
  .near_func.text    ro code  0x009d24     0x9  stm8l15x_tim4.o [2]
  .near_func.text    ro code  0x009d2d     0x9  stm8l15x_tim4.o [2]
  .near.rodata       const    0x009d36     0x8  bsp_conf.o [2]
  .near_func.text    ro code  0x009d3e     0x7  xxmemxmalloc.o [4]
  Initializer bytes  const    0x009d45     0x7  <for P2-1>
  .near_func.text    ro code  0x009d4c     0x6  stm8l15x_usart.o [2]
  .near_func.text    ro code  0x009d52     0x6  bsp_conf.o [2]
  .near.rodata       const    0x009d58     0x5  stm8l15x_clk.o [2]
  .near.rodata       const    0x009d5d     0x5  bsp_conf.o [2]
  .near.rodata       const    0x009d62     0x5  user_app.o [2]
  .near.rodata       const    0x009d67     0x5  user_app.o [2]
  .near_func.text    ro code  0x009d6c     0x5  stm8l15x_usart.o [2]
  .near_func.text    ro code  0x009d71     0x5  cexit.o [4]
  .near.rodata       const    0x009d76     0x4  user_app.o [2]
  .near.rodata       const    0x009d7a     0x4  user_app.o [2]
  .near_func.text    ro code  0x009d7e     0x4  stm8l15x_clk.o [2]
  .near_func.text    ro code  0x009d82     0x4  stm8l15x_clk.o [2]
  .near_func.text    ro code  0x009d86     0x3  stm8l15x_usart.o [2]
  .near_func.text    ro code  0x009d89     0x3  exit.o [4]
  .near_func.text    ro code  0x009d8c     0x3  interrupt.o [4]
  .near_func.text    ro code  0x009d8f     0x3  low_level_init.o [4]
  .near_func.text    ro code  0x009d92     0x3  unhandled_exception.o [4]
  .near_func.text    ro code  0x009d95     0x1  stm8l15x_it.o [2]
  .near_func.text    ro code  0x009d96     0x1  stm8l15x_it.o [2]
  .near_func.text    ro code  0x009d97     0x1  stm8l15x_it.o [2]
  .near_func.text    ro code  0x009d98     0x1  stm8l15x_it.o [2]
  .near_func.text    ro code  0x009d99     0x1  stm8l15x_it.o [2]
  .near_func.text    ro code  0x009d9a     0x1  stm8l15x_it.o [2]
  .near_func.text    ro code  0x009d9b     0x1  stm8l15x_it.o [2]
  .near_func.text    ro code  0x009d9c     0x1  stm8l15x_it.o [2]
  .near_func.text    ro code  0x009d9d     0x1  stm8l15x_it.o [2]
  .near_func.text    ro code  0x009d9e     0x1  stm8l15x_it.o [2]
  .near_func.text    ro code  0x009d9f     0x1  stm8l15x_it.o [2]
  .near_func.text    ro code  0x009da0     0x1  stm8l15x_it.o [2]
  .near_func.text    ro code  0x009da1     0x1  stm8l15x_it.o [2]
  .near_func.text    ro code  0x009da2     0x1  stm8l15x_it.o [2]
  .near_func.text    ro code  0x009da3     0x1  stm8l15x_it.o [2]
  .near_func.text    ro code  0x009da4     0x1  stm8l15x_it.o [2]
  .near_func.text    ro code  0x009da5     0x1  stm8l15x_it.o [2]
  .near_func.text    ro code  0x009da6     0x1  stm8l15x_it.o [2]
  .near_func.text    ro code  0x009da7     0x1  stm8l15x_it.o [2]
  .near_func.text    ro code  0x009da8     0x1  stm8l15x_it.o [2]
  .near_func.text    ro code  0x009da9     0x1  stm8l15x_it.o [2]
  .near_func.text    ro code  0x009daa     0x1  stm8l15x_it.o [2]
  .near_func.text    ro code  0x009dab     0x1  stm8l15x_it.o [2]
  .near_func.text    ro code  0x009dac     0x1  stm8l15x_it.o [2]
  .near_func.text    ro code  0x009dad     0x1  __dbg_break.o [3]
                            - 0x009dae  0x1d2e


*******************************************************************************
*** INIT TABLE
***

          Address   Size
          -------   ----
Zero (__iar_zero_init2)
    1 destination range, total size 0xd5:
          0x000117  0xd5

Copy (__iar_copy_init2)
    1 source range, total size 0x7:
          0x009d45   0x7
    1 destination range, total size 0x7:
          0x000010   0x7



*******************************************************************************
*** MODULE SUMMARY
***

    Module                 ro code  ro data  rw data
    ------                 -------  -------  -------
command line: [1]
    ------------------------------------------------
    Total:

d:\myfile_yan\BLE-MESH\BLE_MESH_PROJECT\out\Debug: [2]
    bsp_conf.o               1 894      240      207
    delay.o                    262       30
    main.o                      72
    stm8l15x_clk.o             309        5
    stm8l15x_exti.o            321
    stm8l15x_gpio.o            142
    stm8l15x_it.o              168
    stm8l15x_itc.o             331
    stm8l15x_tim2.o            257
    stm8l15x_tim3.o            257
    stm8l15x_tim4.o            122
    stm8l15x_usart.o           673
    user_app.o                 933      105        7
    ------------------------------------------------
    Total:                   5 741      380      214

dbgstm8smd.a: [3]
    __dbg_break.o                1
    __dbg_xxexit.o              20
    ------------------------------------------------
    Total:                      21

dlstm8smf.a: [4]
    cexit.o                      5
    cstartup.o                  19
    exit.o                       3
    init.o                      20
    init_small.o                70
    interrupt.o                  3      128
    long.o                     269
    long_util.o                 54
    low_level_init.o             3
    memset.o                    22
    move.o                      13
    short.o                     13
    strlen.o                    13
    unhandled_exception.o        3
    vreg_util.o                312
    vregs.o                                       16
    xgetmemchunk.o              25                 2
    xxmemxfree.o               211
    xxmemxmalloc.o             252                 4
    ------------------------------------------------
    Total:                   1 310      128       22

    Linker created                       18    1 280
----------------------------------------------------
    Grand Total:             7 072      526    1 516


*******************************************************************************
*** ENTRY LIST
***

Entry                    Address   Size  Type      Object
-----                    -------   ----  ----      ------
.iar.init_table$$Base   0x009950          --   Gb  - Linker created -
.iar.init_table$$Limit  0x009962          --   Gb  - Linker created -
?b0                     0x000000         Data  Gb  vregs.o [4]
?b1                     0x000001         Data  Gb  vregs.o [4]
?b10                    0x00000a         Data  Gb  vregs.o [4]
?b11                    0x00000b         Data  Gb  vregs.o [4]
?b12                    0x00000c         Data  Gb  vregs.o [4]
?b13                    0x00000d         Data  Gb  vregs.o [4]
?b14                    0x00000e         Data  Gb  vregs.o [4]
?b15                    0x00000f         Data  Gb  vregs.o [4]
?b2                     0x000002         Data  Gb  vregs.o [4]
?b3                     0x000003         Data  Gb  vregs.o [4]
?b4                     0x000004         Data  Gb  vregs.o [4]
?b5                     0x000005         Data  Gb  vregs.o [4]
?b6                     0x000006         Data  Gb  vregs.o [4]
?b7                     0x000007         Data  Gb  vregs.o [4]
?b8                     0x000008         Data  Gb  vregs.o [4]
?b9                     0x000009         Data  Gb  vregs.o [4]
?dec32_0x_0x            0x008726         Code  Gb  long.o [4]
?dec32_l0_l0            0x008721         Code  Gb  long.o [4]
?e0                     0x000001         Data  Gb  vregs.o [4]
?e1                     0x000005         Data  Gb  vregs.o [4]
?e2                     0x000009         Data  Gb  vregs.o [4]
?e3                     0x00000d         Data  Gb  vregs.o [4]
?epilogue_l2            0x0085a3         Code  Gb  vreg_util.o [4]
?epilogue_l2_l3         0x0085a0         Code  Gb  vreg_util.o [4]
?epilogue_l2_w6         0x0085a7         Code  Gb  vreg_util.o [4]
?epilogue_w4            0x0085ae         Code  Gb  vreg_util.o [4]
?l0                     0x000000         Data  Gb  vregs.o [4]
?l1                     0x000004         Data  Gb  vregs.o [4]
?l2                     0x000008         Data  Gb  vregs.o [4]
?l3                     0x00000c         Data  Gb  vregs.o [4]
?load32_0x_l0           0x00971e         Code  Gb  long_util.o [4]
?load32_l0_0x           0x0096f6         Code  Gb  long_util.o [4]
?load32_l1_0x           0x009712         Code  Gb  long_util.o [4]
?load32_l1_asp          0x009707         Code  Gb  long_util.o [4]
?load32_l1_dbsp         0x009702         Code  Gb  long_util.o [4]
?load32_l1_xsp          0x009709         Code  Gb  long_util.o [4]
?mov_e0_e2              0x0085d1         Code  Gb  vreg_util.o [4]
?mov_e0_e3              0x0085de         Code  Gb  vreg_util.o [4]
?mov_e2_e0              0x0085eb         Code  Gb  vreg_util.o [4]
?mov_e3_e0              0x0085f8         Code  Gb  vreg_util.o [4]
?mov_l0_l2              0x0085ce         Code  Gb  vreg_util.o [4]
?mov_l0_l3              0x0085db         Code  Gb  vreg_util.o [4]
?mov_l2_l0              0x0085e8         Code  Gb  vreg_util.o [4]
?mov_l3_l0              0x0085f5         Code  Gb  vreg_util.o [4]
?mov_w0_w3              0x0085b2         Code  Gb  vreg_util.o [4]
?mov_w1_w5              0x0085d4         Code  Gb  vreg_util.o [4]
?mov_w1_w7              0x0085e1         Code  Gb  vreg_util.o [4]
?mov_w2_w1              0x0085b9         Code  Gb  vreg_util.o [4]
?mov_w4_w7              0x0085c0         Code  Gb  vreg_util.o [4]
?mov_w5_w1              0x0085ee         Code  Gb  vreg_util.o [4]
?mov_w5_w4              0x0085c7         Code  Gb  vreg_util.o [4]
?mov_w7_w1              0x0085fb         Code  Gb  vreg_util.o [4]
?move1616_v_x_y_a       0x009ca4         Code  Gb  move.o [4]
?mul32_l0_l0_0x         0x00873a         Code  Gb  long.o [4]
?mul32_l0_l0_l1         0x008743         Code  Gb  long.o [4]
?pop_e2                 0x008521         Code  Gb  vreg_util.o [4]
?pop_l0                 0x00856c         Code  Gb  vreg_util.o [4]
?pop_l1                 0x008577         Code  Gb  vreg_util.o [4]
?pop_l2                 0x008582         Code  Gb  vreg_util.o [4]
?pop_l3                 0x00858d         Code  Gb  vreg_util.o [4]
?pop_w4                 0x0084ec         Code  Gb  vreg_util.o [4]
?pop_w6                 0x0084f3         Code  Gb  vreg_util.o [4]
?pop_w7                 0x0084fa         Code  Gb  vreg_util.o [4]
?push_e2                0x008509         Code  Gb  vreg_util.o [4]
?push_l0                0x00853b         Code  Gb  vreg_util.o [4]
?push_l1                0x008540         Code  Gb  vreg_util.o [4]
?push_l2                0x008545         Code  Gb  vreg_util.o [4]
?push_l3                0x00854a         Code  Gb  vreg_util.o [4]
?push_w4                0x0084ca         Code  Gb  vreg_util.o [4]
?push_w6                0x0084cf         Code  Gb  vreg_util.o [4]
?push_w7                0x0084d4         Code  Gb  vreg_util.o [4]
?sll16_x_x_a            0x009c97         Code  Gb  short.o [4]
?srl16_x_x_4            0x009c9f         Code  Gb  short.o [4]
?udiv32_l0_l0_l1        0x0087c1         Code  Gb  long.o [4]
?umod32_l1_l0_l1        0x0087c1         Code  Gb  long.o [4]
?w0                     0x000000         Data  Gb  vregs.o [4]
?w1                     0x000002         Data  Gb  vregs.o [4]
?w2                     0x000004         Data  Gb  vregs.o [4]
?w3                     0x000006         Data  Gb  vregs.o [4]
?w4                     0x000008         Data  Gb  vregs.o [4]
?w5                     0x00000a         Data  Gb  vregs.o [4]
?w6                     0x00000c         Data  Gb  vregs.o [4]
?w7                     0x00000e         Data  Gb  vregs.o [4]
ADC1_COMP_IRQHandler    0x009da5    0x1  Code  Gb  stm8l15x_it.o [2]
AT_Get_State            0x00882e   0xf0  Code  Gb  user_app.o [2]
AT_Send                 0x008de2   0xbc  Code  Gb  user_app.o [2]
BLE_STA_flag            0x000010    0x1  Data  Gb  user_app.o [2]
BLE_status_it           0x009291   0x6c  Code  Gb  user_app.o [2]
BLE_status_run          0x0095c4   0x42  Code  Gb  user_app.o [2]
CLK_GetClockFreq        0x00906d   0x91  Code  Gb  stm8l15x_clk.o [2]
CLK_HSICmd              0x009c0e    0xe  Code  Gb  stm8l15x_clk.o [2]
CLK_PeripheralClockConfig
                        0x0090fe   0x8e  Code  Gb  stm8l15x_clk.o [2]
CLK_SYSCLKDivConfig     0x009d82    0x4  Code  Gb  stm8l15x_clk.o [2]
CLK_SYSCLKSourceConfig  0x009d7e    0x4  Code  Gb  stm8l15x_clk.o [2]
CSTACK$$Base            0x000400          --   Gb  - Linker created -
CSTACK$$Limit           0x000800          --   Gb  - Linker created -
DMA1_CHANNEL0_1_IRQHandler
                        0x009d97    0x1  Code  Gb  stm8l15x_it.o [2]
DMA1_CHANNEL2_3_IRQHandler
                        0x009d98    0x1  Code  Gb  stm8l15x_it.o [2]
EXTI0_IRQHandler        0x009d9c    0x1  Code  Gb  stm8l15x_it.o [2]
EXTI1_IRQHandler        0x009d9d    0x1  Code  Gb  stm8l15x_it.o [2]
EXTI2_IRQHandler        0x009d9e    0x1  Code  Gb  stm8l15x_it.o [2]
EXTI3_IRQHandler        0x009d9f    0x1  Code  Gb  stm8l15x_it.o [2]
EXTI4_IRQHandler        0x009a49   0x1c  Code  Gb  stm8l15x_it.o [2]
EXTI5_IRQHandler        0x009da0    0x1  Code  Gb  stm8l15x_it.o [2]
EXTI6_IRQHandler        0x009da1    0x1  Code  Gb  stm8l15x_it.o [2]
EXTI7_IRQHandler        0x009da2    0x1  Code  Gb  stm8l15x_it.o [2]
EXTIB_G_IRQHandler      0x009a2d   0x1c  Code  Gb  stm8l15x_it.o [2]
EXTID_H_IRQHandler      0x009d9b    0x1  Code  Gb  stm8l15x_it.o [2]
EXTIE_F_PVD_IRQHandler  0x009d9a    0x1  Code  Gb  stm8l15x_it.o [2]
EXTI_ClearITPendingBit  0x0098eb   0x22  Code  Gb  stm8l15x_exti.o [2]
EXTI_SetPinSensitivity  0x008602  0x11f  Code  Gb  stm8l15x_exti.o [2]
FLASH_IRQHandler        0x009d96    0x1  Code  Gb  stm8l15x_it.o [2]
GPIO_Init               0x00918c   0x8e  Code  Gb  stm8l15x_gpio.o [2]
HEAP$$Base              0x000017          --   Gb  - Linker created -
HEAP$$Limit             0x000117          --   Gb  - Linker created -
I2C1_SPI2_IRQHandler    0x009dac    0x1  Code  Gb  stm8l15x_it.o [2]
INTVEC$$Base            0x008000          --   Gb  - Linker created -
INTVEC$$Limit           0x008080          --   Gb  - Linker created -
ITC_SetSoftwarePriority
                        0x008234  0x14b  Code  Gb  stm8l15x_itc.o [2]
LCD_AES_IRQHandler      0x009da3    0x1  Code  Gb  stm8l15x_it.o [2]
MESH_cmd                0x008b8f   0xcc  Code  Gb  bsp_conf.o [2]
RTC_CSSLSE_IRQHandler   0x009d99    0x1  Code  Gb  stm8l15x_it.o [2]
Region$$Table$$Base     0x009950          --   Gb  - Linker created -
Region$$Table$$Limit    0x009962          --   Gb  - Linker created -
SPI1_IRQHandler         0x009daa    0x1  Code  Gb  stm8l15x_it.o [2]
SWITCH_CSS_BREAK_DAC_IRQHandler
                        0x009da4    0x1  Code  Gb  stm8l15x_it.o [2]
SYSDivFactor            0x009d58    0x5  Data  Gb  stm8l15x_clk.o [2]
TIM1_CC_IRQHandler      0x009da9    0x1  Code  Gb  stm8l15x_it.o [2]
TIM1_UPD_OVF_TRG_COM_IRQHandler
                        0x009da8    0x1  Code  Gb  stm8l15x_it.o [2]
TIM2_ARRPreloadConfig   0x009c1c    0xe  Code  Gb  stm8l15x_tim2.o [2]
TIM2_CC_USART2_RX_IRQHandler
                        0x009da6    0x1  Code  Gb  stm8l15x_it.o [2]
TIM2_ClearFlag          0x009cd6    0xb  Code  Gb  stm8l15x_tim2.o [2]
TIM2_ClearITPendingBit  0x009d09    0x9  Code  Gb  stm8l15x_tim2.o [2]
TIM2_Cmd                0x009c2a    0xe  Code  Gb  stm8l15x_tim2.o [2]
TIM2_DeInit             0x009367   0x65  Code  Gb  stm8l15x_tim2.o [2]
TIM2_GetFlagStatus      0x009859   0x25  Code  Gb  stm8l15x_tim2.o [2]
TIM2_IRQHandler         0x009832   0x27  Code  Gb  bsp_conf.o [2]
TIM2_ITConfig           0x009a65   0x1a  Code  Gb  stm8l15x_tim2.o [2]
TIM2_SetCounter         0x009d00    0x9  Code  Gb  stm8l15x_tim2.o [2]
TIM2_TimeBaseInit       0x0098a3   0x24  Code  Gb  stm8l15x_tim2.o [2]
TIM2_UPD_OVF_TRG_BRK_USART2_TX_IRQHandler
                        0x009afc   0x16  Code  Gb  stm8l15x_it.o [2]
TIM3_ARRPreloadConfig   0x009c38    0xe  Code  Gb  stm8l15x_tim3.o [2]
TIM3_CC_USART3_RX_IRQHandler
                        0x009da7    0x1  Code  Gb  stm8l15x_it.o [2]
TIM3_ClearFlag          0x009ce1    0xb  Code  Gb  stm8l15x_tim3.o [2]
TIM3_ClearITPendingBit  0x009d1b    0x9  Code  Gb  stm8l15x_tim3.o [2]
TIM3_Cmd                0x009c46    0xe  Code  Gb  stm8l15x_tim3.o [2]
TIM3_DeInit             0x0093cc   0x65  Code  Gb  stm8l15x_tim3.o [2]
TIM3_GetFlagStatus      0x00987e   0x25  Code  Gb  stm8l15x_tim3.o [2]
TIM3_IRQHandler         0x00990d   0x22  Code  Gb  bsp_conf.o [2]
TIM3_ITConfig           0x009a7f   0x1a  Code  Gb  stm8l15x_tim3.o [2]
TIM3_SetCounter         0x009d12    0x9  Code  Gb  stm8l15x_tim3.o [2]
TIM3_TimeBaseInit       0x0098c7   0x24  Code  Gb  stm8l15x_tim3.o [2]
TIM3_UPD_OVF_TRG_BRK_USART3_TX_IRQHandler
                        0x009b12   0x16  Code  Gb  stm8l15x_it.o [2]
TIM4_ARRPreloadConfig   0x009c54    0xe  Code  Gb  stm8l15x_tim4.o [2]
TIM4_ClearFlag          0x009d24    0x9  Code  Gb  stm8l15x_tim4.o [2]
TIM4_ClearITPendingBit  0x009d2d    0x9  Code  Gb  stm8l15x_tim4.o [2]
TIM4_Cmd                0x009c62    0xe  Code  Gb  stm8l15x_tim4.o [2]
TIM4_DeInit             0x00992f   0x21  Code  Gb  stm8l15x_tim4.o [2]
TIM4_ITConfig           0x009a99   0x1a  Code  Gb  stm8l15x_tim4.o [2]
TIM4_TimeBaseInit       0x009bdf   0x11  Code  Gb  stm8l15x_tim4.o [2]
TIM4_UPD_OVF_TRG_IRQHandler
                        0x009b28   0x16  Code  Gb  stm8l15x_it.o [2]
TRAP_IRQHandler         0x009d95    0x1  Code  Gb  stm8l15x_it.o [2]
USART1_IRQHandler       0x0092fd   0x6a  Code  Gb  bsp_conf.o [2]
USART1_RX_STA           0x0001e7    0x2  Data  Gb  bsp_conf.o [2]
USART1_RX_TIM5_CC_IRQHandler
                        0x009b3e   0x16  Code  Gb  stm8l15x_it.o [2]
USART1_RX_buf           0x000117   0x64  Data  Gb  bsp_conf.o [2]
USART1_STA_buf          0x00017b   0x64  Data  Gb  bsp_conf.o [2]
USART1_SendWord         0x0097b8   0x2b  Code  Gb  bsp_conf.o [2]
USART1_TX_TIM5_UPD_OVF_TRG_BRK_IRQHandler
                        0x009dab    0x1  Code  Gb  stm8l15x_it.o [2]
USART_ClearITPendingBit
                        0x009d6c    0x5  Code  Gb  stm8l15x_usart.o [2]
USART_Cmd               0x00978d   0x2b  Code  Gb  stm8l15x_usart.o [2]
USART_DeInit            0x00980b   0x27  Code  Gb  stm8l15x_usart.o [2]
USART_GetFlagStatus     0x00972c   0x35  Code  Gb  stm8l15x_usart.o [2]
USART_GetITStatus       0x008e9e   0xa9  Code  Gb  stm8l15x_usart.o [2]
USART_ITConfig          0x008f47   0x94  Code  Gb  stm8l15x_usart.o [2]
USART_Init              0x0089f1   0xcf  Code  Gb  stm8l15x_usart.o [2]
USART_ReceiveData8      0x009d86    0x3  Code  Gb  stm8l15x_usart.o [2]
USART_SendData8         0x009d4c    0x6  Code  Gb  stm8l15x_usart.o [2]
__DebugBreak            0x009dad    0x1  Code  Gb  __dbg_break.o [3]
__exit                  0x009ba7   0x14  Code  Gb  __dbg_xxexit.o [3]
__iar_copy_init2        0x0097e3         Code  Gb  init_small.o [4]
__iar_data_init2        0x009b93   0x14  Code  Gb  init.o [4]
__iar_program_start     0x009bbb         Code  Gb  cstartup.o [4]
__iar_unhandled_exception
                        0x009d92         Code  Gb  unhandled_exception.o [4]
__iar_zero_init2        0x009980         Code  Gb  init_small.o [4]
__intvec                0x008000         Data  Gb  interrupt.o [4]
__low_level_init        0x009d8f    0x3  Code  Gb  low_level_init.o [4]
__near_Aldata           0x0001e3    0x4  Data  Gb  xxmemxmalloc.o [4]
__near_GetMemChunk      0x009acd   0x19  Code  Gb  xgetmemchunk.o [4]
__near_GetMemChunk::start
                        0x0001e9    0x2  Data  Lc  xgetmemchunk.o [4]
__near_findmem          0x009431   0x63  Code  Lc  xxmemxmalloc.o [4]
_exit                   0x009d71         Code  Gb  cexit.o [4]
_interrupt_1            0x009d95         Code  Gb  stm8l15x_it.o [2]
_interrupt_10           0x009d9c         Code  Gb  stm8l15x_it.o [2]
_interrupt_11           0x009d9d         Code  Gb  stm8l15x_it.o [2]
_interrupt_12           0x009d9e         Code  Gb  stm8l15x_it.o [2]
_interrupt_13           0x009d9f         Code  Gb  stm8l15x_it.o [2]
_interrupt_14           0x009a49         Code  Gb  stm8l15x_it.o [2]
_interrupt_15           0x009da0         Code  Gb  stm8l15x_it.o [2]
_interrupt_16           0x009da1         Code  Gb  stm8l15x_it.o [2]
_interrupt_17           0x009da2         Code  Gb  stm8l15x_it.o [2]
_interrupt_18           0x009da3         Code  Gb  stm8l15x_it.o [2]
_interrupt_19           0x009da4         Code  Gb  stm8l15x_it.o [2]
_interrupt_20           0x009da5         Code  Gb  stm8l15x_it.o [2]
_interrupt_21           0x009afc         Code  Gb  stm8l15x_it.o [2]
_interrupt_22           0x009da6         Code  Gb  stm8l15x_it.o [2]
_interrupt_23           0x009b12         Code  Gb  stm8l15x_it.o [2]
_interrupt_24           0x009da7         Code  Gb  stm8l15x_it.o [2]
_interrupt_25           0x009da8         Code  Gb  stm8l15x_it.o [2]
_interrupt_26           0x009da9         Code  Gb  stm8l15x_it.o [2]
_interrupt_27           0x009b28         Code  Gb  stm8l15x_it.o [2]
_interrupt_28           0x009daa         Code  Gb  stm8l15x_it.o [2]
_interrupt_29           0x009dab         Code  Gb  stm8l15x_it.o [2]
_interrupt_3            0x009d96         Code  Gb  stm8l15x_it.o [2]
_interrupt_30           0x009b3e         Code  Gb  stm8l15x_it.o [2]
_interrupt_31           0x009dac         Code  Gb  stm8l15x_it.o [2]
_interrupt_4            0x009d97         Code  Gb  stm8l15x_it.o [2]
_interrupt_5            0x009d98         Code  Gb  stm8l15x_it.o [2]
_interrupt_6            0x009d99         Code  Gb  stm8l15x_it.o [2]
_interrupt_7            0x009d9a         Code  Gb  stm8l15x_it.o [2]
_interrupt_8            0x009a2d         Code  Gb  stm8l15x_it.o [2]
_interrupt_9            0x009d9b         Code  Gb  stm8l15x_it.o [2]
beep_period_buf         0x009d36    0x8  Data  Gb  bsp_conf.o [2]
beep_play               0x008d21   0xc1  Code  Gb  bsp_conf.o [2]
beep_play_time          0x0001df    0x4  Data  Gb  bsp_conf.o [2]
bsp_beep_freq           0x00921a   0x77  Code  Gb  bsp_conf.o [2]
bsp_beep_it             0x00957f   0x45  Code  Gb  bsp_conf.o [2]
bsp_beep_play_ms        0x009761   0x2c  Code  Gb  bsp_conf.o [2]
bsp_clk_init            0x0096bd   0x39  Code  Gb  bsp_conf.o [2]
bsp_gpio_init           0x008c5b   0xc6  Code  Gb  bsp_conf.o [2]
bsp_key_detec           0x009494   0x57  Code  Gb  bsp_conf.o [2]
bsp_key_it              0x009d52    0x6  Code  Gb  bsp_conf.o [2]
bsp_tim2_init           0x009681   0x3c  Code  Gb  bsp_conf.o [2]
bsp_tim3_init           0x009644   0x3d  Code  Gb  bsp_conf.o [2]
bsp_tim4_init           0x009606   0x3e  Code  Gb  bsp_conf.o [2]
bsp_uart_init           0x0094eb   0x4c  Code  Gb  bsp_conf.o [2]
connect2                0x008ac0   0xcf  Code  Gb  delay.o [2]
ctrl_string             0x000011    0x6  Data  Gb  user_app.o [2]
delay_ms_1              0x009ab3   0x1a  Code  Gb  delay.o [2]
delay_us_1              0x0099d8   0x1d  Code  Gb  delay.o [2]
exit                    0x009d89    0x3  Code  Gb  exit.o [4]
free                    0x00891e   0xc9  Code  Gb  xxmemxfree.o [4]
key_flag                0x0001eb    0x1  Data  Gb  bsp_conf.o [2]
main                    0x009537   0x48  Code  Gb  main.o [2]
malloc                  0x008fdb   0x92  Code  Gb  xxmemxmalloc.o [4]
memset                  0x009b54   0x16  Code  Gb  memset.o [4]
mesh_data_transmitts    0x008080  0x1b4  Code  Gb  bsp_conf.o [2]
strlen                  0x009cb1    0xd  Code  Gb  strlen.o [4]
user_app_run            0x00837f  0x14b  Code  Gb  user_app.o [2]


[1] = command line
[2] = d:\myfile_yan\BLE-MESH\BLE_MESH_PROJECT\out\Debug
[3] = dbgstm8smd.a
[4] = dlstm8smf.a

  7 072 bytes of readonly  code memory
    526 bytes of readonly  data memory
  1 516 bytes of readwrite data memory

Errors: none
Warnings: none
