###############################################################################
#
# IAR ELF Linker V3.11.1.207 for STM8                     30/Nov/2020  11:49:50
# Copyright 2010-2019 IAR Systems AB.
#
#    Output file  =  .\out\Debug\BLE_MESH_PROJECT.out
#    Map file     =  .\out\Debug\BLE_MESH_PROJECT.map
#    Command line =  
#        -f
#        d:\myfile_yan\BLE-MESH\BLE_MESH_PROJECT\out\Debug\BLE_MESH_PROJECT.lnp
#        (--silent --redirect _Scanf=_ScanfSmall --redirect _Printf=_PrintfTiny
#        --config lnkstm8l151k4.icf --config_def _CSTACK_SIZE=0x0200
#        --config_def _HEAP_SIZE=0x0100 --debug_lib --map
#        .\out\Debug\BLE_MESH_PROJECT.map .\out\Debug\stm8l15x_adc.o
#        .\out\Debug\stm8l15x_aes.o .\out\Debug\stm8l15x_beep.o
#        .\out\Debug\stm8l15x_clk.o .\out\Debug\stm8l15x_comp.o
#        .\out\Debug\stm8l15x_dac.o .\out\Debug\stm8l15x_dma.o
#        .\out\Debug\stm8l15x_exti.o .\out\Debug\stm8l15x_flash.o
#        .\out\Debug\stm8l15x_gpio.o .\out\Debug\stm8l15x_i2c.o
#        .\out\Debug\stm8l15x_irtim.o .\out\Debug\stm8l15x_itc.o
#        .\out\Debug\stm8l15x_iwdg.o .\out\Debug\stm8l15x_lcd.o
#        .\out\Debug\stm8l15x_pwr.o .\out\Debug\stm8l15x_rst.o
#        .\out\Debug\stm8l15x_rtc.o .\out\Debug\stm8l15x_spi.o
#        .\out\Debug\stm8l15x_syscfg.o .\out\Debug\stm8l15x_tim1.o
#        .\out\Debug\stm8l15x_tim2.o .\out\Debug\stm8l15x_tim3.o
#        .\out\Debug\stm8l15x_tim4.o .\out\Debug\stm8l15x_tim5.o
#        .\out\Debug\stm8l15x_usart.o .\out\Debug\stm8l15x_wfe.o
#        .\out\Debug\stm8l15x_wwdg.o .\out\Debug\delay.o .\out\Debug\bsp_conf.o
#        .\out\Debug\main.o .\out\Debug\stm8l15x_it.o .\out\Debug\user_app.o -o
#        .\out\Debug\BLE_MESH_PROJECT.out)
#
###############################################################################

*******************************************************************************
*** RUNTIME MODEL ATTRIBUTES
***

__Heap_Handler             = Basic
__SystemLibrary            = DLib
__code_model               = small
__core                     = stm8
__data_model               = medium
__dlib_file_descriptor     = 1
__dlib_full_locale_support = 1
__rt_version               = 4


*******************************************************************************
*** PLACEMENT SUMMARY
***

"A0":  place at start of [0x000000-0x0000ff] { rw section .vregs };
"A1":  place at end of [0x000000-0x0007ff] { block CSTACK };
"P2":  place in [from 0x000000 to 0x0007ff] {
          block HEAP, rw section __DLIB_PERTHREAD, rw section .far.bss,
          rw section .far.data, rw section .far.noinit,
          rw section .far_func.textrw, rw section .huge.bss,
          rw section .huge.data, rw section .huge.noinit,
          rw section .huge_func.textrw, rw section .iar.dynexit,
          rw section .near.bss, rw section .near.data, rw section .near.noinit,
          rw section .near_func.textrw };
"A2":  place at start of [0x008000-0x00bfff] { block INTVEC };
"P3":  place in [from 0x008000 to 0x00bfff] {
          ro section __DLIB_PERTHREAD_init, ro section .far.data_init,
          ro section .far_func.textrw_init, ro section .huge.data_init,
          ro section .huge_func.textrw_init, ro section .iar.init_table,
          ro section .init_array, ro section .near.data_init,
          ro section .near.rodata, ro section .near_func.text,
          ro section .near_func.textrw_init, ro section .tiny.data_init,
          ro section .tiny.rodata_init };
"P4":  place in [from 0x008000 to 0x00bfff] {
          ro section .far.rodata, ro section .far_func.text };
"P5":  place in [from 0x008000 to 0x00bfff] {
          ro section .huge.rodata, ro section .huge_func.text };
do not initialize {
   rw section .eeprom.noinit, rw section .far.noinit, rw section .huge.noinit,
   rw section .near.noinit, rw section .tiny.noinit, rw section .vregs };

No sections matched the following patterns:

  ro section .far.data_init          in "P3-P5"
  ro section .far.rodata             in "P3-P5"
  ro section .far_func.text          in "P3-P5"
  ro section .far_func.textrw_init   in "P3-P5"
  ro section .huge.data_init         in "P3-P5"
  ro section .huge.rodata            in "P3-P5"
  ro section .huge_func.text         in "P3-P5"
  ro section .huge_func.textrw_init  in "P3-P5"
  ro section .iar.init_table         in "P3-P5"
  ro section .init_array             in "P3-P5"
  ro section .near.data_init         in "P3-P5"
  ro section .near_func.textrw_init  in "P3-P5"
  ro section .tiny.data_init         in "P3-P5"
  ro section .tiny.rodata_init       in "P3-P5"
  ro section __DLIB_PERTHREAD_init   in "P3-P5"
  rw section .far.bss                in "P2"
  rw section .far.data               in "P2"
  rw section .far.noinit             in "P2"
  rw section .far_func.textrw        in "P2"
  rw section .huge.bss               in "P2"
  rw section .huge.data              in "P2"
  rw section .huge.noinit            in "P2"
  rw section .huge_func.textrw       in "P2"
  rw section .iar.dynexit            in "P2"
  rw section .near.data              in "P2"
  rw section .near.noinit            in "P2"
  rw section .near_func.textrw       in "P2"
  rw section .tiny.bss               in "P1"
  rw section .tiny.data              in "P1"
  rw section .tiny.noinit            in "P1"
  rw section .tiny.rodata            in "P1"
  rw section __DLIB_PERTHREAD        in "P2"
  section .eeprom.data               in "P6-P8"
  section .eeprom.noinit             in "P6-P8"
  section .eeprom.rodata             in "P6-P8"


  Section          Kind      Address    Size  Object
  -------          ----      -------    ----  ------
"A0":                                   0x10
  .vregs           uninit   0x000000    0x10  vregs.o [4]
                          - 0x000010    0x10

"P2":                                   0x43
  .near.bss        zero     0x000010    0x3c  bsp_conf.o [2]
  .near.bss        zero     0x00004c     0x4  bsp_conf.o [2]
  .near.bss        zero     0x000050     0x2  bsp_conf.o [2]
  .near.bss        zero     0x000052     0x1  bsp_conf.o [2]
                          - 0x000053    0x43

"A1":                                  0x200
  CSTACK                    0x000600   0x200  <Block>
    CSTACK         uninit   0x000600   0x200  <Block tail>
                          - 0x000800   0x200

"A2":                                   0x80
  INTVEC                    0x008000    0x80  <Block>
    .intvec        const    0x008000    0x80  interrupt.o [4]
                          - 0x008080    0x80

"P3-P5":                              0x10dd
  .near_func.text  ro code  0x008080   0x14b  stm8l15x_itc.o [2]
  .near_func.text  ro code  0x0081cb   0x11f  stm8l15x_exti.o [2]
  .near_func.text  ro code  0x0082ea   0x10d  long.o [4]
  .near_func.text  ro code  0x0083f7    0xfd  vreg_util.o [4]
  .near_func.text  ro code  0x0084f4    0xcf  stm8l15x_usart.o [2]
  .near_func.text  ro code  0x0085c3    0xac  bsp_conf.o [2]
  .near_func.text  ro code  0x00866f    0xa9  stm8l15x_usart.o [2]
  .near_func.text  ro code  0x008718    0x96  bsp_conf.o [2]
  .near_func.text  ro code  0x0087ae    0x94  stm8l15x_usart.o [2]
  .near_func.text  ro code  0x008842    0x91  stm8l15x_clk.o [2]
  .near_func.text  ro code  0x0088d3    0x8e  stm8l15x_clk.o [2]
  .near_func.text  ro code  0x008961    0x8e  stm8l15x_gpio.o [2]
  .near_func.text  ro code  0x0089ef    0x77  bsp_conf.o [2]
  .near_func.text  ro code  0x008a66    0x65  stm8l15x_tim3.o [2]
  .near_func.text  ro code  0x008acb    0x60  bsp_conf.o [2]
  .near_func.text  ro code  0x008b2b    0x4e  bsp_conf.o [2]
  .near_func.text  ro code  0x008b79    0x41  bsp_conf.o [2]
  .near_func.text  ro code  0x008bba    0x3e  bsp_conf.o [2]
  .near_func.text  ro code  0x008bf8    0x3d  bsp_conf.o [2]
  .near_func.text  ro code  0x008c35    0x3c  bsp_conf.o [2]
  .near_func.text  ro code  0x008c71    0x3c  bsp_conf.o [2]
  .near_func.text  ro code  0x008cad    0x39  bsp_conf.o [2]
  .near_func.text  ro code  0x008ce6    0x36  long_util.o [4]
  .near_func.text  ro code  0x008d1c    0x2c  bsp_conf.o [2]
  .near_func.text  ro code  0x008d48    0x2b  stm8l15x_usart.o [2]
  .near_func.text  ro code  0x008d73    0x27  stm8l15x_usart.o [2]
  .near_func.text  ro code  0x008d9a    0x27  bsp_conf.o [2]
  .near_func.text  ro code  0x008dc1    0x25  stm8l15x_tim2.o [2]
  .near_func.text  ro code  0x008de6    0x25  stm8l15x_tim3.o [2]
  .near_func.text  ro code  0x008e0b    0x24  stm8l15x_tim2.o [2]
  .near_func.text  ro code  0x008e2f    0x24  stm8l15x_tim3.o [2]
  .near_func.text  ro code  0x008e53    0x22  stm8l15x_exti.o [2]
  .near_func.text  ro code  0x008e75    0x21  stm8l15x_tim4.o [2]
  .iar.init_table  const    0x008e96     0x8  - Linker created -
  .near_func.text  ro code  0x008e9e    0x20  bsp_conf.o [2]
  .near_func.text  ro code  0x008ebe    0x1e  main.o [2]
  .near_func.text  ro code  0x008edc    0x1e  init_small.o [4]
  .near_func.text  ro code  0x008efa    0x1d  delay.o [2]
  .near_func.text  ro code  0x008f17    0x1c  stm8l15x_it.o [2]
  .near_func.text  ro code  0x008f33    0x1c  stm8l15x_it.o [2]
  .near_func.text  ro code  0x008f4f    0x1a  stm8l15x_tim2.o [2]
  .near_func.text  ro code  0x008f69    0x1a  stm8l15x_tim3.o [2]
  .near_func.text  ro code  0x008f83    0x1a  stm8l15x_tim4.o [2]
  .near_func.text  ro code  0x008f9d    0x1a  delay.o [2]
  .near_func.text  ro code  0x008fb7    0x16  stm8l15x_it.o [2]
  .near_func.text  ro code  0x008fcd    0x16  stm8l15x_it.o [2]
  .near_func.text  ro code  0x008fe3    0x16  stm8l15x_it.o [2]
  .near_func.text  ro code  0x008ff9    0x16  stm8l15x_it.o [2]
  .near_func.text  ro code  0x00900f    0x14  init.o [4]
  .near_func.text  ro code  0x009023    0x14  __dbg_xxexit.o [3]
  .near_func.text  ro code  0x009037    0x13  cstartup.o [4]
  .near_func.text  ro code  0x00904a    0x11  stm8l15x_tim4.o [2]
  .near_func.text  ro code  0x00905b     0xe  stm8l15x_clk.o [2]
  .near_func.text  ro code  0x009069     0xe  stm8l15x_tim2.o [2]
  .near_func.text  ro code  0x009077     0xe  stm8l15x_tim2.o [2]
  .near_func.text  ro code  0x009085     0xe  stm8l15x_tim3.o [2]
  .near_func.text  ro code  0x009093     0xe  stm8l15x_tim3.o [2]
  .near_func.text  ro code  0x0090a1     0xe  stm8l15x_tim4.o [2]
  .near_func.text  ro code  0x0090af     0xe  stm8l15x_tim4.o [2]
  .near_func.text  ro code  0x0090bd     0xd  short.o [4]
  .near_func.text  ro code  0x0090ca     0xb  stm8l15x_tim2.o [2]
  .near_func.text  ro code  0x0090d5     0xb  stm8l15x_tim3.o [2]
  .near_func.text  ro code  0x0090e0     0x9  stm8l15x_tim2.o [2]
  .near_func.text  ro code  0x0090e9     0x9  stm8l15x_tim2.o [2]
  .near_func.text  ro code  0x0090f2     0x9  stm8l15x_tim3.o [2]
  .near_func.text  ro code  0x0090fb     0x9  stm8l15x_tim3.o [2]
  .near_func.text  ro code  0x009104     0x9  stm8l15x_tim4.o [2]
  .near_func.text  ro code  0x00910d     0x9  stm8l15x_tim4.o [2]
  .near.rodata     const    0x009116     0x8  bsp_conf.o [2]
  .near.rodata     const    0x00911e     0x5  stm8l15x_clk.o [2]
  .near_func.text  ro code  0x009123     0x5  bsp_conf.o [2]
  .near_func.text  ro code  0x009128     0x5  cexit.o [4]
  .near_func.text  ro code  0x00912d     0x4  stm8l15x_clk.o [2]
  .near_func.text  ro code  0x009131     0x4  stm8l15x_clk.o [2]
  .near_func.text  ro code  0x009135     0x3  stm8l15x_usart.o [2]
  .near_func.text  ro code  0x009138     0x3  exit.o [4]
  .near_func.text  ro code  0x00913b     0x3  interrupt.o [4]
  .near_func.text  ro code  0x00913e     0x3  low_level_init.o [4]
  .near_func.text  ro code  0x009141     0x3  unhandled_exception.o [4]
  .near_func.text  ro code  0x009144     0x1  stm8l15x_it.o [2]
  .near_func.text  ro code  0x009145     0x1  stm8l15x_it.o [2]
  .near_func.text  ro code  0x009146     0x1  stm8l15x_it.o [2]
  .near_func.text  ro code  0x009147     0x1  stm8l15x_it.o [2]
  .near_func.text  ro code  0x009148     0x1  stm8l15x_it.o [2]
  .near_func.text  ro code  0x009149     0x1  stm8l15x_it.o [2]
  .near_func.text  ro code  0x00914a     0x1  stm8l15x_it.o [2]
  .near_func.text  ro code  0x00914b     0x1  stm8l15x_it.o [2]
  .near_func.text  ro code  0x00914c     0x1  stm8l15x_it.o [2]
  .near_func.text  ro code  0x00914d     0x1  stm8l15x_it.o [2]
  .near_func.text  ro code  0x00914e     0x1  stm8l15x_it.o [2]
  .near_func.text  ro code  0x00914f     0x1  stm8l15x_it.o [2]
  .near_func.text  ro code  0x009150     0x1  stm8l15x_it.o [2]
  .near_func.text  ro code  0x009151     0x1  stm8l15x_it.o [2]
  .near_func.text  ro code  0x009152     0x1  stm8l15x_it.o [2]
  .near_func.text  ro code  0x009153     0x1  stm8l15x_it.o [2]
  .near_func.text  ro code  0x009154     0x1  stm8l15x_it.o [2]
  .near_func.text  ro code  0x009155     0x1  stm8l15x_it.o [2]
  .near_func.text  ro code  0x009156     0x1  stm8l15x_it.o [2]
  .near_func.text  ro code  0x009157     0x1  stm8l15x_it.o [2]
  .near_func.text  ro code  0x009158     0x1  stm8l15x_it.o [2]
  .near_func.text  ro code  0x009159     0x1  stm8l15x_it.o [2]
  .near_func.text  ro code  0x00915a     0x1  stm8l15x_it.o [2]
  .near_func.text  ro code  0x00915b     0x1  stm8l15x_it.o [2]
  .near_func.text  ro code  0x00915c     0x1  __dbg_break.o [3]
                          - 0x00915d  0x10dd


*******************************************************************************
*** INIT TABLE
***

          Address   Size
          -------   ----
Zero (__iar_zero_init2)
    1 destination range, total size 0x43:
          0x000010  0x43



*******************************************************************************
*** MODULE SUMMARY
***

    Module                 ro code  ro data  rw data
    ------                 -------  -------  -------
command line: [1]
    ------------------------------------------------
    Total:

d:\myfile_yan\BLE-MESH\BLE_MESH_PROJECT\out\Debug: [2]
    bsp_conf.o               1 100        8       67
    delay.o                     55
    main.o                      30
    stm8l15x_clk.o             309        5
    stm8l15x_exti.o            321
    stm8l15x_gpio.o            142
    stm8l15x_it.o              168
    stm8l15x_itc.o             331
    stm8l15x_tim2.o            156
    stm8l15x_tim3.o            257
    stm8l15x_tim4.o            122
    stm8l15x_usart.o           609
    ------------------------------------------------
    Total:                   3 600       13       67

dbgstm8smd.a: [3]
    __dbg_break.o                1
    __dbg_xxexit.o              20
    ------------------------------------------------
    Total:                      21

dlstm8smf.a: [4]
    cexit.o                      5
    cstartup.o                  19
    exit.o                       3
    init.o                      20
    init_small.o                30
    interrupt.o                  3      128
    long.o                     269
    long_util.o                 54
    low_level_init.o             3
    short.o                     13
    unhandled_exception.o        3
    vreg_util.o                253
    vregs.o                                       16
    ------------------------------------------------
    Total:                     675      128       16

    Linker created                        8      512
----------------------------------------------------
    Grand Total:             4 296      149      595


*******************************************************************************
*** ENTRY LIST
***

Entry                    Address   Size  Type      Object
-----                    -------   ----  ----      ------
.iar.init_table$$Base   0x008e96          --   Gb  - Linker created -
.iar.init_table$$Limit  0x008e9e          --   Gb  - Linker created -
?b0                     0x000000         Data  Gb  vregs.o [4]
?b1                     0x000001         Data  Gb  vregs.o [4]
?b10                    0x00000a         Data  Gb  vregs.o [4]
?b11                    0x00000b         Data  Gb  vregs.o [4]
?b12                    0x00000c         Data  Gb  vregs.o [4]
?b13                    0x00000d         Data  Gb  vregs.o [4]
?b14                    0x00000e         Data  Gb  vregs.o [4]
?b15                    0x00000f         Data  Gb  vregs.o [4]
?b2                     0x000002         Data  Gb  vregs.o [4]
?b3                     0x000003         Data  Gb  vregs.o [4]
?b4                     0x000004         Data  Gb  vregs.o [4]
?b5                     0x000005         Data  Gb  vregs.o [4]
?b6                     0x000006         Data  Gb  vregs.o [4]
?b7                     0x000007         Data  Gb  vregs.o [4]
?b8                     0x000008         Data  Gb  vregs.o [4]
?b9                     0x000009         Data  Gb  vregs.o [4]
?dec32_0x_0x            0x0082ef         Code  Gb  long.o [4]
?dec32_l0_l0            0x0082ea         Code  Gb  long.o [4]
?e0                     0x000001         Data  Gb  vregs.o [4]
?e1                     0x000005         Data  Gb  vregs.o [4]
?e2                     0x000009         Data  Gb  vregs.o [4]
?e3                     0x00000d         Data  Gb  vregs.o [4]
?epilogue_l2            0x0084b8         Code  Gb  vreg_util.o [4]
?epilogue_l2_l3         0x0084b5         Code  Gb  vreg_util.o [4]
?epilogue_w4            0x0084bc         Code  Gb  vreg_util.o [4]
?l0                     0x000000         Data  Gb  vregs.o [4]
?l1                     0x000004         Data  Gb  vregs.o [4]
?l2                     0x000008         Data  Gb  vregs.o [4]
?l3                     0x00000c         Data  Gb  vregs.o [4]
?load32_0x_l0           0x008d0e         Code  Gb  long_util.o [4]
?load32_l0_0x           0x008ce6         Code  Gb  long_util.o [4]
?load32_l1_0x           0x008d02         Code  Gb  long_util.o [4]
?load32_l1_asp          0x008cf7         Code  Gb  long_util.o [4]
?load32_l1_dbsp         0x008cf2         Code  Gb  long_util.o [4]
?load32_l1_xsp          0x008cf9         Code  Gb  long_util.o [4]
?mov_e0_e2              0x0084c3         Code  Gb  vreg_util.o [4]
?mov_e0_e3              0x0084d0         Code  Gb  vreg_util.o [4]
?mov_e2_e0              0x0084dd         Code  Gb  vreg_util.o [4]
?mov_e3_e0              0x0084ea         Code  Gb  vreg_util.o [4]
?mov_l0_l2              0x0084c0         Code  Gb  vreg_util.o [4]
?mov_l0_l3              0x0084cd         Code  Gb  vreg_util.o [4]
?mov_l2_l0              0x0084da         Code  Gb  vreg_util.o [4]
?mov_l3_l0              0x0084e7         Code  Gb  vreg_util.o [4]
?mov_w1_w5              0x0084c6         Code  Gb  vreg_util.o [4]
?mov_w1_w7              0x0084d3         Code  Gb  vreg_util.o [4]
?mov_w5_w1              0x0084e0         Code  Gb  vreg_util.o [4]
?mov_w7_w1              0x0084ed         Code  Gb  vreg_util.o [4]
?mul32_l0_l0_0x         0x008303         Code  Gb  long.o [4]
?mul32_l0_l0_l1         0x00830c         Code  Gb  long.o [4]
?pop_e2                 0x008436         Code  Gb  vreg_util.o [4]
?pop_l0                 0x008481         Code  Gb  vreg_util.o [4]
?pop_l1                 0x00848c         Code  Gb  vreg_util.o [4]
?pop_l2                 0x008497         Code  Gb  vreg_util.o [4]
?pop_l3                 0x0084a2         Code  Gb  vreg_util.o [4]
?pop_w4                 0x00840f         Code  Gb  vreg_util.o [4]
?push_e2                0x00841e         Code  Gb  vreg_util.o [4]
?push_l0                0x008450         Code  Gb  vreg_util.o [4]
?push_l1                0x008455         Code  Gb  vreg_util.o [4]
?push_l2                0x00845a         Code  Gb  vreg_util.o [4]
?push_l3                0x00845f         Code  Gb  vreg_util.o [4]
?push_w4                0x0083f7         Code  Gb  vreg_util.o [4]
?sll16_x_x_a            0x0090bd         Code  Gb  short.o [4]
?srl16_x_x_4            0x0090c5         Code  Gb  short.o [4]
?udiv32_l0_l0_l1        0x00838a         Code  Gb  long.o [4]
?umod32_l1_l0_l1        0x00838a         Code  Gb  long.o [4]
?w0                     0x000000         Data  Gb  vregs.o [4]
?w1                     0x000002         Data  Gb  vregs.o [4]
?w2                     0x000004         Data  Gb  vregs.o [4]
?w3                     0x000006         Data  Gb  vregs.o [4]
?w4                     0x000008         Data  Gb  vregs.o [4]
?w5                     0x00000a         Data  Gb  vregs.o [4]
?w6                     0x00000c         Data  Gb  vregs.o [4]
?w7                     0x00000e         Data  Gb  vregs.o [4]
ADC1_COMP_IRQHandler    0x009154    0x1  Code  Gb  stm8l15x_it.o [2]
CLK_GetClockFreq        0x008842   0x91  Code  Gb  stm8l15x_clk.o [2]
CLK_HSICmd              0x00905b    0xe  Code  Gb  stm8l15x_clk.o [2]
CLK_PeripheralClockConfig
                        0x0088d3   0x8e  Code  Gb  stm8l15x_clk.o [2]
CLK_SYSCLKDivConfig     0x009131    0x4  Code  Gb  stm8l15x_clk.o [2]
CLK_SYSCLKSourceConfig  0x00912d    0x4  Code  Gb  stm8l15x_clk.o [2]
CSTACK$$Base            0x000600          --   Gb  - Linker created -
CSTACK$$Limit           0x000800          --   Gb  - Linker created -
DMA1_CHANNEL0_1_IRQHandler
                        0x009146    0x1  Code  Gb  stm8l15x_it.o [2]
DMA1_CHANNEL2_3_IRQHandler
                        0x009147    0x1  Code  Gb  stm8l15x_it.o [2]
EXTI0_IRQHandler        0x00914b    0x1  Code  Gb  stm8l15x_it.o [2]
EXTI1_IRQHandler        0x00914c    0x1  Code  Gb  stm8l15x_it.o [2]
EXTI2_IRQHandler        0x00914d    0x1  Code  Gb  stm8l15x_it.o [2]
EXTI3_IRQHandler        0x00914e    0x1  Code  Gb  stm8l15x_it.o [2]
EXTI4_IRQHandler        0x008f33   0x1c  Code  Gb  stm8l15x_it.o [2]
EXTI5_IRQHandler        0x00914f    0x1  Code  Gb  stm8l15x_it.o [2]
EXTI6_IRQHandler        0x009150    0x1  Code  Gb  stm8l15x_it.o [2]
EXTI7_IRQHandler        0x009151    0x1  Code  Gb  stm8l15x_it.o [2]
EXTIB_G_IRQHandler      0x008f17   0x1c  Code  Gb  stm8l15x_it.o [2]
EXTID_H_IRQHandler      0x00914a    0x1  Code  Gb  stm8l15x_it.o [2]
EXTIE_F_PVD_IRQHandler  0x009149    0x1  Code  Gb  stm8l15x_it.o [2]
EXTI_ClearITPendingBit  0x008e53   0x22  Code  Gb  stm8l15x_exti.o [2]
EXTI_SetPinSensitivity  0x0081cb  0x11f  Code  Gb  stm8l15x_exti.o [2]
FLASH_IRQHandler        0x009145    0x1  Code  Gb  stm8l15x_it.o [2]
GPIO_Init               0x008961   0x8e  Code  Gb  stm8l15x_gpio.o [2]
I2C1_SPI2_IRQHandler    0x00915b    0x1  Code  Gb  stm8l15x_it.o [2]
INTVEC$$Base            0x008000          --   Gb  - Linker created -
INTVEC$$Limit           0x008080          --   Gb  - Linker created -
ITC_SetSoftwarePriority
                        0x008080  0x14b  Code  Gb  stm8l15x_itc.o [2]
LCD_AES_IRQHandler      0x009152    0x1  Code  Gb  stm8l15x_it.o [2]
RTC_CSSLSE_IRQHandler   0x009148    0x1  Code  Gb  stm8l15x_it.o [2]
Region$$Table$$Base     0x008e96          --   Gb  - Linker created -
Region$$Table$$Limit    0x008e9e          --   Gb  - Linker created -
SPI1_IRQHandler         0x009159    0x1  Code  Gb  stm8l15x_it.o [2]
SWITCH_CSS_BREAK_DAC_IRQHandler
                        0x009153    0x1  Code  Gb  stm8l15x_it.o [2]
SYSDivFactor            0x00911e    0x5  Data  Gb  stm8l15x_clk.o [2]
TIM1_CC_IRQHandler      0x009158    0x1  Code  Gb  stm8l15x_it.o [2]
TIM1_UPD_OVF_TRG_COM_IRQHandler
                        0x009157    0x1  Code  Gb  stm8l15x_it.o [2]
TIM2_ARRPreloadConfig   0x009069    0xe  Code  Gb  stm8l15x_tim2.o [2]
TIM2_CC_USART2_RX_IRQHandler
                        0x009155    0x1  Code  Gb  stm8l15x_it.o [2]
TIM2_ClearFlag          0x0090ca    0xb  Code  Gb  stm8l15x_tim2.o [2]
TIM2_ClearITPendingBit  0x0090e9    0x9  Code  Gb  stm8l15x_tim2.o [2]
TIM2_Cmd                0x009077    0xe  Code  Gb  stm8l15x_tim2.o [2]
TIM2_GetFlagStatus      0x008dc1   0x25  Code  Gb  stm8l15x_tim2.o [2]
TIM2_IRQHandler         0x008d9a   0x27  Code  Gb  bsp_conf.o [2]
TIM2_ITConfig           0x008f4f   0x1a  Code  Gb  stm8l15x_tim2.o [2]
TIM2_SetCounter         0x0090e0    0x9  Code  Gb  stm8l15x_tim2.o [2]
TIM2_TimeBaseInit       0x008e0b   0x24  Code  Gb  stm8l15x_tim2.o [2]
TIM2_UPD_OVF_TRG_BRK_USART2_TX_IRQHandler
                        0x008fb7   0x16  Code  Gb  stm8l15x_it.o [2]
TIM3_ARRPreloadConfig   0x009085    0xe  Code  Gb  stm8l15x_tim3.o [2]
TIM3_CC_USART3_RX_IRQHandler
                        0x009156    0x1  Code  Gb  stm8l15x_it.o [2]
TIM3_ClearFlag          0x0090d5    0xb  Code  Gb  stm8l15x_tim3.o [2]
TIM3_ClearITPendingBit  0x0090fb    0x9  Code  Gb  stm8l15x_tim3.o [2]
TIM3_Cmd                0x009093    0xe  Code  Gb  stm8l15x_tim3.o [2]
TIM3_DeInit             0x008a66   0x65  Code  Gb  stm8l15x_tim3.o [2]
TIM3_GetFlagStatus      0x008de6   0x25  Code  Gb  stm8l15x_tim3.o [2]
TIM3_IRQHandler         0x008e9e   0x20  Code  Gb  bsp_conf.o [2]
TIM3_ITConfig           0x008f69   0x1a  Code  Gb  stm8l15x_tim3.o [2]
TIM3_SetCounter         0x0090f2    0x9  Code  Gb  stm8l15x_tim3.o [2]
TIM3_TimeBaseInit       0x008e2f   0x24  Code  Gb  stm8l15x_tim3.o [2]
TIM3_UPD_OVF_TRG_BRK_USART3_TX_IRQHandler
                        0x008fcd   0x16  Code  Gb  stm8l15x_it.o [2]
TIM4_ARRPreloadConfig   0x0090a1    0xe  Code  Gb  stm8l15x_tim4.o [2]
TIM4_ClearFlag          0x009104    0x9  Code  Gb  stm8l15x_tim4.o [2]
TIM4_ClearITPendingBit  0x00910d    0x9  Code  Gb  stm8l15x_tim4.o [2]
TIM4_Cmd                0x0090af    0xe  Code  Gb  stm8l15x_tim4.o [2]
TIM4_DeInit             0x008e75   0x21  Code  Gb  stm8l15x_tim4.o [2]
TIM4_ITConfig           0x008f83   0x1a  Code  Gb  stm8l15x_tim4.o [2]
TIM4_TimeBaseInit       0x00904a   0x11  Code  Gb  stm8l15x_tim4.o [2]
TIM4_UPD_OVF_TRG_IRQHandler
                        0x008fe3   0x16  Code  Gb  stm8l15x_it.o [2]
TRAP_IRQHandler         0x009144    0x1  Code  Gb  stm8l15x_it.o [2]
USART1_IRQHandler       0x008acb   0x60  Code  Gb  bsp_conf.o [2]
USART1_RX_STA           0x000050    0x2  Data  Gb  bsp_conf.o [2]
USART1_RX_TIM5_CC_IRQHandler
                        0x008ff9   0x16  Code  Gb  stm8l15x_it.o [2]
USART1_RX_buf           0x000010   0x3c  Data  Gb  bsp_conf.o [2]
USART1_TX_TIM5_UPD_OVF_TRG_BRK_IRQHandler
                        0x00915a    0x1  Code  Gb  stm8l15x_it.o [2]
USART_Cmd               0x008d48   0x2b  Code  Gb  stm8l15x_usart.o [2]
USART_DeInit            0x008d73   0x27  Code  Gb  stm8l15x_usart.o [2]
USART_GetITStatus       0x00866f   0xa9  Code  Gb  stm8l15x_usart.o [2]
USART_ITConfig          0x0087ae   0x94  Code  Gb  stm8l15x_usart.o [2]
USART_Init              0x0084f4   0xcf  Code  Gb  stm8l15x_usart.o [2]
USART_ReceiveData8      0x009135    0x3  Code  Gb  stm8l15x_usart.o [2]
__DebugBreak            0x00915c    0x1  Code  Gb  __dbg_break.o [3]
__exit                  0x009023   0x14  Code  Gb  __dbg_xxexit.o [3]
__iar_data_init2        0x00900f   0x14  Code  Gb  init.o [4]
__iar_program_start     0x009037         Code  Gb  cstartup.o [4]
__iar_unhandled_exception
                        0x009141         Code  Gb  unhandled_exception.o [4]
__iar_zero_init2        0x008edc         Code  Gb  init_small.o [4]
__intvec                0x008000         Data  Gb  interrupt.o [4]
__low_level_init        0x00913e    0x3  Code  Gb  low_level_init.o [4]
_exit                   0x009128         Code  Gb  cexit.o [4]
_interrupt_1            0x009144         Code  Gb  stm8l15x_it.o [2]
_interrupt_10           0x00914b         Code  Gb  stm8l15x_it.o [2]
_interrupt_11           0x00914c         Code  Gb  stm8l15x_it.o [2]
_interrupt_12           0x00914d         Code  Gb  stm8l15x_it.o [2]
_interrupt_13           0x00914e         Code  Gb  stm8l15x_it.o [2]
_interrupt_14           0x008f33         Code  Gb  stm8l15x_it.o [2]
_interrupt_15           0x00914f         Code  Gb  stm8l15x_it.o [2]
_interrupt_16           0x009150         Code  Gb  stm8l15x_it.o [2]
_interrupt_17           0x009151         Code  Gb  stm8l15x_it.o [2]
_interrupt_18           0x009152         Code  Gb  stm8l15x_it.o [2]
_interrupt_19           0x009153         Code  Gb  stm8l15x_it.o [2]
_interrupt_20           0x009154         Code  Gb  stm8l15x_it.o [2]
_interrupt_21           0x008fb7         Code  Gb  stm8l15x_it.o [2]
_interrupt_22           0x009155         Code  Gb  stm8l15x_it.o [2]
_interrupt_23           0x008fcd         Code  Gb  stm8l15x_it.o [2]
_interrupt_24           0x009156         Code  Gb  stm8l15x_it.o [2]
_interrupt_25           0x009157         Code  Gb  stm8l15x_it.o [2]
_interrupt_26           0x009158         Code  Gb  stm8l15x_it.o [2]
_interrupt_27           0x008fe3         Code  Gb  stm8l15x_it.o [2]
_interrupt_28           0x009159         Code  Gb  stm8l15x_it.o [2]
_interrupt_29           0x00915a         Code  Gb  stm8l15x_it.o [2]
_interrupt_3            0x009145         Code  Gb  stm8l15x_it.o [2]
_interrupt_30           0x008ff9         Code  Gb  stm8l15x_it.o [2]
_interrupt_31           0x00915b         Code  Gb  stm8l15x_it.o [2]
_interrupt_4            0x009146         Code  Gb  stm8l15x_it.o [2]
_interrupt_5            0x009147         Code  Gb  stm8l15x_it.o [2]
_interrupt_6            0x009148         Code  Gb  stm8l15x_it.o [2]
_interrupt_7            0x009149         Code  Gb  stm8l15x_it.o [2]
_interrupt_8            0x008f17         Code  Gb  stm8l15x_it.o [2]
_interrupt_9            0x00914a         Code  Gb  stm8l15x_it.o [2]
beep_period_buf         0x009116    0x8  Data  Gb  bsp_conf.o [2]
beep_play               0x008c71   0x3c  Code  Gb  bsp_conf.o [2]
beep_play_time          0x00004c    0x4  Data  Gb  bsp_conf.o [2]
bsp_beep_freq           0x0089ef   0x77  Code  Gb  bsp_conf.o [2]
bsp_beep_it             0x008b79   0x41  Code  Gb  bsp_conf.o [2]
bsp_beep_play_ms        0x008d1c   0x2c  Code  Gb  bsp_conf.o [2]
bsp_clk_init            0x008cad   0x39  Code  Gb  bsp_conf.o [2]
bsp_gpio_init           0x0085c3   0xac  Code  Gb  bsp_conf.o [2]
bsp_key_detec           0x008718   0x96  Code  Gb  bsp_conf.o [2]
bsp_key_it              0x009123    0x5  Code  Gb  bsp_conf.o [2]
bsp_tim2_init           0x008c35   0x3c  Code  Gb  bsp_conf.o [2]
bsp_tim3_init           0x008bf8   0x3d  Code  Gb  bsp_conf.o [2]
bsp_tim4_init           0x008bba   0x3e  Code  Gb  bsp_conf.o [2]
bsp_uart_init           0x008b2b   0x4e  Code  Gb  bsp_conf.o [2]
delay_ms_1              0x008f9d   0x1a  Code  Gb  delay.o [2]
delay_us_1              0x008efa   0x1d  Code  Gb  delay.o [2]
exit                    0x009138    0x3  Code  Gb  exit.o [4]
key_flag                0x000052    0x1  Data  Gb  bsp_conf.o [2]
main                    0x008ebe   0x1e  Code  Gb  main.o [2]


[1] = command line
[2] = d:\myfile_yan\BLE-MESH\BLE_MESH_PROJECT\out\Debug
[3] = dbgstm8smd.a
[4] = dlstm8smf.a

  4 296 bytes of readonly  code memory
    149 bytes of readonly  data memory
    595 bytes of readwrite data memory

Errors: none
Warnings: none
