###############################################################################
#
# IAR ELF Linker V3.11.1.207 for STM8                     25/Nov/2020  17:09:56
# Copyright 2010-2019 IAR Systems AB.
#
#    Output file  =  .\out\Debug\BLE_MESH_PROJECT.out
#    Map file     =  .\out\Debug\BLE_MESH_PROJECT.map
#    Command line =  
#        -f
#        d:\myfile_yan\BLE-MESH\BLE_MESH_PROJECT\out\Debug\BLE_MESH_PROJECT.lnp
#        (--silent --redirect _Scanf=_ScanfSmall --redirect _Printf=_PrintfTiny
#        --config lnkstm8s103f3.icf --config_def _CSTACK_SIZE=0x0200
#        --config_def _HEAP_SIZE=0x0000 --debug_lib --map
#        .\out\Debug\BLE_MESH_PROJECT.map .\out\Debug\stm8l15x_adc.o
#        .\out\Debug\stm8l15x_aes.o .\out\Debug\stm8l15x_beep.o
#        .\out\Debug\stm8l15x_clk.o .\out\Debug\stm8l15x_comp.o
#        .\out\Debug\stm8l15x_dac.o .\out\Debug\stm8l15x_dma.o
#        .\out\Debug\stm8l15x_exti.o .\out\Debug\stm8l15x_flash.o
#        .\out\Debug\stm8l15x_gpio.o .\out\Debug\stm8l15x_i2c.o
#        .\out\Debug\stm8l15x_irtim.o .\out\Debug\stm8l15x_itc.o
#        .\out\Debug\stm8l15x_iwdg.o .\out\Debug\stm8l15x_lcd.o
#        .\out\Debug\stm8l15x_pwr.o .\out\Debug\stm8l15x_rst.o
#        .\out\Debug\stm8l15x_rtc.o .\out\Debug\stm8l15x_spi.o
#        .\out\Debug\stm8l15x_syscfg.o .\out\Debug\stm8l15x_tim1.o
#        .\out\Debug\stm8l15x_tim2.o .\out\Debug\stm8l15x_tim3.o
#        .\out\Debug\stm8l15x_tim4.o .\out\Debug\stm8l15x_tim5.o
#        .\out\Debug\stm8l15x_usart.o .\out\Debug\stm8l15x_wfe.o
#        .\out\Debug\stm8l15x_wwdg.o .\out\Debug\delay.o .\out\Debug\bsp_conf.o
#        .\out\Debug\main.o .\out\Debug\stm8l15x_it.o .\out\Debug\user_app.o -o
#        .\out\Debug\BLE_MESH_PROJECT.out)
#
###############################################################################

*******************************************************************************
*** RUNTIME MODEL ATTRIBUTES
***

__Heap_Handler             = Basic
__SystemLibrary            = DLib
__code_model               = small
__core                     = stm8
__data_model               = medium
__dlib_file_descriptor     = 1
__dlib_full_locale_support = 1
__rt_version               = 4


*******************************************************************************
*** PLACEMENT SUMMARY
***

"A0":  place at start of [0x000000-0x0000ff] { rw section .vregs };
"A1":  place at end of [0x000000-0x0003ff] { block CSTACK };
"P2":  place in [from 0x000000 to 0x0003ff] {
          block HEAP, rw section __DLIB_PERTHREAD, rw section .far.bss,
          rw section .far.data, rw section .far.noinit,
          rw section .far_func.textrw, rw section .huge.bss,
          rw section .huge.data, rw section .huge.noinit,
          rw section .huge_func.textrw, rw section .iar.dynexit,
          rw section .near.bss, rw section .near.data, rw section .near.noinit,
          rw section .near_func.textrw };
"A2":  place at start of [0x008000-0x009fff] { block INTVEC };
"P3":  place in [from 0x008000 to 0x009fff] {
          ro section __DLIB_PERTHREAD_init, ro section .far.data_init,
          ro section .far_func.textrw_init, ro section .huge.data_init,
          ro section .huge_func.textrw_init, ro section .iar.init_table,
          ro section .init_array, ro section .near.data_init,
          ro section .near.rodata, ro section .near_func.text,
          ro section .near_func.textrw_init, ro section .tiny.data_init,
          ro section .tiny.rodata_init };
"P4":  place in [from 0x008000 to 0x009fff] {
          ro section .far.rodata, ro section .far_func.text };
"P5":  place in [from 0x008000 to 0x009fff] {
          ro section .huge.rodata, ro section .huge_func.text };
do not initialize {
   rw section .eeprom.noinit, rw section .far.noinit, rw section .huge.noinit,
   rw section .near.noinit, rw section .tiny.noinit, rw section .vregs };

No sections matched the following patterns:

  ro section .far.data_init          in "P3-P5"
  ro section .far.rodata             in "P3-P5"
  ro section .far_func.text          in "P3-P5"
  ro section .far_func.textrw_init   in "P3-P5"
  ro section .huge.data_init         in "P3-P5"
  ro section .huge.rodata            in "P3-P5"
  ro section .huge_func.text         in "P3-P5"
  ro section .huge_func.textrw_init  in "P3-P5"
  ro section .iar.init_table         in "P3-P5"
  ro section .init_array             in "P3-P5"
  ro section .near.data_init         in "P3-P5"
  ro section .near_func.textrw_init  in "P3-P5"
  ro section .tiny.data_init         in "P3-P5"
  ro section .tiny.rodata_init       in "P3-P5"
  ro section __DLIB_PERTHREAD_init   in "P3-P5"
  rw section .far.bss                in "P2"
  rw section .far.data               in "P2"
  rw section .far.noinit             in "P2"
  rw section .far_func.textrw        in "P2"
  rw section .huge.bss               in "P2"
  rw section .huge.data              in "P2"
  rw section .huge.noinit            in "P2"
  rw section .huge_func.textrw       in "P2"
  rw section .iar.dynexit            in "P2"
  rw section .near.data              in "P2"
  rw section .near.noinit            in "P2"
  rw section .near_func.textrw       in "P2"
  rw section .tiny.bss               in "P1"
  rw section .tiny.data              in "P1"
  rw section .tiny.noinit            in "P1"
  rw section .tiny.rodata            in "P1"
  rw section __DLIB_PERTHREAD        in "P2"
  section .eeprom.data               in "P6-P8"
  section .eeprom.noinit             in "P6-P8"
  section .eeprom.rodata             in "P6-P8"


  Section          Kind      Address   Size  Object
  -------          ----      -------   ----  ------
"A0":                                  0x10
  .vregs           uninit   0x000000   0x10  vregs.o [4]
                          - 0x000010   0x10

"P2":                                   0x2
  .near.bss        zero     0x000010    0x1  bsp_conf.o [2]
  .near.bss        zero     0x000011    0x1  user_app.o [2]
                          - 0x000012    0x2

"A1":                                 0x200
  CSTACK                    0x000200  0x200  <Block>
    CSTACK         uninit   0x000200  0x200  <Block tail>
                          - 0x000400  0x200

"A2":                                  0x80
  INTVEC                    0x008000   0x80  <Block>
    .intvec        const    0x008000   0x80  interrupt.o [4]
                          - 0x008080   0x80

"P3-P5":                              0xa1a
  .near_func.text  ro code  0x008080  0x11f  stm8l15x_exti.o [2]
  .near_func.text  ro code  0x00819f   0xcf  stm8l15x_usart.o [2]
  .near_func.text  ro code  0x00826e   0xcb  vreg_util.o [4]
  .near_func.text  ro code  0x008339   0xa9  stm8l15x_usart.o [2]
  .near_func.text  ro code  0x0083e2   0xa5  bsp_conf.o [2]
  .near_func.text  ro code  0x008487   0x94  stm8l15x_usart.o [2]
  .near_func.text  ro code  0x00851b   0x91  stm8l15x_clk.o [2]
  .near_func.text  ro code  0x0085ac   0x8e  stm8l15x_clk.o [2]
  .near_func.text  ro code  0x00863a   0x8e  stm8l15x_gpio.o [2]
  .near_func.text  ro code  0x0086c8   0x6d  long.o [4]
  .near_func.text  ro code  0x008735   0x4d  bsp_conf.o [2]
  .near_func.text  ro code  0x008782   0x3b  bsp_conf.o [2]
  .near_func.text  ro code  0x0087bd   0x38  user_app.o [2]
  .near_func.text  ro code  0x0087f5   0x35  stm8l15x_usart.o [2]
  .near_func.text  ro code  0x00882a   0x2b  stm8l15x_usart.o [2]
  .near_func.text  ro code  0x008855   0x2b  bsp_conf.o [2]
  .near_func.text  ro code  0x008880   0x2b  stm8l15x_it.o [2]
  .near_func.text  ro code  0x0088ab   0x27  stm8l15x_usart.o [2]
  .near_func.text  ro code  0x0088d2   0x22  stm8l15x_exti.o [2]
  .near_func.text  ro code  0x0088f4   0x21  main.o [2]
  .iar.init_table  const    0x008915    0x8  - Linker created -
  .near_func.text  ro code  0x00891d   0x1e  init_small.o [4]
  .near_func.text  ro code  0x00893b   0x1d  delay.o [2]
  .near_func.text  ro code  0x008958   0x1c  bsp_conf.o [2]
  .near_func.text  ro code  0x008974   0x1c  stm8l15x_it.o [2]
  .near_func.text  ro code  0x008990   0x1c  stm8l15x_it.o [2]
  .near_func.text  ro code  0x0089ac   0x1c  long_util.o [4]
  .near_func.text  ro code  0x0089c8   0x1a  delay.o [2]
  .near_func.text  ro code  0x0089e2   0x14  init.o [4]
  .near_func.text  ro code  0x0089f6   0x14  __dbg_xxexit.o [3]
  .near_func.text  ro code  0x008a0a   0x13  cstartup.o [4]
  .near.rodata     const    0x008a1d    0xe  user_app.o [2]
  .near_func.text  ro code  0x008a2b    0xe  stm8l15x_clk.o [2]
  .near_func.text  ro code  0x008a39    0xd  short.o [4]
  .near.rodata     const    0x008a46    0xa  user_app.o [2]
  .near_func.text  ro code  0x008a50    0x6  stm8l15x_usart.o [2]
  .near.rodata     const    0x008a56    0x5  stm8l15x_clk.o [2]
  .near.rodata     const    0x008a5b    0x5  user_app.o [2]
  .near_func.text  ro code  0x008a60    0x5  stm8l15x_usart.o [2]
  .near_func.text  ro code  0x008a65    0x5  cexit.o [4]
  .near_func.text  ro code  0x008a6a    0x4  stm8l15x_clk.o [2]
  .near_func.text  ro code  0x008a6e    0x4  stm8l15x_clk.o [2]
  .near_func.text  ro code  0x008a72    0x3  interrupt.o [4]
  .near_func.text  ro code  0x008a75    0x3  low_level_init.o [4]
  .near_func.text  ro code  0x008a78    0x3  exit.o [4]
  .near_func.text  ro code  0x008a7b    0x3  unhandled_exception.o [4]
  .near_func.text  ro code  0x008a7e    0x1  stm8l15x_it.o [2]
  .near_func.text  ro code  0x008a7f    0x1  stm8l15x_it.o [2]
  .near_func.text  ro code  0x008a80    0x1  stm8l15x_it.o [2]
  .near_func.text  ro code  0x008a81    0x1  stm8l15x_it.o [2]
  .near_func.text  ro code  0x008a82    0x1  stm8l15x_it.o [2]
  .near_func.text  ro code  0x008a83    0x1  stm8l15x_it.o [2]
  .near_func.text  ro code  0x008a84    0x1  stm8l15x_it.o [2]
  .near_func.text  ro code  0x008a85    0x1  stm8l15x_it.o [2]
  .near_func.text  ro code  0x008a86    0x1  stm8l15x_it.o [2]
  .near_func.text  ro code  0x008a87    0x1  stm8l15x_it.o [2]
  .near_func.text  ro code  0x008a88    0x1  stm8l15x_it.o [2]
  .near_func.text  ro code  0x008a89    0x1  stm8l15x_it.o [2]
  .near_func.text  ro code  0x008a8a    0x1  stm8l15x_it.o [2]
  .near_func.text  ro code  0x008a8b    0x1  stm8l15x_it.o [2]
  .near_func.text  ro code  0x008a8c    0x1  stm8l15x_it.o [2]
  .near_func.text  ro code  0x008a8d    0x1  stm8l15x_it.o [2]
  .near_func.text  ro code  0x008a8e    0x1  stm8l15x_it.o [2]
  .near_func.text  ro code  0x008a8f    0x1  stm8l15x_it.o [2]
  .near_func.text  ro code  0x008a90    0x1  stm8l15x_it.o [2]
  .near_func.text  ro code  0x008a91    0x1  stm8l15x_it.o [2]
  .near_func.text  ro code  0x008a92    0x1  stm8l15x_it.o [2]
  .near_func.text  ro code  0x008a93    0x1  stm8l15x_it.o [2]
  .near_func.text  ro code  0x008a94    0x1  stm8l15x_it.o [2]
  .near_func.text  ro code  0x008a95    0x1  stm8l15x_it.o [2]
  .near_func.text  ro code  0x008a96    0x1  stm8l15x_it.o [2]
  .near_func.text  ro code  0x008a97    0x1  stm8l15x_it.o [2]
  .near_func.text  ro code  0x008a98    0x1  stm8l15x_it.o [2]
  .near_func.text  ro code  0x008a99    0x1  __dbg_break.o [3]
                          - 0x008a9a  0xa1a


*******************************************************************************
*** INIT TABLE
***

          Address   Size
          -------   ----
Zero (__iar_zero_init2)
    1 destination range, total size 0x2:
          0x000010   0x2



*******************************************************************************
*** MODULE SUMMARY
***

    Module                 ro code  ro data  rw data
    ------                 -------  -------  -------
command line: [1]
    ------------------------------------------------
    Total:

d:\myfile_yan\BLE-MESH\BLE_MESH_PROJECT\out\Debug: [2]
    bsp_conf.o                 372                 1
    delay.o                     55
    main.o                      33
    stm8l15x_clk.o             309        5
    stm8l15x_exti.o            321
    stm8l15x_gpio.o            142
    stm8l15x_it.o              126
    stm8l15x_usart.o           670
    user_app.o                  56       29        1
    ------------------------------------------------
    Total:                   2 084       34        2

dbgstm8smd.a: [3]
    __dbg_break.o                1
    __dbg_xxexit.o              20
    ------------------------------------------------
    Total:                      21

dlstm8smf.a: [4]
    cexit.o                      5
    cstartup.o                  19
    exit.o                       3
    init.o                      20
    init_small.o                30
    interrupt.o                  3      128
    long.o                     109
    long_util.o                 28
    low_level_init.o             3
    short.o                     13
    unhandled_exception.o        3
    vreg_util.o                203
    vregs.o                                       16
    ------------------------------------------------
    Total:                     439      128       16

    Linker created                        8      512
----------------------------------------------------
    Grand Total:             2 544      170      530


*******************************************************************************
*** ENTRY LIST
***

Entry                    Address   Size  Type      Object
-----                    -------   ----  ----      ------
.iar.init_table$$Base   0x008915          --   Gb  - Linker created -
.iar.init_table$$Limit  0x00891d          --   Gb  - Linker created -
?b0                     0x000000         Data  Gb  vregs.o [4]
?b1                     0x000001         Data  Gb  vregs.o [4]
?b10                    0x00000a         Data  Gb  vregs.o [4]
?b11                    0x00000b         Data  Gb  vregs.o [4]
?b12                    0x00000c         Data  Gb  vregs.o [4]
?b13                    0x00000d         Data  Gb  vregs.o [4]
?b14                    0x00000e         Data  Gb  vregs.o [4]
?b15                    0x00000f         Data  Gb  vregs.o [4]
?b2                     0x000002         Data  Gb  vregs.o [4]
?b3                     0x000003         Data  Gb  vregs.o [4]
?b4                     0x000004         Data  Gb  vregs.o [4]
?b5                     0x000005         Data  Gb  vregs.o [4]
?b6                     0x000006         Data  Gb  vregs.o [4]
?b7                     0x000007         Data  Gb  vregs.o [4]
?b8                     0x000008         Data  Gb  vregs.o [4]
?b9                     0x000009         Data  Gb  vregs.o [4]
?e0                     0x000001         Data  Gb  vregs.o [4]
?e1                     0x000005         Data  Gb  vregs.o [4]
?e2                     0x000009         Data  Gb  vregs.o [4]
?e3                     0x00000d         Data  Gb  vregs.o [4]
?epilogue_l2            0x0082fd         Code  Gb  vreg_util.o [4]
?epilogue_l2_l3         0x0082fa         Code  Gb  vreg_util.o [4]
?epilogue_w4            0x008301         Code  Gb  vreg_util.o [4]
?l0                     0x000000         Data  Gb  vregs.o [4]
?l1                     0x000004         Data  Gb  vregs.o [4]
?l2                     0x000008         Data  Gb  vregs.o [4]
?l3                     0x00000c         Data  Gb  vregs.o [4]
?load32_l1_0x           0x0089bc         Code  Gb  long_util.o [4]
?load32_l1_asp          0x0089b1         Code  Gb  long_util.o [4]
?load32_l1_dbsp         0x0089ac         Code  Gb  long_util.o [4]
?load32_l1_xsp          0x0089b3         Code  Gb  long_util.o [4]
?mov_e0_e2              0x008308         Code  Gb  vreg_util.o [4]
?mov_e0_e3              0x008315         Code  Gb  vreg_util.o [4]
?mov_e2_e0              0x008322         Code  Gb  vreg_util.o [4]
?mov_e3_e0              0x00832f         Code  Gb  vreg_util.o [4]
?mov_l0_l2              0x008305         Code  Gb  vreg_util.o [4]
?mov_l0_l3              0x008312         Code  Gb  vreg_util.o [4]
?mov_l2_l0              0x00831f         Code  Gb  vreg_util.o [4]
?mov_l3_l0              0x00832c         Code  Gb  vreg_util.o [4]
?mov_w1_w5              0x00830b         Code  Gb  vreg_util.o [4]
?mov_w1_w7              0x008318         Code  Gb  vreg_util.o [4]
?mov_w5_w1              0x008325         Code  Gb  vreg_util.o [4]
?mov_w7_w1              0x008332         Code  Gb  vreg_util.o [4]
?pop_l0                 0x0082c6         Code  Gb  vreg_util.o [4]
?pop_l1                 0x0082d1         Code  Gb  vreg_util.o [4]
?pop_l2                 0x0082dc         Code  Gb  vreg_util.o [4]
?pop_l3                 0x0082e7         Code  Gb  vreg_util.o [4]
?pop_w4                 0x008286         Code  Gb  vreg_util.o [4]
?push_l0                0x008295         Code  Gb  vreg_util.o [4]
?push_l1                0x00829a         Code  Gb  vreg_util.o [4]
?push_l2                0x00829f         Code  Gb  vreg_util.o [4]
?push_l3                0x0082a4         Code  Gb  vreg_util.o [4]
?push_w4                0x00826e         Code  Gb  vreg_util.o [4]
?sll16_x_x_a            0x008a39         Code  Gb  short.o [4]
?srl16_x_x_4            0x008a41         Code  Gb  short.o [4]
?udiv32_l0_l0_l1        0x0086c8         Code  Gb  long.o [4]
?umod32_l1_l0_l1        0x0086c8         Code  Gb  long.o [4]
?w0                     0x000000         Data  Gb  vregs.o [4]
?w1                     0x000002         Data  Gb  vregs.o [4]
?w2                     0x000004         Data  Gb  vregs.o [4]
?w3                     0x000006         Data  Gb  vregs.o [4]
?w4                     0x000008         Data  Gb  vregs.o [4]
?w5                     0x00000a         Data  Gb  vregs.o [4]
?w6                     0x00000c         Data  Gb  vregs.o [4]
?w7                     0x00000e         Data  Gb  vregs.o [4]
ADC1_COMP_IRQHandler    0x008a8e    0x1  Code  Gb  stm8l15x_it.o [2]
AT_Test_Demo            0x0087bd   0x38  Code  Gb  user_app.o [2]
AT_flag                 0x000011    0x1  Data  Gb  user_app.o [2]
CLK_GetClockFreq        0x00851b   0x91  Code  Gb  stm8l15x_clk.o [2]
CLK_HSICmd              0x008a2b    0xe  Code  Gb  stm8l15x_clk.o [2]
CLK_PeripheralClockConfig
                        0x0085ac   0x8e  Code  Gb  stm8l15x_clk.o [2]
CLK_SYSCLKDivConfig     0x008a6e    0x4  Code  Gb  stm8l15x_clk.o [2]
CLK_SYSCLKSourceConfig  0x008a6a    0x4  Code  Gb  stm8l15x_clk.o [2]
CSTACK$$Base            0x000200          --   Gb  - Linker created -
CSTACK$$Limit           0x000400          --   Gb  - Linker created -
DMA1_CHANNEL0_1_IRQHandler
                        0x008a80    0x1  Code  Gb  stm8l15x_it.o [2]
DMA1_CHANNEL2_3_IRQHandler
                        0x008a81    0x1  Code  Gb  stm8l15x_it.o [2]
EXTI0_IRQHandler        0x008a85    0x1  Code  Gb  stm8l15x_it.o [2]
EXTI1_IRQHandler        0x008a86    0x1  Code  Gb  stm8l15x_it.o [2]
EXTI2_IRQHandler        0x008a87    0x1  Code  Gb  stm8l15x_it.o [2]
EXTI3_IRQHandler        0x008a88    0x1  Code  Gb  stm8l15x_it.o [2]
EXTI4_IRQHandler        0x008990   0x1c  Code  Gb  stm8l15x_it.o [2]
EXTI5_IRQHandler        0x008a89    0x1  Code  Gb  stm8l15x_it.o [2]
EXTI6_IRQHandler        0x008a8a    0x1  Code  Gb  stm8l15x_it.o [2]
EXTI7_IRQHandler        0x008a8b    0x1  Code  Gb  stm8l15x_it.o [2]
EXTIB_G_IRQHandler      0x008974   0x1c  Code  Gb  stm8l15x_it.o [2]
EXTID_H_IRQHandler      0x008a84    0x1  Code  Gb  stm8l15x_it.o [2]
EXTIE_F_PVD_IRQHandler  0x008a83    0x1  Code  Gb  stm8l15x_it.o [2]
EXTI_ClearITPendingBit  0x0088d2   0x22  Code  Gb  stm8l15x_exti.o [2]
EXTI_SetPinSensitivity  0x008080  0x11f  Code  Gb  stm8l15x_exti.o [2]
FLASH_IRQHandler        0x008a7f    0x1  Code  Gb  stm8l15x_it.o [2]
GPIO_Init               0x00863a   0x8e  Code  Gb  stm8l15x_gpio.o [2]
I2C1_SPI2_IRQHandler    0x008a98    0x1  Code  Gb  stm8l15x_it.o [2]
INTVEC$$Base            0x008000          --   Gb  - Linker created -
INTVEC$$Limit           0x008080          --   Gb  - Linker created -
LCD_AES_IRQHandler      0x008a8c    0x1  Code  Gb  stm8l15x_it.o [2]
RTC_CSSLSE_IRQHandler   0x008a82    0x1  Code  Gb  stm8l15x_it.o [2]
Region$$Table$$Base     0x008915          --   Gb  - Linker created -
Region$$Table$$Limit    0x00891d          --   Gb  - Linker created -
SPI1_IRQHandler         0x008a96    0x1  Code  Gb  stm8l15x_it.o [2]
SWITCH_CSS_BREAK_DAC_IRQHandler
                        0x008a8d    0x1  Code  Gb  stm8l15x_it.o [2]
SYSDivFactor            0x008a56    0x5  Data  Gb  stm8l15x_clk.o [2]
TIM1_CC_IRQHandler      0x008a94    0x1  Code  Gb  stm8l15x_it.o [2]
TIM1_UPD_OVF_TRG_COM_IRQHandler
                        0x008a93    0x1  Code  Gb  stm8l15x_it.o [2]
TIM2_CC_USART2_RX_IRQHandler
                        0x008a90    0x1  Code  Gb  stm8l15x_it.o [2]
TIM2_UPD_OVF_TRG_BRK_USART2_TX_IRQHandler
                        0x008a8f    0x1  Code  Gb  stm8l15x_it.o [2]
TIM3_CC_USART3_RX_IRQHandler
                        0x008a92    0x1  Code  Gb  stm8l15x_it.o [2]
TIM3_UPD_OVF_TRG_BRK_USART3_TX_IRQHandler
                        0x008a91    0x1  Code  Gb  stm8l15x_it.o [2]
TIM4_UPD_OVF_TRG_IRQHandler
                        0x008a95    0x1  Code  Gb  stm8l15x_it.o [2]
TRAP_IRQHandler         0x008a7e    0x1  Code  Gb  stm8l15x_it.o [2]
USART1_RX_TIM5_CC_IRQHandler
                        0x008880   0x2b  Code  Gb  stm8l15x_it.o [2]
USART1_SendWord         0x008855   0x2b  Code  Gb  bsp_conf.o [2]
USART1_TX_TIM5_UPD_OVF_TRG_BRK_IRQHandler
                        0x008a97    0x1  Code  Gb  stm8l15x_it.o [2]
USART_ClearITPendingBit
                        0x008a60    0x5  Code  Gb  stm8l15x_usart.o [2]
USART_Cmd               0x00882a   0x2b  Code  Gb  stm8l15x_usart.o [2]
USART_DeInit            0x0088ab   0x27  Code  Gb  stm8l15x_usart.o [2]
USART_GetFlagStatus     0x0087f5   0x35  Code  Gb  stm8l15x_usart.o [2]
USART_GetITStatus       0x008339   0xa9  Code  Gb  stm8l15x_usart.o [2]
USART_ITConfig          0x008487   0x94  Code  Gb  stm8l15x_usart.o [2]
USART_Init              0x00819f   0xcf  Code  Gb  stm8l15x_usart.o [2]
USART_SendData8         0x008a50    0x6  Code  Gb  stm8l15x_usart.o [2]
__DebugBreak            0x008a99    0x1  Code  Gb  __dbg_break.o [3]
__exit                  0x0089f6   0x14  Code  Gb  __dbg_xxexit.o [3]
__iar_data_init2        0x0089e2   0x14  Code  Gb  init.o [4]
__iar_program_start     0x008a0a         Code  Gb  cstartup.o [4]
__iar_unhandled_exception
                        0x008a7b         Code  Gb  unhandled_exception.o [4]
__iar_zero_init2        0x00891d         Code  Gb  init_small.o [4]
__intvec                0x008000         Data  Gb  interrupt.o [4]
__low_level_init        0x008a75    0x3  Code  Gb  low_level_init.o [4]
_exit                   0x008a65         Code  Gb  cexit.o [4]
_interrupt_1            0x008a7e         Code  Gb  stm8l15x_it.o [2]
_interrupt_10           0x008a85         Code  Gb  stm8l15x_it.o [2]
_interrupt_11           0x008a86         Code  Gb  stm8l15x_it.o [2]
_interrupt_12           0x008a87         Code  Gb  stm8l15x_it.o [2]
_interrupt_13           0x008a88         Code  Gb  stm8l15x_it.o [2]
_interrupt_14           0x008990         Code  Gb  stm8l15x_it.o [2]
_interrupt_15           0x008a89         Code  Gb  stm8l15x_it.o [2]
_interrupt_16           0x008a8a         Code  Gb  stm8l15x_it.o [2]
_interrupt_17           0x008a8b         Code  Gb  stm8l15x_it.o [2]
_interrupt_18           0x008a8c         Code  Gb  stm8l15x_it.o [2]
_interrupt_19           0x008a8d         Code  Gb  stm8l15x_it.o [2]
_interrupt_20           0x008a8e         Code  Gb  stm8l15x_it.o [2]
_interrupt_21           0x008a8f         Code  Gb  stm8l15x_it.o [2]
_interrupt_22           0x008a90         Code  Gb  stm8l15x_it.o [2]
_interrupt_23           0x008a91         Code  Gb  stm8l15x_it.o [2]
_interrupt_24           0x008a92         Code  Gb  stm8l15x_it.o [2]
_interrupt_25           0x008a93         Code  Gb  stm8l15x_it.o [2]
_interrupt_26           0x008a94         Code  Gb  stm8l15x_it.o [2]
_interrupt_27           0x008a95         Code  Gb  stm8l15x_it.o [2]
_interrupt_28           0x008a96         Code  Gb  stm8l15x_it.o [2]
_interrupt_29           0x008a97         Code  Gb  stm8l15x_it.o [2]
_interrupt_3            0x008a7f         Code  Gb  stm8l15x_it.o [2]
_interrupt_30           0x008880         Code  Gb  stm8l15x_it.o [2]
_interrupt_31           0x008a98         Code  Gb  stm8l15x_it.o [2]
_interrupt_4            0x008a80         Code  Gb  stm8l15x_it.o [2]
_interrupt_5            0x008a81         Code  Gb  stm8l15x_it.o [2]
_interrupt_6            0x008a82         Code  Gb  stm8l15x_it.o [2]
_interrupt_7            0x008a83         Code  Gb  stm8l15x_it.o [2]
_interrupt_8            0x008974         Code  Gb  stm8l15x_it.o [2]
_interrupt_9            0x008a84         Code  Gb  stm8l15x_it.o [2]
bsp_clk_init            0x008735   0x4d  Code  Gb  bsp_conf.o [2]
bsp_gpio_init           0x0083e2   0xa5  Code  Gb  bsp_conf.o [2]
bsp_key_it              0x008958   0x1c  Code  Gb  bsp_conf.o [2]
bsp_uart_init           0x008782   0x3b  Code  Gb  bsp_conf.o [2]
delay_ms_1              0x0089c8   0x1a  Code  Gb  delay.o [2]
delay_us_1              0x00893b   0x1d  Code  Gb  delay.o [2]
exit                    0x008a78    0x3  Code  Gb  exit.o [4]
key_flag                0x000010    0x1  Data  Gb  bsp_conf.o [2]
main                    0x0088f4   0x21  Code  Gb  main.o [2]


[1] = command line
[2] = d:\myfile_yan\BLE-MESH\BLE_MESH_PROJECT\out\Debug
[3] = dbgstm8smd.a
[4] = dlstm8smf.a

  2 544 bytes of readonly  code memory
    170 bytes of readonly  data memory
    530 bytes of readwrite data memory

Errors: none
Warnings: none
