###############################################################################
#
# IAR ELF Linker V3.11.1.207 for STM8                     25/Nov/2020  08:52:48
# Copyright 2010-2019 IAR Systems AB.
#
#    Output file  =  .\out\Release\BLE_MESH_PROJECT.out
#    Map file     =  .\out\Release\BLE_MESH_PROJECT.map
#    Command line =  
#        -f
#        d:\myfile_yan\BLE-MESH\BLE_MESH_PROJECT\out\Release\BLE_MESH_PROJECT.lnp
#        (--silent --redirect _Scanf=_ScanfSmall --redirect _Printf=_PrintfTiny
#        --config lnkstm8l151k4.icf --config_def _CSTACK_SIZE=0x0200
#        --config_def _HEAP_SIZE=0x0000 --debug_lib --map
#        .\out\Release\BLE_MESH_PROJECT.map .\out\Release\stm8l15x_adc.o
#        .\out\Release\stm8l15x_aes.o .\out\Release\stm8l15x_beep.o
#        .\out\Release\stm8l15x_clk.o .\out\Release\stm8l15x_comp.o
#        .\out\Release\stm8l15x_dac.o .\out\Release\stm8l15x_dma.o
#        .\out\Release\stm8l15x_exti.o .\out\Release\stm8l15x_flash.o
#        .\out\Release\stm8l15x_gpio.o .\out\Release\stm8l15x_i2c.o
#        .\out\Release\stm8l15x_irtim.o .\out\Release\stm8l15x_itc.o
#        .\out\Release\stm8l15x_iwdg.o .\out\Release\stm8l15x_lcd.o
#        .\out\Release\stm8l15x_pwr.o .\out\Release\stm8l15x_rst.o
#        .\out\Release\stm8l15x_rtc.o .\out\Release\stm8l15x_spi.o
#        .\out\Release\stm8l15x_syscfg.o .\out\Release\stm8l15x_tim1.o
#        .\out\Release\stm8l15x_tim2.o .\out\Release\stm8l15x_tim3.o
#        .\out\Release\stm8l15x_tim4.o .\out\Release\stm8l15x_tim5.o
#        .\out\Release\stm8l15x_usart.o .\out\Release\stm8l15x_wfe.o
#        .\out\Release\stm8l15x_wwdg.o .\out\Release\delay.o
#        .\out\Release\bsp_conf.o .\out\Release\main.o
#        .\out\Release\stm8l15x_it.o .\out\Release\user_app.o -o
#        .\out\Release\BLE_MESH_PROJECT.out)
#
###############################################################################

*******************************************************************************
*** RUNTIME MODEL ATTRIBUTES
***

__SystemLibrary            = DLib
__code_model               = small
__core                     = stm8
__data_model               = medium
__dlib_file_descriptor     = 0
__dlib_full_locale_support = 0
__rt_version               = 4


*******************************************************************************
*** PLACEMENT SUMMARY
***

"A0":  place at start of [0x000000-0x0000ff] { rw section .vregs };
"A1":  place at end of [0x000000-0x0007ff] { block CSTACK };
"A2":  place at start of [0x008000-0x00bfff] { block INTVEC };
"P3":  place in [from 0x008000 to 0x00bfff] {
          ro section __DLIB_PERTHREAD_init, ro section .far.data_init,
          ro section .far_func.textrw_init, ro section .huge.data_init,
          ro section .huge_func.textrw_init, ro section .iar.init_table,
          ro section .init_array, ro section .near.data_init,
          ro section .near.rodata, ro section .near_func.text,
          ro section .near_func.textrw_init, ro section .tiny.data_init,
          ro section .tiny.rodata_init };
"P4":  place in [from 0x008000 to 0x00bfff] {
          ro section .far.rodata, ro section .far_func.text };
"P5":  place in [from 0x008000 to 0x00bfff] {
          ro section .huge.rodata, ro section .huge_func.text };
do not initialize {
   rw section .eeprom.noinit, rw section .far.noinit, rw section .huge.noinit,
   rw section .near.noinit, rw section .tiny.noinit, rw section .vregs };

No sections matched the following patterns:

  ro section .far.data_init          in "P3-P5"
  ro section .far.rodata             in "P3-P5"
  ro section .far_func.text          in "P3-P5"
  ro section .far_func.textrw_init   in "P3-P5"
  ro section .huge.data_init         in "P3-P5"
  ro section .huge.rodata            in "P3-P5"
  ro section .huge_func.text         in "P3-P5"
  ro section .huge_func.textrw_init  in "P3-P5"
  ro section .iar.init_table         in "P3-P5"
  ro section .init_array             in "P3-P5"
  ro section .near.data_init         in "P3-P5"
  ro section .near_func.textrw_init  in "P3-P5"
  ro section .tiny.data_init         in "P3-P5"
  ro section .tiny.rodata_init       in "P3-P5"
  ro section __DLIB_PERTHREAD_init   in "P3-P5"
  rw section .far.bss                in "P2"
  rw section .far.data               in "P2"
  rw section .far.noinit             in "P2"
  rw section .far_func.textrw        in "P2"
  rw section .huge.bss               in "P2"
  rw section .huge.data              in "P2"
  rw section .huge.noinit            in "P2"
  rw section .huge_func.textrw       in "P2"
  rw section .iar.dynexit            in "P2"
  rw section .near.bss               in "P2"
  rw section .near.data              in "P2"
  rw section .near.noinit            in "P2"
  rw section .near_func.textrw       in "P2"
  rw section .tiny.bss               in "P1"
  rw section .tiny.data              in "P1"
  rw section .tiny.noinit            in "P1"
  rw section .tiny.rodata            in "P1"
  rw section __DLIB_PERTHREAD        in "P2"
  section .eeprom.data               in "P6-P8"
  section .eeprom.noinit             in "P6-P8"
  section .eeprom.rodata             in "P6-P8"


  Section          Kind      Address   Size  Object
  -------          ----      -------   ----  ------
"A0":                                  0x10
  .vregs           uninit   0x000000   0x10  vregs.o [4]
                          - 0x000010   0x10

"A1":                                 0x200
  CSTACK                    0x000600  0x200  <Block>
    CSTACK         uninit   0x000600  0x200  <Block tail>
                          - 0x000800  0x200

"A2":                                  0x80
  INTVEC                    0x008000   0x80  <Block>
    .intvec        const    0x008000   0x80  interrupt.o [4]
                          - 0x008080   0x80

"P3-P5":                              0x9c1
  .near_func.text  ro code  0x008080  0x11f  stm8l15x_exti.o [2]
  .near_func.text  ro code  0x00819f   0xcf  stm8l15x_usart.o [2]
  .near_func.text  ro code  0x00826e   0xb8  vreg_util.o [4]
  .near_func.text  ro code  0x008326   0xac  bsp_conf.o [2]
  .near_func.text  ro code  0x0083d2   0xa9  stm8l15x_usart.o [2]
  .near_func.text  ro code  0x00847b   0x94  stm8l15x_usart.o [2]
  .near_func.text  ro code  0x00850f   0x91  stm8l15x_clk.o [2]
  .near_func.text  ro code  0x0085a0   0x8e  stm8l15x_clk.o [2]
  .near_func.text  ro code  0x00862e   0x8e  stm8l15x_gpio.o [2]
  .near_func.text  ro code  0x0086bc   0x6d  long.o [4]
  .near_func.text  ro code  0x008729   0x55  stm8l15x_exti.o [2]
  .near_func.text  ro code  0x00877e   0x4d  bsp_conf.o [2]
  .near_func.text  ro code  0x0087cb   0x3b  bsp_conf.o [2]
  .near_func.text  ro code  0x008806   0x37  stm8l15x_it.o [2]
  .near_func.text  ro code  0x00883d   0x2b  stm8l15x_usart.o [2]
  .near_func.text  ro code  0x008868   0x2a  main.o [2]
  .near_func.text  ro code  0x008892   0x27  stm8l15x_usart.o [2]
  .near_func.text  ro code  0x0088b9   0x22  stm8l15x_exti.o [2]
  .near_func.text  ro code  0x0088db   0x21  user_app.o [2]
  .near_func.text  ro code  0x0088fc   0x1d  delay.o [2]
  .near_func.text  ro code  0x008919   0x1c  bsp_conf.o [2]
  .near_func.text  ro code  0x008935   0x1c  stm8l15x_it.o [2]
  .near_func.text  ro code  0x008951   0x1c  stm8l15x_it.o [2]
  .near_func.text  ro code  0x00896d   0x1c  long_util.o [4]
  .near_func.text  ro code  0x008989   0x1a  delay.o [2]
  .near_func.text  ro code  0x0089a3   0x14  init.o [4]
  .near_func.text  ro code  0x0089b7   0x14  __dbg_xxexit.o [3]
  .near_func.text  ro code  0x0089cb   0x13  cstartup.o [4]
  .near_func.text  ro code  0x0089de    0xe  stm8l15x_clk.o [2]
  .near_func.text  ro code  0x0089ec    0xd  short.o [4]
  .near_func.text  ro code  0x0089f9    0x6  stm8l15x_usart.o [2]
  .near.rodata     const    0x0089ff    0x5  stm8l15x_clk.o [2]
  .near_func.text  ro code  0x008a04    0x5  stm8l15x_usart.o [2]
  .near_func.text  ro code  0x008a09    0x5  cexit.o [4]
  .near_func.text  ro code  0x008a0e    0x4  stm8l15x_clk.o [2]
  .near_func.text  ro code  0x008a12    0x4  stm8l15x_clk.o [2]
  .near_func.text  ro code  0x008a16    0x3  stm8l15x_usart.o [2]
  .near_func.text  ro code  0x008a19    0x3  interrupt.o [4]
  .near_func.text  ro code  0x008a1c    0x3  low_level_init.o [4]
  .near_func.text  ro code  0x008a1f    0x3  exit.o [4]
  .near_func.text  ro code  0x008a22    0x3  unhandled_exception.o [4]
  .near_func.text  ro code  0x008a25    0x1  stm8l15x_it.o [2]
  .near_func.text  ro code  0x008a26    0x1  stm8l15x_it.o [2]
  .near_func.text  ro code  0x008a27    0x1  stm8l15x_it.o [2]
  .near_func.text  ro code  0x008a28    0x1  stm8l15x_it.o [2]
  .near_func.text  ro code  0x008a29    0x1  stm8l15x_it.o [2]
  .near_func.text  ro code  0x008a2a    0x1  stm8l15x_it.o [2]
  .near_func.text  ro code  0x008a2b    0x1  stm8l15x_it.o [2]
  .near_func.text  ro code  0x008a2c    0x1  stm8l15x_it.o [2]
  .near_func.text  ro code  0x008a2d    0x1  stm8l15x_it.o [2]
  .near_func.text  ro code  0x008a2e    0x1  stm8l15x_it.o [2]
  .near_func.text  ro code  0x008a2f    0x1  stm8l15x_it.o [2]
  .near_func.text  ro code  0x008a30    0x1  stm8l15x_it.o [2]
  .near_func.text  ro code  0x008a31    0x1  stm8l15x_it.o [2]
  .near_func.text  ro code  0x008a32    0x1  stm8l15x_it.o [2]
  .near_func.text  ro code  0x008a33    0x1  stm8l15x_it.o [2]
  .near_func.text  ro code  0x008a34    0x1  stm8l15x_it.o [2]
  .near_func.text  ro code  0x008a35    0x1  stm8l15x_it.o [2]
  .near_func.text  ro code  0x008a36    0x1  stm8l15x_it.o [2]
  .near_func.text  ro code  0x008a37    0x1  stm8l15x_it.o [2]
  .near_func.text  ro code  0x008a38    0x1  stm8l15x_it.o [2]
  .near_func.text  ro code  0x008a39    0x1  stm8l15x_it.o [2]
  .near_func.text  ro code  0x008a3a    0x1  stm8l15x_it.o [2]
  .near_func.text  ro code  0x008a3b    0x1  stm8l15x_it.o [2]
  .near_func.text  ro code  0x008a3c    0x1  stm8l15x_it.o [2]
  .near_func.text  ro code  0x008a3d    0x1  stm8l15x_it.o [2]
  .near_func.text  ro code  0x008a3e    0x1  stm8l15x_it.o [2]
  .near_func.text  ro code  0x008a3f    0x1  stm8l15x_it.o [2]
  .near_func.text  ro code  0x008a40    0x1  __dbg_break.o [3]
                          - 0x008a41  0x9c1



*******************************************************************************
*** MODULE SUMMARY
***

    Module                 ro code  ro data  rw data
    ------                 -------  -------  -------
command line: [1]
    ------------------------------------------------
    Total:

d:\myfile_yan\BLE-MESH\BLE_MESH_PROJECT\out\Release: [2]
    bsp_conf.o                 336
    delay.o                     55
    main.o                      42
    stm8l15x_clk.o             309        5
    stm8l15x_exti.o            406
    stm8l15x_gpio.o            142
    stm8l15x_it.o              138
    stm8l15x_usart.o           620
    user_app.o                  33
    ------------------------------------------------
    Total:                   2 081        5

dbgstm8smd.a: [3]
    __dbg_break.o                1
    __dbg_xxexit.o              20
    ------------------------------------------------
    Total:                      21

dlstm8smn.a: [4]
    cexit.o                      5
    cstartup.o                  19
    exit.o                       3
    init.o                      20
    interrupt.o                  3      128
    long.o                     109
    long_util.o                 28
    low_level_init.o             3
    short.o                     13
    unhandled_exception.o        3
    vreg_util.o                184
    vregs.o                                       16
    ------------------------------------------------
    Total:                     390      128       16

    Linker created                               512
----------------------------------------------------
    Grand Total:             2 492      133      528


*******************************************************************************
*** ENTRY LIST
***

Entry                      Address   Size  Type      Object
-----                      -------   ----  ----      ------
?b0                       0x000000         Data  Gb  vregs.o [4]
?b1                       0x000001         Data  Gb  vregs.o [4]
?b10                      0x00000a         Data  Gb  vregs.o [4]
?b11                      0x00000b         Data  Gb  vregs.o [4]
?b12                      0x00000c         Data  Gb  vregs.o [4]
?b13                      0x00000d         Data  Gb  vregs.o [4]
?b14                      0x00000e         Data  Gb  vregs.o [4]
?b15                      0x00000f         Data  Gb  vregs.o [4]
?b2                       0x000002         Data  Gb  vregs.o [4]
?b3                       0x000003         Data  Gb  vregs.o [4]
?b4                       0x000004         Data  Gb  vregs.o [4]
?b5                       0x000005         Data  Gb  vregs.o [4]
?b6                       0x000006         Data  Gb  vregs.o [4]
?b7                       0x000007         Data  Gb  vregs.o [4]
?b8                       0x000008         Data  Gb  vregs.o [4]
?b9                       0x000009         Data  Gb  vregs.o [4]
?e0                       0x000001         Data  Gb  vregs.o [4]
?e1                       0x000005         Data  Gb  vregs.o [4]
?e2                       0x000009         Data  Gb  vregs.o [4]
?e3                       0x00000d         Data  Gb  vregs.o [4]
?epilogue_l2              0x0082ee         Code  Gb  vreg_util.o [4]
?epilogue_l2_l3           0x0082eb         Code  Gb  vreg_util.o [4]
?l0                       0x000000         Data  Gb  vregs.o [4]
?l1                       0x000004         Data  Gb  vregs.o [4]
?l2                       0x000008         Data  Gb  vregs.o [4]
?l3                       0x00000c         Data  Gb  vregs.o [4]
?load32_l1_0x             0x00897d         Code  Gb  long_util.o [4]
?load32_l1_asp            0x008972         Code  Gb  long_util.o [4]
?load32_l1_dbsp           0x00896d         Code  Gb  long_util.o [4]
?load32_l1_xsp            0x008974         Code  Gb  long_util.o [4]
?mov_e0_e2                0x0082f5         Code  Gb  vreg_util.o [4]
?mov_e0_e3                0x008302         Code  Gb  vreg_util.o [4]
?mov_e2_e0                0x00830f         Code  Gb  vreg_util.o [4]
?mov_e3_e0                0x00831c         Code  Gb  vreg_util.o [4]
?mov_l0_l2                0x0082f2         Code  Gb  vreg_util.o [4]
?mov_l0_l3                0x0082ff         Code  Gb  vreg_util.o [4]
?mov_l2_l0                0x00830c         Code  Gb  vreg_util.o [4]
?mov_l3_l0                0x008319         Code  Gb  vreg_util.o [4]
?mov_w1_w5                0x0082f8         Code  Gb  vreg_util.o [4]
?mov_w1_w7                0x008305         Code  Gb  vreg_util.o [4]
?mov_w5_w1                0x008312         Code  Gb  vreg_util.o [4]
?mov_w7_w1                0x00831f         Code  Gb  vreg_util.o [4]
?pop_l0                   0x0082b7         Code  Gb  vreg_util.o [4]
?pop_l1                   0x0082c2         Code  Gb  vreg_util.o [4]
?pop_l2                   0x0082cd         Code  Gb  vreg_util.o [4]
?pop_l3                   0x0082d8         Code  Gb  vreg_util.o [4]
?push_l0                  0x008286         Code  Gb  vreg_util.o [4]
?push_l1                  0x00828b         Code  Gb  vreg_util.o [4]
?push_l2                  0x008290         Code  Gb  vreg_util.o [4]
?push_l3                  0x008295         Code  Gb  vreg_util.o [4]
?push_w4                  0x00826e         Code  Gb  vreg_util.o [4]
?sll16_x_x_a              0x0089ec         Code  Gb  short.o [4]
?srl16_x_x_4              0x0089f4         Code  Gb  short.o [4]
?udiv32_l0_l0_l1          0x0086bc         Code  Gb  long.o [4]
?umod32_l1_l0_l1          0x0086bc         Code  Gb  long.o [4]
?w0                       0x000000         Data  Gb  vregs.o [4]
?w1                       0x000002         Data  Gb  vregs.o [4]
?w2                       0x000004         Data  Gb  vregs.o [4]
?w3                       0x000006         Data  Gb  vregs.o [4]
?w4                       0x000008         Data  Gb  vregs.o [4]
?w5                       0x00000a         Data  Gb  vregs.o [4]
?w6                       0x00000c         Data  Gb  vregs.o [4]
?w7                       0x00000e         Data  Gb  vregs.o [4]
ADC1_COMP_IRQHandler      0x008a35    0x1  Code  Gb  stm8l15x_it.o [2]
CLK_GetClockFreq          0x00850f   0x91  Code  Gb  stm8l15x_clk.o [2]
CLK_HSICmd                0x0089de    0xe  Code  Gb  stm8l15x_clk.o [2]
CLK_PeripheralClockConfig
                          0x0085a0   0x8e  Code  Gb  stm8l15x_clk.o [2]
CLK_SYSCLKDivConfig       0x008a12    0x4  Code  Gb  stm8l15x_clk.o [2]
CLK_SYSCLKSourceConfig    0x008a0e    0x4  Code  Gb  stm8l15x_clk.o [2]
CSTACK$$Base              0x000600          --   Gb  - Linker created -
CSTACK$$Limit             0x000800          --   Gb  - Linker created -
DMA1_CHANNEL0_1_IRQHandler
                          0x008a27    0x1  Code  Gb  stm8l15x_it.o [2]
DMA1_CHANNEL2_3_IRQHandler
                          0x008a28    0x1  Code  Gb  stm8l15x_it.o [2]
EXTI0_IRQHandler          0x008a2c    0x1  Code  Gb  stm8l15x_it.o [2]
EXTI1_IRQHandler          0x008a2d    0x1  Code  Gb  stm8l15x_it.o [2]
EXTI2_IRQHandler          0x008a2e    0x1  Code  Gb  stm8l15x_it.o [2]
EXTI3_IRQHandler          0x008a2f    0x1  Code  Gb  stm8l15x_it.o [2]
EXTI4_IRQHandler          0x008951   0x1c  Code  Gb  stm8l15x_it.o [2]
EXTI5_IRQHandler          0x008a30    0x1  Code  Gb  stm8l15x_it.o [2]
EXTI6_IRQHandler          0x008a31    0x1  Code  Gb  stm8l15x_it.o [2]
EXTI7_IRQHandler          0x008a32    0x1  Code  Gb  stm8l15x_it.o [2]
EXTIB_G_IRQHandler        0x008935   0x1c  Code  Gb  stm8l15x_it.o [2]
EXTID_H_IRQHandler        0x008a2b    0x1  Code  Gb  stm8l15x_it.o [2]
EXTIE_F_PVD_IRQHandler    0x008a2a    0x1  Code  Gb  stm8l15x_it.o [2]
EXTI_ClearITPendingBit    0x0088b9   0x22  Code  Gb  stm8l15x_exti.o [2]
EXTI_SetPinSensitivity    0x008080  0x11f  Code  Gb  stm8l15x_exti.o [2]
EXTI_SetPortSensitivity
                          0x008729   0x55  Code  Gb  stm8l15x_exti.o [2]
FLASH_IRQHandler          0x008a26    0x1  Code  Gb  stm8l15x_it.o [2]
GPIO_Init                 0x00862e   0x8e  Code  Gb  stm8l15x_gpio.o [2]
I2C1_SPI2_IRQHandler      0x008a3f    0x1  Code  Gb  stm8l15x_it.o [2]
INTVEC$$Base              0x008000          --   Gb  - Linker created -
INTVEC$$Limit             0x008080          --   Gb  - Linker created -
LCD_AES_IRQHandler        0x008a33    0x1  Code  Gb  stm8l15x_it.o [2]
RTC_CSSLSE_IRQHandler     0x008a29    0x1  Code  Gb  stm8l15x_it.o [2]
Region$$Table$$Base     0x00000000          --   Gb  - Linker created -
Region$$Table$$Limit    0x00000000          --   Gb  - Linker created -
SPI1_IRQHandler           0x008a3d    0x1  Code  Gb  stm8l15x_it.o [2]
SWITCH_CSS_BREAK_DAC_IRQHandler
                          0x008a34    0x1  Code  Gb  stm8l15x_it.o [2]
SYSDivFactor              0x0089ff    0x5  Data  Gb  stm8l15x_clk.o [2]
TIM1_CC_IRQHandler        0x008a3b    0x1  Code  Gb  stm8l15x_it.o [2]
TIM1_UPD_OVF_TRG_COM_IRQHandler
                          0x008a3a    0x1  Code  Gb  stm8l15x_it.o [2]
TIM2_CC_USART2_RX_IRQHandler
                          0x008a37    0x1  Code  Gb  stm8l15x_it.o [2]
TIM2_UPD_OVF_TRG_BRK_USART2_TX_IRQHandler
                          0x008a36    0x1  Code  Gb  stm8l15x_it.o [2]
TIM3_CC_USART3_RX_IRQHandler
                          0x008a39    0x1  Code  Gb  stm8l15x_it.o [2]
TIM3_UPD_OVF_TRG_BRK_USART3_TX_IRQHandler
                          0x008a38    0x1  Code  Gb  stm8l15x_it.o [2]
TIM4_UPD_OVF_TRG_IRQHandler
                          0x008a3c    0x1  Code  Gb  stm8l15x_it.o [2]
TRAP_IRQHandler           0x008a25    0x1  Code  Gb  stm8l15x_it.o [2]
USART1_RX_TIM5_CC_IRQHandler
                          0x008806   0x37  Code  Gb  stm8l15x_it.o [2]
USART1_TX_TIM5_UPD_OVF_TRG_BRK_IRQHandler
                          0x008a3e    0x1  Code  Gb  stm8l15x_it.o [2]
USART_ClearITPendingBit
                          0x008a04    0x5  Code  Gb  stm8l15x_usart.o [2]
USART_Cmd                 0x00883d   0x2b  Code  Gb  stm8l15x_usart.o [2]
USART_DeInit              0x008892   0x27  Code  Gb  stm8l15x_usart.o [2]
USART_GetITStatus         0x0083d2   0xa9  Code  Gb  stm8l15x_usart.o [2]
USART_ITConfig            0x00847b   0x94  Code  Gb  stm8l15x_usart.o [2]
USART_Init                0x00819f   0xcf  Code  Gb  stm8l15x_usart.o [2]
USART_ReceiveData8        0x008a16    0x3  Code  Gb  stm8l15x_usart.o [2]
USART_SendData8           0x0089f9    0x6  Code  Gb  stm8l15x_usart.o [2]
__DebugBreak              0x008a40    0x1  Code  Gb  __dbg_break.o [3]
__exit                    0x0089b7   0x14  Code  Gb  __dbg_xxexit.o [3]
__iar_data_init2          0x0089a3   0x14  Code  Gb  init.o [4]
__iar_program_start       0x0089cb         Code  Gb  cstartup.o [4]
__iar_unhandled_exception
                          0x008a22         Code  Gb  unhandled_exception.o [4]
__intvec                  0x008000         Data  Gb  interrupt.o [4]
__low_level_init          0x008a1c    0x3  Code  Gb  low_level_init.o [4]
_exit                     0x008a09         Code  Gb  cexit.o [4]
_interrupt_1              0x008a25         Code  Gb  stm8l15x_it.o [2]
_interrupt_10             0x008a2c         Code  Gb  stm8l15x_it.o [2]
_interrupt_11             0x008a2d         Code  Gb  stm8l15x_it.o [2]
_interrupt_12             0x008a2e         Code  Gb  stm8l15x_it.o [2]
_interrupt_13             0x008a2f         Code  Gb  stm8l15x_it.o [2]
_interrupt_14             0x008951         Code  Gb  stm8l15x_it.o [2]
_interrupt_15             0x008a30         Code  Gb  stm8l15x_it.o [2]
_interrupt_16             0x008a31         Code  Gb  stm8l15x_it.o [2]
_interrupt_17             0x008a32         Code  Gb  stm8l15x_it.o [2]
_interrupt_18             0x008a33         Code  Gb  stm8l15x_it.o [2]
_interrupt_19             0x008a34         Code  Gb  stm8l15x_it.o [2]
_interrupt_20             0x008a35         Code  Gb  stm8l15x_it.o [2]
_interrupt_21             0x008a36         Code  Gb  stm8l15x_it.o [2]
_interrupt_22             0x008a37         Code  Gb  stm8l15x_it.o [2]
_interrupt_23             0x008a38         Code  Gb  stm8l15x_it.o [2]
_interrupt_24             0x008a39         Code  Gb  stm8l15x_it.o [2]
_interrupt_25             0x008a3a         Code  Gb  stm8l15x_it.o [2]
_interrupt_26             0x008a3b         Code  Gb  stm8l15x_it.o [2]
_interrupt_27             0x008a3c         Code  Gb  stm8l15x_it.o [2]
_interrupt_28             0x008a3d         Code  Gb  stm8l15x_it.o [2]
_interrupt_29             0x008a3e         Code  Gb  stm8l15x_it.o [2]
_interrupt_3              0x008a26         Code  Gb  stm8l15x_it.o [2]
_interrupt_30             0x008806         Code  Gb  stm8l15x_it.o [2]
_interrupt_31             0x008a3f         Code  Gb  stm8l15x_it.o [2]
_interrupt_4              0x008a27         Code  Gb  stm8l15x_it.o [2]
_interrupt_5              0x008a28         Code  Gb  stm8l15x_it.o [2]
_interrupt_6              0x008a29         Code  Gb  stm8l15x_it.o [2]
_interrupt_7              0x008a2a         Code  Gb  stm8l15x_it.o [2]
_interrupt_8              0x008935         Code  Gb  stm8l15x_it.o [2]
_interrupt_9              0x008a2b         Code  Gb  stm8l15x_it.o [2]
bsp_clk_init              0x00877e   0x4d  Code  Gb  bsp_conf.o [2]
bsp_gpio_init             0x008326   0xac  Code  Gb  bsp_conf.o [2]
bsp_key_it                0x008919   0x1c  Code  Gb  bsp_conf.o [2]
bsp_uart_init             0x0087cb   0x3b  Code  Gb  bsp_conf.o [2]
delay_ms_1                0x008989   0x1a  Code  Gb  delay.o [2]
delay_us_1                0x0088fc   0x1d  Code  Gb  delay.o [2]
exit                      0x008a1f    0x3  Code  Gb  exit.o [4]
link_sta_detec            0x0088db   0x21  Code  Gb  user_app.o [2]
main                      0x008868   0x2a  Code  Gb  main.o [2]


[1] = command line
[2] = d:\myfile_yan\BLE-MESH\BLE_MESH_PROJECT\out\Release
[3] = dbgstm8smd.a
[4] = dlstm8smn.a

  2 492 bytes of readonly  code memory
    133 bytes of readonly  data memory
    528 bytes of readwrite data memory

Errors: none
Warnings: none
