###############################################################################
#
# IAR ELF Linker V3.11.1.207 for STM8                     23/Nov/2020  14:55:59
# Copyright 2010-2019 IAR Systems AB.
#
#    Output file  =  .\out\Release\BLE_MESH_PROJECT.out
#    Map file     =  .\out\Release\BLE_MESH_PROJECT.map
#    Command line =  
#        -f
#        d:\myfile_yan\BLE-MESH\BLE_MESH_PROJECT\out\Release\BLE_MESH_PROJECT.lnp
#        (--silent --redirect _Scanf=_ScanfSmall --redirect _Printf=_PrintfTiny
#        --config lnkstm8l151k4.icf --config_def _CSTACK_SIZE=0x0200
#        --config_def _HEAP_SIZE=0x0000 --debug_lib --map
#        .\out\Release\BLE_MESH_PROJECT.map .\out\Release\bsp_conf.o
#        .\out\Release\main.o .\out\Release\stm8l15x_it.o
#        .\out\Release\user_app.o .\out\Release\stm8l15x_adc.o
#        .\out\Release\stm8l15x_aes.o .\out\Release\stm8l15x_beep.o
#        .\out\Release\stm8l15x_clk.o .\out\Release\stm8l15x_comp.o
#        .\out\Release\stm8l15x_dac.o .\out\Release\stm8l15x_dma.o
#        .\out\Release\stm8l15x_exti.o .\out\Release\stm8l15x_flash.o
#        .\out\Release\stm8l15x_gpio.o .\out\Release\stm8l15x_i2c.o
#        .\out\Release\stm8l15x_irtim.o .\out\Release\stm8l15x_itc.o
#        .\out\Release\stm8l15x_iwdg.o .\out\Release\stm8l15x_lcd.o
#        .\out\Release\stm8l15x_pwr.o .\out\Release\stm8l15x_rst.o
#        .\out\Release\stm8l15x_rtc.o .\out\Release\stm8l15x_spi.o
#        .\out\Release\stm8l15x_syscfg.o .\out\Release\stm8l15x_tim1.o
#        .\out\Release\stm8l15x_tim2.o .\out\Release\stm8l15x_tim3.o
#        .\out\Release\stm8l15x_tim4.o .\out\Release\stm8l15x_tim5.o
#        .\out\Release\stm8l15x_usart.o .\out\Release\stm8l15x_wfe.o
#        .\out\Release\stm8l15x_wwdg.o .\out\Release\delay.o -o
#        .\out\Release\BLE_MESH_PROJECT.out)
#
###############################################################################

*******************************************************************************
*** RUNTIME MODEL ATTRIBUTES
***

__SystemLibrary            = DLib
__code_model               = small
__core                     = stm8
__data_model               = medium
__dlib_file_descriptor     = 0
__dlib_full_locale_support = 0
__rt_version               = 4


*******************************************************************************
*** PLACEMENT SUMMARY
***

"A0":  place at start of [0x000000-0x0000ff] { rw section .vregs };
"A1":  place at end of [0x000000-0x0007ff] { block CSTACK };
"A2":  place at start of [0x008000-0x00bfff] { block INTVEC };
"P3":  place in [from 0x008000 to 0x00bfff] {
          ro section __DLIB_PERTHREAD_init, ro section .far.data_init,
          ro section .far_func.textrw_init, ro section .huge.data_init,
          ro section .huge_func.textrw_init, ro section .iar.init_table,
          ro section .init_array, ro section .near.data_init,
          ro section .near.rodata, ro section .near_func.text,
          ro section .near_func.textrw_init, ro section .tiny.data_init,
          ro section .tiny.rodata_init };
"P4":  place in [from 0x008000 to 0x00bfff] {
          ro section .far.rodata, ro section .far_func.text };
"P5":  place in [from 0x008000 to 0x00bfff] {
          ro section .huge.rodata, ro section .huge_func.text };
do not initialize {
   rw section .eeprom.noinit, rw section .far.noinit, rw section .huge.noinit,
   rw section .near.noinit, rw section .tiny.noinit, rw section .vregs };

No sections matched the following patterns:

  ro section .far.data_init          in "P3-P5"
  ro section .far.rodata             in "P3-P5"
  ro section .far_func.text          in "P3-P5"
  ro section .far_func.textrw_init   in "P3-P5"
  ro section .huge.data_init         in "P3-P5"
  ro section .huge.rodata            in "P3-P5"
  ro section .huge_func.text         in "P3-P5"
  ro section .huge_func.textrw_init  in "P3-P5"
  ro section .iar.init_table         in "P3-P5"
  ro section .init_array             in "P3-P5"
  ro section .near.data_init         in "P3-P5"
  ro section .near.rodata            in "P3-P5"
  ro section .near_func.textrw_init  in "P3-P5"
  ro section .tiny.data_init         in "P3-P5"
  ro section .tiny.rodata_init       in "P3-P5"
  ro section __DLIB_PERTHREAD_init   in "P3-P5"
  rw section .far.bss                in "P2"
  rw section .far.data               in "P2"
  rw section .far.noinit             in "P2"
  rw section .far_func.textrw        in "P2"
  rw section .huge.bss               in "P2"
  rw section .huge.data              in "P2"
  rw section .huge.noinit            in "P2"
  rw section .huge_func.textrw       in "P2"
  rw section .iar.dynexit            in "P2"
  rw section .near.bss               in "P2"
  rw section .near.data              in "P2"
  rw section .near.noinit            in "P2"
  rw section .near_func.textrw       in "P2"
  rw section .tiny.bss               in "P1"
  rw section .tiny.data              in "P1"
  rw section .tiny.noinit            in "P1"
  rw section .tiny.rodata            in "P1"
  rw section __DLIB_PERTHREAD        in "P2"
  section .eeprom.data               in "P6-P8"
  section .eeprom.noinit             in "P6-P8"
  section .eeprom.rodata             in "P6-P8"


  Section          Kind      Address   Size  Object
  -------          ----      -------   ----  ------
"A0":                                   0xc
  .vregs           uninit   0x000000    0xc  vregs.o [4]
                          - 0x00000c    0xc

"A1":                                 0x200
  CSTACK                    0x000600  0x200  <Block>
    CSTACK         uninit   0x000600  0x200  <Block tail>
                          - 0x000800  0x200

"A2":                                  0x80
  INTVEC                    0x008000   0x80  <Block>
    .intvec        const    0x008000   0x80  interrupt.o [4]
                          - 0x008080   0x80

"P3-P5":                              0x511
  .near_func.text  ro code  0x008080  0x11f  stm8l15x_exti.o [2]
  .near_func.text  ro code  0x00819f   0xac  bsp_conf.o [2]
  .near_func.text  ro code  0x00824b   0x8e  stm8l15x_clk.o [2]
  .near_func.text  ro code  0x0082d9   0x8e  stm8l15x_gpio.o [2]
  .near_func.text  ro code  0x008367   0x5d  vreg_util.o [4]
  .near_func.text  ro code  0x0083c4   0x55  stm8l15x_exti.o [2]
  .near_func.text  ro code  0x008419   0x4d  bsp_conf.o [2]
  .near_func.text  ro code  0x008466   0x22  stm8l15x_exti.o [2]
  .near_func.text  ro code  0x008488   0x1d  delay.o [2]
  .near_func.text  ro code  0x0084a5   0x1c  stm8l15x_it.o [2]
  .near_func.text  ro code  0x0084c1   0x1a  delay.o [2]
  .near_func.text  ro code  0x0084db   0x19  user_app.o [2]
  .near_func.text  ro code  0x0084f4   0x15  main.o [2]
  .near_func.text  ro code  0x008509   0x14  init.o [4]
  .near_func.text  ro code  0x00851d   0x14  __dbg_xxexit.o [3]
  .near_func.text  ro code  0x008531   0x13  cstartup.o [4]
  .near_func.text  ro code  0x008544    0xe  stm8l15x_clk.o [2]
  .near_func.text  ro code  0x008552    0x8  short.o [4]
  .near_func.text  ro code  0x00855a    0x5  cexit.o [4]
  .near_func.text  ro code  0x00855f    0x4  stm8l15x_clk.o [2]
  .near_func.text  ro code  0x008563    0x4  stm8l15x_clk.o [2]
  .near_func.text  ro code  0x008567    0x3  interrupt.o [4]
  .near_func.text  ro code  0x00856a    0x3  low_level_init.o [4]
  .near_func.text  ro code  0x00856d    0x3  exit.o [4]
  .near_func.text  ro code  0x008570    0x3  unhandled_exception.o [4]
  .near_func.text  ro code  0x008573    0x1  stm8l15x_it.o [2]
  .near_func.text  ro code  0x008574    0x1  stm8l15x_it.o [2]
  .near_func.text  ro code  0x008575    0x1  stm8l15x_it.o [2]
  .near_func.text  ro code  0x008576    0x1  stm8l15x_it.o [2]
  .near_func.text  ro code  0x008577    0x1  stm8l15x_it.o [2]
  .near_func.text  ro code  0x008578    0x1  stm8l15x_it.o [2]
  .near_func.text  ro code  0x008579    0x1  stm8l15x_it.o [2]
  .near_func.text  ro code  0x00857a    0x1  stm8l15x_it.o [2]
  .near_func.text  ro code  0x00857b    0x1  stm8l15x_it.o [2]
  .near_func.text  ro code  0x00857c    0x1  stm8l15x_it.o [2]
  .near_func.text  ro code  0x00857d    0x1  stm8l15x_it.o [2]
  .near_func.text  ro code  0x00857e    0x1  stm8l15x_it.o [2]
  .near_func.text  ro code  0x00857f    0x1  stm8l15x_it.o [2]
  .near_func.text  ro code  0x008580    0x1  stm8l15x_it.o [2]
  .near_func.text  ro code  0x008581    0x1  stm8l15x_it.o [2]
  .near_func.text  ro code  0x008582    0x1  stm8l15x_it.o [2]
  .near_func.text  ro code  0x008583    0x1  stm8l15x_it.o [2]
  .near_func.text  ro code  0x008584    0x1  stm8l15x_it.o [2]
  .near_func.text  ro code  0x008585    0x1  stm8l15x_it.o [2]
  .near_func.text  ro code  0x008586    0x1  stm8l15x_it.o [2]
  .near_func.text  ro code  0x008587    0x1  stm8l15x_it.o [2]
  .near_func.text  ro code  0x008588    0x1  stm8l15x_it.o [2]
  .near_func.text  ro code  0x008589    0x1  stm8l15x_it.o [2]
  .near_func.text  ro code  0x00858a    0x1  stm8l15x_it.o [2]
  .near_func.text  ro code  0x00858b    0x1  stm8l15x_it.o [2]
  .near_func.text  ro code  0x00858c    0x1  stm8l15x_it.o [2]
  .near_func.text  ro code  0x00858d    0x1  stm8l15x_it.o [2]
  .near_func.text  ro code  0x00858e    0x1  stm8l15x_it.o [2]
  .near_func.text  ro code  0x00858f    0x1  stm8l15x_it.o [2]
  .near_func.text  ro code  0x008590    0x1  __dbg_break.o [3]
                          - 0x008591  0x511



*******************************************************************************
*** MODULE SUMMARY
***

    Module                 ro code  ro data  rw data
    ------                 -------  -------  -------
command line: [1]
    ------------------------------------------------
    Total:

d:\myfile_yan\BLE-MESH\BLE_MESH_PROJECT\out\Release: [2]
    bsp_conf.o                 249
    delay.o                     55
    main.o                      21
    stm8l15x_clk.o             164
    stm8l15x_exti.o            406
    stm8l15x_gpio.o            142
    stm8l15x_it.o               57
    user_app.o                  25
    ------------------------------------------------
    Total:                   1 119

dbgstm8smd.a: [3]
    __dbg_break.o                1
    __dbg_xxexit.o              20
    ------------------------------------------------
    Total:                      21

dlstm8smn.a: [4]
    cexit.o                      5
    cstartup.o                  19
    exit.o                       3
    init.o                      20
    interrupt.o                  3      128
    low_level_init.o             3
    short.o                      8
    unhandled_exception.o        3
    vreg_util.o                 93
    vregs.o                                       12
    ------------------------------------------------
    Total:                     157      128       12

    Linker created                               512
----------------------------------------------------
    Grand Total:             1 297      128      524


*******************************************************************************
*** ENTRY LIST
***

Entry                      Address   Size  Type      Object
-----                      -------   ----  ----      ------
?b0                       0x000000         Data  Gb  vregs.o [4]
?b1                       0x000001         Data  Gb  vregs.o [4]
?b10                      0x00000a         Data  Gb  vregs.o [4]
?b11                      0x00000b         Data  Gb  vregs.o [4]
?b2                       0x000002         Data  Gb  vregs.o [4]
?b3                       0x000003         Data  Gb  vregs.o [4]
?b4                       0x000004         Data  Gb  vregs.o [4]
?b5                       0x000005         Data  Gb  vregs.o [4]
?b6                       0x000006         Data  Gb  vregs.o [4]
?b7                       0x000007         Data  Gb  vregs.o [4]
?b8                       0x000008         Data  Gb  vregs.o [4]
?b9                       0x000009         Data  Gb  vregs.o [4]
?e0                       0x000001         Data  Gb  vregs.o [4]
?e1                       0x000005         Data  Gb  vregs.o [4]
?e2                       0x000009         Data  Gb  vregs.o [4]
?l0                       0x000000         Data  Gb  vregs.o [4]
?l1                       0x000004         Data  Gb  vregs.o [4]
?l2                       0x000008         Data  Gb  vregs.o [4]
?pop_l0                   0x0083a6         Code  Gb  vreg_util.o [4]
?pop_l1                   0x0083b1         Code  Gb  vreg_util.o [4]
?push_l0                  0x00837f         Code  Gb  vreg_util.o [4]
?push_l1                  0x008384         Code  Gb  vreg_util.o [4]
?push_w4                  0x008367         Code  Gb  vreg_util.o [4]
?sll16_x_x_a              0x008552         Code  Gb  short.o [4]
?w0                       0x000000         Data  Gb  vregs.o [4]
?w1                       0x000002         Data  Gb  vregs.o [4]
?w2                       0x000004         Data  Gb  vregs.o [4]
?w3                       0x000006         Data  Gb  vregs.o [4]
?w4                       0x000008         Data  Gb  vregs.o [4]
?w5                       0x00000a         Data  Gb  vregs.o [4]
ADC1_COMP_IRQHandler      0x008584    0x1  Code  Gb  stm8l15x_it.o [2]
CLK_HSICmd                0x008544    0xe  Code  Gb  stm8l15x_clk.o [2]
CLK_PeripheralClockConfig
                          0x00824b   0x8e  Code  Gb  stm8l15x_clk.o [2]
CLK_SYSCLKDivConfig       0x008563    0x4  Code  Gb  stm8l15x_clk.o [2]
CLK_SYSCLKSourceConfig    0x00855f    0x4  Code  Gb  stm8l15x_clk.o [2]
CSTACK$$Base              0x000600          --   Gb  - Linker created -
CSTACK$$Limit             0x000800          --   Gb  - Linker created -
DMA1_CHANNEL0_1_IRQHandler
                          0x008575    0x1  Code  Gb  stm8l15x_it.o [2]
DMA1_CHANNEL2_3_IRQHandler
                          0x008576    0x1  Code  Gb  stm8l15x_it.o [2]
EXTI0_IRQHandler          0x00857b    0x1  Code  Gb  stm8l15x_it.o [2]
EXTI1_IRQHandler          0x00857c    0x1  Code  Gb  stm8l15x_it.o [2]
EXTI2_IRQHandler          0x00857d    0x1  Code  Gb  stm8l15x_it.o [2]
EXTI3_IRQHandler          0x00857e    0x1  Code  Gb  stm8l15x_it.o [2]
EXTI4_IRQHandler          0x0084a5   0x1c  Code  Gb  stm8l15x_it.o [2]
EXTI5_IRQHandler          0x00857f    0x1  Code  Gb  stm8l15x_it.o [2]
EXTI6_IRQHandler          0x008580    0x1  Code  Gb  stm8l15x_it.o [2]
EXTI7_IRQHandler          0x008581    0x1  Code  Gb  stm8l15x_it.o [2]
EXTIB_G_IRQHandler        0x008579    0x1  Code  Gb  stm8l15x_it.o [2]
EXTID_H_IRQHandler        0x00857a    0x1  Code  Gb  stm8l15x_it.o [2]
EXTIE_F_PVD_IRQHandler    0x008578    0x1  Code  Gb  stm8l15x_it.o [2]
EXTI_ClearITPendingBit    0x008466   0x22  Code  Gb  stm8l15x_exti.o [2]
EXTI_SetPinSensitivity    0x008080  0x11f  Code  Gb  stm8l15x_exti.o [2]
EXTI_SetPortSensitivity
                          0x0083c4   0x55  Code  Gb  stm8l15x_exti.o [2]
FLASH_IRQHandler          0x008574    0x1  Code  Gb  stm8l15x_it.o [2]
GPIO_Init                 0x0082d9   0x8e  Code  Gb  stm8l15x_gpio.o [2]
I2C1_SPI2_IRQHandler      0x00858f    0x1  Code  Gb  stm8l15x_it.o [2]
INTVEC$$Base              0x008000          --   Gb  - Linker created -
INTVEC$$Limit             0x008080          --   Gb  - Linker created -
LCD_AES_IRQHandler        0x008582    0x1  Code  Gb  stm8l15x_it.o [2]
RTC_CSSLSE_IRQHandler     0x008577    0x1  Code  Gb  stm8l15x_it.o [2]
Region$$Table$$Base     0x00000000          --   Gb  - Linker created -
Region$$Table$$Limit    0x00000000          --   Gb  - Linker created -
SPI1_IRQHandler           0x00858c    0x1  Code  Gb  stm8l15x_it.o [2]
SWITCH_CSS_BREAK_DAC_IRQHandler
                          0x008583    0x1  Code  Gb  stm8l15x_it.o [2]
TIM1_CC_IRQHandler        0x00858a    0x1  Code  Gb  stm8l15x_it.o [2]
TIM1_UPD_OVF_TRG_COM_IRQHandler
                          0x008589    0x1  Code  Gb  stm8l15x_it.o [2]
TIM2_CC_USART2_RX_IRQHandler
                          0x008586    0x1  Code  Gb  stm8l15x_it.o [2]
TIM2_UPD_OVF_TRG_BRK_USART2_TX_IRQHandler
                          0x008585    0x1  Code  Gb  stm8l15x_it.o [2]
TIM3_CC_USART3_RX_IRQHandler
                          0x008588    0x1  Code  Gb  stm8l15x_it.o [2]
TIM3_UPD_OVF_TRG_BRK_USART3_TX_IRQHandler
                          0x008587    0x1  Code  Gb  stm8l15x_it.o [2]
TIM4_UPD_OVF_TRG_IRQHandler
                          0x00858b    0x1  Code  Gb  stm8l15x_it.o [2]
TRAP_IRQHandler           0x008573    0x1  Code  Gb  stm8l15x_it.o [2]
USART1_RX_TIM5_CC_IRQHandler
                          0x00858e    0x1  Code  Gb  stm8l15x_it.o [2]
USART1_TX_TIM5_UPD_OVF_TRG_BRK_IRQHandler
                          0x00858d    0x1  Code  Gb  stm8l15x_it.o [2]
__DebugBreak              0x008590    0x1  Code  Gb  __dbg_break.o [3]
__exit                    0x00851d   0x14  Code  Gb  __dbg_xxexit.o [3]
__iar_data_init2          0x008509   0x14  Code  Gb  init.o [4]
__iar_program_start       0x008531         Code  Gb  cstartup.o [4]
__iar_unhandled_exception
                          0x008570         Code  Gb  unhandled_exception.o [4]
__intvec                  0x008000         Data  Gb  interrupt.o [4]
__low_level_init          0x00856a    0x3  Code  Gb  low_level_init.o [4]
_exit                     0x00855a         Code  Gb  cexit.o [4]
_interrupt_1              0x008573         Code  Gb  stm8l15x_it.o [2]
_interrupt_10             0x00857b         Code  Gb  stm8l15x_it.o [2]
_interrupt_11             0x00857c         Code  Gb  stm8l15x_it.o [2]
_interrupt_12             0x00857d         Code  Gb  stm8l15x_it.o [2]
_interrupt_13             0x00857e         Code  Gb  stm8l15x_it.o [2]
_interrupt_14             0x0084a5         Code  Gb  stm8l15x_it.o [2]
_interrupt_15             0x00857f         Code  Gb  stm8l15x_it.o [2]
_interrupt_16             0x008580         Code  Gb  stm8l15x_it.o [2]
_interrupt_17             0x008581         Code  Gb  stm8l15x_it.o [2]
_interrupt_18             0x008582         Code  Gb  stm8l15x_it.o [2]
_interrupt_19             0x008583         Code  Gb  stm8l15x_it.o [2]
_interrupt_20             0x008584         Code  Gb  stm8l15x_it.o [2]
_interrupt_21             0x008585         Code  Gb  stm8l15x_it.o [2]
_interrupt_22             0x008586         Code  Gb  stm8l15x_it.o [2]
_interrupt_23             0x008587         Code  Gb  stm8l15x_it.o [2]
_interrupt_24             0x008588         Code  Gb  stm8l15x_it.o [2]
_interrupt_25             0x008589         Code  Gb  stm8l15x_it.o [2]
_interrupt_26             0x00858a         Code  Gb  stm8l15x_it.o [2]
_interrupt_27             0x00858b         Code  Gb  stm8l15x_it.o [2]
_interrupt_28             0x00858c         Code  Gb  stm8l15x_it.o [2]
_interrupt_29             0x00858d         Code  Gb  stm8l15x_it.o [2]
_interrupt_3              0x008574         Code  Gb  stm8l15x_it.o [2]
_interrupt_30             0x00858e         Code  Gb  stm8l15x_it.o [2]
_interrupt_31             0x00858f         Code  Gb  stm8l15x_it.o [2]
_interrupt_4              0x008575         Code  Gb  stm8l15x_it.o [2]
_interrupt_5              0x008576         Code  Gb  stm8l15x_it.o [2]
_interrupt_6              0x008577         Code  Gb  stm8l15x_it.o [2]
_interrupt_7              0x008578         Code  Gb  stm8l15x_it.o [2]
_interrupt_8              0x008579         Code  Gb  stm8l15x_it.o [2]
_interrupt_9              0x00857a         Code  Gb  stm8l15x_it.o [2]
bsp_clk_init              0x008419   0x4d  Code  Gb  bsp_conf.o [2]
bsp_gpio_init             0x00819f   0xac  Code  Gb  bsp_conf.o [2]
delay_ms_1                0x0084c1   0x1a  Code  Gb  delay.o [2]
delay_us_1                0x008488   0x1d  Code  Gb  delay.o [2]
exit                      0x00856d    0x3  Code  Gb  exit.o [4]
link_sta_detec            0x0084db   0x19  Code  Gb  user_app.o [2]
main                      0x0084f4   0x15  Code  Gb  main.o [2]


[1] = command line
[2] = d:\myfile_yan\BLE-MESH\BLE_MESH_PROJECT\out\Release
[3] = dbgstm8smd.a
[4] = dlstm8smn.a

  1 297 bytes of readonly  code memory
    128 bytes of readonly  data memory
    524 bytes of readwrite data memory

Errors: none
Warnings: none
